<142>May 10 21:48:35 2015 SJTU-Local5 mobileip[2025]: <500253> <INFO> <SJTU-Local5 10.190.5.1>  Binding: f4:09:d8:7b:23:32, 10.187.46.39: Previous: MIP_HA_UPDATE_REPLY Current State: MIP_HA_ACTIVE Previous COA: 10.190.3.1 Current COA: 10.190.3.1 HomeVlan: 1005 Current FA Vlan: 1003 event: Binding Updated from RRQ at line 2928
<142>May 10 21:48:35 2015 SJTU-Local5 mobileip[2025]: <500253> <INFO> <SJTU-Local5 10.190.5.1>  Binding: f4:09:d8:7b:23:32, 10.187.46.39: Previous: MIP_HA_UPDATE_REPLY Current State: MIP_HA_ACTIVE Previous COA: 10.190.3.1 Current COA: 10.190.3.1 HomeVlan: 1005 Current FA Vlan: 1003 event: Active Binding Updated at line 1438
<142>May 10 21:56:14 2015 SJTU-Local3 mobileip[2028]: <500157> <INFO> <SJTU-Local3 10.190.3.1>  Visitor: f4:09:d8:7b:23:32, 10.187.46.39 Previous: MIP_FA_FIND_UPDATES Current State: MIP_FA_ACTIVE Proxy MN: 10.187.46.39 Home agent: 10.190.5.1 HomeVlan: 1005 Current Vlan: 1003 event: Active Visitor Updated at line 2413
<141>May 10 21:56:39 2015 10.192.32.22 stm[684]: <501109> <NOTI> |AP MH-17#-OUT@10.192.32.22 stm|  Auth request: f4:09:d8:7b:23:32: AP 10.192.32.22-00:24:6c:59:ba:b8-MH-17#-OUT auth_alg 0
<141>May 10 21:56:39 2015 10.192.32.22 stm[684]: <501093> <NOTI> |AP MH-17#-OUT@10.192.32.22 stm|  Auth success: f4:09:d8:7b:23:32: AP 10.192.32.22-00:24:6c:59:ba:b8-MH-17#-OUT
<141>May 10 21:56:39 2015 SJTU-Local3 stm[2012]: <501095> <NOTI> <SJTU-Local3 10.190.3.1>  Assoc request @ 21:56:39.748768: f4:09:d8:7b:23:32 (SN 2931): AP 10.192.32.22-00:24:6c:59:ba:b8-MH-17#-OUT
<142>May 10 21:56:39 2015 SJTU-Local3 authmgr[2247]: <522036> <INFO> <SJTU-Local3 10.190.3.1>  MAC=f4:09:d8:7b:23:32 Station DN: BSSID=00:24:6c:59:d9:a0 ESSID=SJTU VLAN=1003 AP-name=MH-student-D22-47#-OUT
<141>May 10 21:56:39 2015 10.192.32.22 stm[684]: <501095> <NOTI> |AP MH-17#-OUT@10.192.32.22 stm|  Assoc request @ 21:56:39.380015: f4:09:d8:7b:23:32 (SN 2931): AP 10.192.32.22-00:24:6c:59:ba:b8-MH-17#-OUT
<142>May 10 21:56:39 2015 SJTU-Local3 mobileip[2028]: <500157> <INFO> <SJTU-Local3 10.190.3.1>  Visitor: f4:09:d8:7b:23:32, 10.187.46.39 Previous: MIP_FA_FIND_UPDATES Current State: MIP_FA_ACTIVE Proxy MN: 10.187.46.39 Home agent: 10.190.5.1 HomeVlan: 1005 Current Vlan: 1003 event: Visitor Go Stale at line 3100
<141>May 10 21:56:39 2015 10.192.32.22 stm[684]: <501100> <NOTI> |AP MH-17#-OUT@10.192.32.22 stm|  Assoc success @ 21:56:39.381194: f4:09:d8:7b:23:32: AP 10.192.32.22-00:24:6c:59:ba:b8-MH-17#-OUT
<142>May 10 21:56:39 2015 SJTU-Local3 mobileip[2382]: <500157> <INFO> <SJTU-Local3 10.190.3.1>  Visitor: f4:09:d8:7b:23:32, 10.187.46.39 Previous: MIP_FA_FIND_UPDATES Current State: MIP_FA_ACTIVE Proxy MN: 10.187.46.39 Home agent: 10.190.5.1 HomeVlan: 1005 Current Vlan: 1003 event: Visitor Go Stale at line 3100
<141>May 10 21:56:39 2015 SJTU-Local3 stm[2012]: <501080> <NOTI> <SJTU-Local3 10.190.3.1>  Deauth to sta: f4:09:d8:7b:23:32: Ageout AP 10.192.32.16-00:24:6c:59:d9:a0-MH-student-D22-47#-OUT STA has roamed to another AP
<142>May 10 21:56:39 2015 SJTU-Local3 wms[1921]: <316251> <INFO> <SJTU-Local3 10.190.3.1>  Sending New-STA Message for Client: MAC=f4:09:d8:7b:23:32 BSSID=00:24:6c:59:ba:b8 Phy-type=1 Rsta-type=interfering
<141>May 10 21:56:39 2015 SJTU-Local3 stm[2012]: <501100> <NOTI> <SJTU-Local3 10.190.3.1>  Assoc success @ 21:56:39.752980: f4:09:d8:7b:23:32: AP 10.192.32.22-00:24:6c:59:ba:b8-MH-17#-OUT
<141>May 10 21:56:39 2015 10.192.32.16 stm[684]: <501105> <NOTI> |AP MH-student-D22-47#-OUT@10.192.32.16 stm|  Deauth from sta: f4:09:d8:7b:23:32: AP 10.192.32.16-00:24:6c:59:d9:a0-MH-student-D22-47#-OUT Reason STA has roamed to another AP
<142>May 10 21:56:39 2015 SJTU-Local3 mobileip[2382]: <500992> <INFO> <SJTU-Local3 10.190.3.1>  Station f4:09:d8:7b:23:32: Assoc event triggered; Current State MIP_PROXY_ACTIVE, Previous State MIP_PROXY_FIND_HOME_AGENT, HA discovery triggered 0 event RECEIVE_ASSOCIATION at line 3635
<142>May 10 21:56:39 2015 SJTU-Local3 mobileip[2382]: <500157> <INFO> <SJTU-Local3 10.190.3.1>  Visitor: f4:09:d8:7b:23:32, 10.187.46.39 Previous: MIP_FA_FIND_UPDATES Current State: MIP_FA_ACTIVE Proxy MN: 10.187.46.39 Home agent: 10.190.5.1 HomeVlan: 1005 Current Vlan: 1003 event: Visitor Stop Stale at line 3121
<142>May 10 21:56:39 2015 SJTU-Local3 authmgr[2247]: <522035> <INFO> <SJTU-Local3 10.190.3.1>  MAC=f4:09:d8:7b:23:32 Station UP: BSSID=00:24:6c:59:ba:b8 ESSID=SJTU VLAN=1003 AP-name=MH-17#-OUT
<142>May 10 21:56:39 2015 SJTU-Local3 authmgr[2247]: <522044> <INFO> <SJTU-Local3 10.190.3.1>  MAC=f4:09:d8:7b:23:32 Station authenticate(start): method=802.1x, role=sjtu-user/sjtu-user//sjtu-user, VLAN=1003/1003, Derivation=1/0, Value Pair=0, flags=0x8
<142>May 10 21:56:39 2015 SJTU-Local3 authmgr[2247]: <522049> <INFO> <SJTU-Local3 10.190.3.1>  MAC=f4:09:d8:7b:23:32,IP=N/A User role updated, existing Role=sjtu-user/none, new Role=sjtu-user/none, reason=Station Authenticated with auth type: 4
<142>May 10 21:56:39 2015 SJTU-Local3 authmgr[2247]: <522050> <INFO> <SJTU-Local3 10.190.3.1>  MAC=f4:09:d8:7b:23:32,IP=N/A User data downloaded to datapath, new Role=sjtu-user/73, bw Contract=0/0, reason=Download driven by user role setting, idle-timeout=300
<142>May 10 21:56:39 2015 SJTU-Local3 authmgr[2247]: <522029> <INFO> <SJTU-Local3 10.190.3.1>  MAC=f4:09:d8:7b:23:32 Station authenticate: method=802.1x, role=sjtu-user/sjtu-user//sjtu-user, VLAN=1003/1003, Derivation=1/1, Value Pair=0
<142>May 10 21:56:39 2015 SJTU-Local3 authmgr[2011]: <522050> <INFO> <SJTU-Local3 10.190.3.1>  MAC=f4:09:d8:7b:23:32,IP=N/A User data downloaded to datapath, new Role=sys_mip_role_141d0_1618/97, bw Contract=0/0, reason=MM Intermove for user, idle-timeout=300
<142>May 10 21:49:00 2015 SJTU-Local5 mobileip[2025]: <500253> <INFO> <SJTU-Local5 10.190.5.1>  Binding: f4:09:d8:7b:23:32, 10.187.46.39: Previous: MIP_HA_UPDATE_REPLY Current State: MIP_HA_ACTIVE Previous COA: 10.190.3.1 Current COA: 10.190.3.1 HomeVlan: 1005 Current FA Vlan: 1003 event: Binding Updated from RRQ at line 2928
<142>May 10 21:49:00 2015 SJTU-Local5 authmgr[2009]: <522106> <INFO> <SJTU-Local5 10.190.5.1>  MAC=f4:09:d8:7b:23:32 IP=10.187.46.39 MOBILITY AUTH UPDATE: no mac user found
<141>May 10 21:49:00 2015 SJTU-Local5 mobileip[2025]: <500010> <NOTI> <SJTU-Local5 10.190.5.1>  Station f4:09:d8:7b:23:32, 10.187.46.39: Mobility trail, on switch 10.190.5.1, VLAN 1003, AP MH-17#-OUT, SJTU/00:24:6c:59:ba:b8/a
<142>May 10 21:49:00 2015 SJTU-Local5 mobileip[2025]: <500253> <INFO> <SJTU-Local5 10.190.5.1>  Binding: f4:09:d8:7b:23:32, 10.187.46.39: Previous: MIP_HA_UPDATE_REPLY Current State: MIP_HA_ACTIVE Previous COA: 10.190.3.1 Current COA: 10.190.3.1 HomeVlan: 1005 Current FA Vlan: 1003 event: Binding Update Failure at line 1546
<141>May 10 21:56:39 2015 SJTU-Local3 mobileip[2028]: <500518> <NOTI> <SJTU-Local3 10.190.3.1>  Station f4:09:d8:7b:23:32 : Update Mobility Mcast-Group table, bssid 00:24:6c:59:ba:b8, home vlan:1005, Lkup Tunnel:0x10652, Dest Tunnel:0x1052d, action DEL (delete visitor)
<142>May 10 21:56:39 2015 SJTU-Local3 mobileip[2028]: <500157> <INFO> <SJTU-Local3 10.190.3.1>  Visitor: f4:09:d8:7b:23:32, 10.187.46.39 Previous: MIP_FA_VERIFY_STATE Current State: MIP_FA_INIT Proxy MN: 10.187.46.39 Home agent: 10.190.5.1 HomeVlan: 1005 Current Vlan: 1003 event: Visitor Deleted at line 2554
<142>May 10 21:56:40 2015 SJTU-Local3 authmgr[2011]: <522038> <INFO> <SJTU-Local3 10.190.3.1>  username=chen_xm MAC=f4:09:d8:7b:23:32 IP=0.0.0.0 Authentication result=Authentication Successful method=802.1x server=sjtu-radius-new
<142>May 10 21:56:40 2015 SJTU-Local3 authmgr[2011]: <124003> <INFO> <SJTU-Local3 10.190.3.1>  Authentication result=Authentication Successful(0), method=802.1x, server=sjtu-radius-new, user=f4:09:d8:7b:23:32
<142>May 10 21:56:40 2015 SJTU-Local3 authmgr[2011]: <522044> <INFO> <SJTU-Local3 10.190.3.1>  MAC=f4:09:d8:7b:23:32 Station authenticate(start): method=802.1x, role=sys_mip_role_141d0_1618/sjtu-user//sjtu-user, VLAN=1003/1003, Derivation=1/1, Value Pair=1, flags=0x8
<142>May 10 21:56:40 2015 SJTU-Local3 authmgr[2011]: <522049> <INFO> <SJTU-Local3 10.190.3.1>  MAC=f4:09:d8:7b:23:32,IP=N/A User role updated, existing Role=sjtu-user/sys_mip_role_141d0_1618, new Role=sjtu-user/sys_mip_role_141d0_1618, reason=Station Authenticated with auth type: 4
<142>May 10 21:56:40 2015 SJTU-Local3 authmgr[2011]: <522029> <INFO> <SJTU-Local3 10.190.3.1>  MAC=f4:09:d8:7b:23:32 Station authenticate: method=802.1x, role=sys_mip_role_141d0_1618/sjtu-user//sjtu-user, VLAN=1003/1003, Derivation=1/1, Value Pair=1
<142>May 10 21:49:16 2015 SJTU-Local5 mobileip[2025]: <500253> <INFO> <SJTU-Local5 10.190.5.1>  Binding: f4:09:d8:7b:23:32, 10.187.46.39: Previous: MIP_HA_ACTIVE Current State: MIP_HA_DELETE_REVOKE Previous COA: 10.190.3.1 Current COA: 10.190.3.1 HomeVlan: 1005 Current FA Vlan: 1003 event: HA revoking registration at line 2051
<142>May 10 21:49:17 2015 SJTU-Local5 mobileip[2025]: <500253> <INFO> <SJTU-Local5 10.190.5.1>  Binding: f4:09:d8:7b:23:32, 10.187.46.39: Previous: MIP_HA_DELETE_REVOKE Current State: MIP_HA_DELETE_REVOKE Previous COA: 10.190.3.1 Current COA: 10.190.3.1 HomeVlan: 1005 Current FA Vlan: 1003 event: HA revoking registration at line 2051
<142>May 10 21:49:18 2015 SJTU-Local5 mobileip[2025]: <500253> <INFO> <SJTU-Local5 10.190.5.1>  Binding: f4:09:d8:7b:23:32, 10.187.46.39: Previous: MIP_HA_DELETE_REVOKE Current State: MIP_HA_DELETE_REVOKE Previous COA: 10.190.3.1 Current COA: 10.190.3.1 HomeVlan: 1005 Current FA Vlan: 1003 event: HA revoking registration at line 2051
<142>May 10 21:49:19 2015 SJTU-Local5 mobileip[2025]: <500253> <INFO> <SJTU-Local5 10.190.5.1>  Binding: f4:09:d8:7b:23:32, 10.187.46.39: Previous: MIP_HA_DELETE_REVOKE Current State: MIP_HA_DELETE_REVOKE Previous COA: 10.190.3.1 Current COA: 10.190.3.1 HomeVlan: 1005 Current FA Vlan: 1003 event: HA revoking registration at line 2051
<141>May 10 21:49:20 2015 SJTU-Local5 mobileip[2025]: <500518> <NOTI> <SJTU-Local5 10.190.5.1>  Station f4:09:d8:7b:23:32 : Update Mobility Mcast-Group table, bssid 00:24:6c:59:ba:b8, home vlan:1005, Lkup Tunnel:0x0, Dest Tunnel:0x10f53, action DEL
<142>May 10 21:49:20 2015 SJTU-Local5 mobileip[2025]: <500253> <INFO> <SJTU-Local5 10.190.5.1>  Binding: f4:09:d8:7b:23:32, 10.187.46.39: Previous: MIP_HA_DELETE_REPLY Current State: MIP_HA_INIT Previous COA: 10.190.3.1 Current COA: 10.190.3.1 HomeVlan: 1005 Current FA Vlan: 1003 event: Binding Deleted at line 1817
<142>May 10 21:50:22 2015 SJTU-Local5 mobileip[2025]: <500007> <INFO> <SJTU-Local5 10.190.5.1>  Station f4:09:d8:7b:23:32, 10.187.46.39: Mobility stale entry timeout, station state will be deleted
<141>May 10 21:51:24 2015 SJTU-Local5 stm[2010]: <501095> <NOTI> <SJTU-Local5 10.190.5.1>  Assoc request @ 21:51:24.000442: f4:09:d8:7b:23:32 (SN 3591): AP 10.192.32.77-6c:f3:7f:34:9a:48-XSFWZX-1F-01
<141>May 10 21:51:24 2015 SJTU-Local5 stm[2010]: <501100> <NOTI> <SJTU-Local5 10.190.5.1>  Assoc success @ 21:51:24.001392: f4:09:d8:7b:23:32: AP 10.192.32.77-6c:f3:7f:34:9a:48-XSFWZX-1F-01
<141>May 10 21:51:24 2015 10.192.32.77 stm[679]: <501109> <NOTI> |AP XSFWZX-1F-01@10.192.32.77 stm|  Auth request: f4:09:d8:7b:23:32: AP 10.192.32.77-6c:f3:7f:34:9a:48-XSFWZX-1F-01 auth_alg 0
<142>May 10 21:51:24 2015 SJTU-Local5 authmgr[2245]: <522035> <INFO> <SJTU-Local5 10.190.5.1>  MAC=f4:09:d8:7b:23:32 Station UP: BSSID=6c:f3:7f:34:9a:48 ESSID=SJTU VLAN=1005 AP-name=XSFWZX-1F-01
<141>May 10 21:51:24 2015 10.192.32.77 stm[679]: <501093> <NOTI> |AP XSFWZX-1F-01@10.192.32.77 stm|  Auth success: f4:09:d8:7b:23:32: AP 10.192.32.77-6c:f3:7f:34:9a:48-XSFWZX-1F-01
<141>May 10 21:51:24 2015 10.192.32.77 stm[679]: <501095> <NOTI> |AP XSFWZX-1F-01@10.192.32.77 stm|  Assoc request @ 21:51:23.653146: f4:09:d8:7b:23:32 (SN 3591): AP 10.192.32.77-6c:f3:7f:34:9a:48-XSFWZX-1F-01
<142>May 10 21:51:24 2015 SJTU-Local5 mobileip[2376]: <500004> <INFO> <SJTU-Local5 10.190.5.1>  Station f4:09:d8:7b:23:32, : Created mobility state for new station
<141>May 10 21:51:24 2015 10.192.32.77 stm[679]: <501100> <NOTI> |AP XSFWZX-1F-01@10.192.32.77 stm|  Assoc success @ 21:51:23.654283: f4:09:d8:7b:23:32: AP 10.192.32.77-6c:f3:7f:34:9a:48-XSFWZX-1F-01
<142>May 10 21:51:24 2015 SJTU-Local5 authmgr[2245]: <522050> <INFO> <SJTU-Local5 10.190.5.1>  MAC=f4:09:d8:7b:23:32,IP=N/A User data downloaded to datapath, new Role=sjtu-user/71, bw Contract=0/0, reason=layer 2 event driven download, idle-timeout=300
<142>May 10 21:51:24 2015 SJTU-Local5 mobileip[2025]: <500157> <INFO> <SJTU-Local5 10.190.5.1>  Visitor: f4:09:d8:7b:23:32,  Previous: MIP_FA_PENDING_WAIT_DISCOVERY Current State: MIP_FA_INIT Proxy MN: 169.254.255.255 Home agent: 0.0.0.0 HomeVlan: 0 Current Vlan: 1005 event: Visitor Deleted at line 2554
<142>May 10 21:51:24 2015 SJTU-Local5 mobileip[2025]: <500073> <INFO> <SJTU-Local5 10.190.5.1>  Station f4:09:d8:7b:23:32, : HA discovery did not find a remote session: THIS will be the home switch
<142>May 10 21:51:24 2015 SJTU-Local5 authmgr[2009]: <522050> <INFO> <SJTU-Local5 10.190.5.1>  MAC=f4:09:d8:7b:23:32,IP=N/A User data downloaded to datapath, new Role=(null)/0, bw Contract=0/0, reason=Intra MM move for user, idle-timeout=300
<141>May 10 21:51:24 2015 SJTU-Local5 mobileip[2025]: <500010> <NOTI> <SJTU-Local5 10.190.5.1>  Station f4:09:d8:7b:23:32, 10.187.46.39: Mobility trail, on switch 10.190.5.1, VLAN 1005, AP XSFWZX-1F-01, SJTU/6c:f3:7f:34:9a:48/a
<142>May 10 21:51:35 2015 SJTU-Local5 authmgr[2009]: <522038> <INFO> <SJTU-Local5 10.190.5.1>  username=chen_xm MAC=f4:09:d8:7b:23:32 IP=0.0.0.0 Authentication result=Authentication Successful method=802.1x server=sjtu-radius-new
<142>May 10 21:51:35 2015 SJTU-Local5 authmgr[2009]: <124003> <INFO> <SJTU-Local5 10.190.5.1>  Authentication result=Authentication Successful(0), method=802.1x, server=sjtu-radius-new, user=f4:09:d8:7b:23:32
<142>May 10 21:51:35 2015 SJTU-Local5 authmgr[2009]: <522044> <INFO> <SJTU-Local5 10.190.5.1>  MAC=f4:09:d8:7b:23:32 Station authenticate(start): method=802.1x, role=sjtu-user///sjtu-user, VLAN=1005/1005, Derivation=10/0, Value Pair=1, flags=0x8
<142>May 10 21:51:35 2015 SJTU-Local5 authmgr[2009]: <522049> <INFO> <SJTU-Local5 10.190.5.1>  MAC=f4:09:d8:7b:23:32,IP=N/A User role updated, existing Role=sjtu-user/none, new Role=sjtu-user/none, reason=Station Authenticated with auth type: 4
<142>May 10 21:51:35 2015 SJTU-Local5 authmgr[2009]: <522050> <INFO> <SJTU-Local5 10.190.5.1>  MAC=f4:09:d8:7b:23:32,IP=N/A User data downloaded to datapath, new Role=(null)/0, bw Contract=0/0, reason=Download driven by user role setting, idle-timeout=300
<142>May 10 21:51:35 2015 SJTU-Local5 authmgr[2009]: <522029> <INFO> <SJTU-Local5 10.190.5.1>  MAC=f4:09:d8:7b:23:32 Station authenticate: method=802.1x, role=sjtu-user///sjtu-user, VLAN=1005/1005, Derivation=1/1, Value Pair=1
<142>May 10 21:51:36 2015 SJTU-Local5 authmgr[2009]: <522026> <INFO> <SJTU-Local5 10.190.5.1>  MAC=f4:09:d8:7b:23:32 IP=0.0.0.0 User miss: ingress=0x10ed7, VLAN=1005 flags=0x48
<142>May 10 21:51:40 2015 SJTU-Local5 authmgr[2009]: <522026> <INFO> <SJTU-Local5 10.190.5.1>  MAC=f4:09:d8:7b:23:32 IP=10.184.100.199 User miss: ingress=0x10ed7, VLAN=1005 flags=0x8040
<142>May 10 21:51:40 2015 SJTU-Local5 authmgr[2009]: <522049> <INFO> <SJTU-Local5 10.190.5.1>  MAC=f4:09:d8:7b:23:32,IP=0.0.0.0 User role updated, existing Role=sjtu-user/none, new Role=sjtu-user/sjtu-user, reason=First IP user created
<142>May 10 21:51:40 2015 SJTU-Local5 authmgr[2009]: <522006> <INFO> <SJTU-Local5 10.190.5.1>  MAC=f4:09:d8:7b:23:32 IP=10.184.100.199 User entry added: reason=Sibtye
<141>May 10 21:51:40 2015 SJTU-Local5 authmgr[2009]: <522008> <NOTI> <SJTU-Local5 10.190.5.1>  User Authentication Successful: username=chen_xm MAC=f4:09:d8:7b:23:32 IP=10.184.100.199 role=sjtu-user VLAN=1005 AP=XSFWZX-1F-01 SSID=SJTU AAA profile=sjtu-dot1x-aaa-profile auth method=802.1x auth server=sjtu-radius-new
<142>May 10 21:51:40 2015 SJTU-Local5 authmgr[2009]: <522050> <INFO> <SJTU-Local5 10.190.5.1>  MAC=f4:09:d8:7b:23:32,IP=10.184.100.199 User data downloaded to datapath, new Role=sjtu-user/71, bw Contract=0/0, reason=New user IP processing, idle-timeout=300
<142>May 10 21:51:40 2015 SJTU-Local5 authmgr[2009]: <522038> <INFO> <SJTU-Local5 10.190.5.1>  username=chen_xm MAC=f4:09:d8:7b:23:32 IP=10.184.100.199 Authentication result=Authentication Successful method=radius-accounting server=sjtu-radius-new
<142>May 10 21:51:40 2015 SJTU-Local5 authmgr[2009]: <124003> <INFO> <SJTU-Local5 10.190.5.1>  Authentication result=Authentication Successful(0), method=radius-accounting, server=sjtu-radius-new, user=f4:09:d8:7b:23:32
<142>May 10 21:51:41 2015 SJTU-Local5 mdns[2089]: <527004> <INFO> <SJTU-Local5 10.190.5.1>  mdns_parse_auth_useradd_message 250 Auth User ADD: MAC:f4:09:d8:7b:23:32, IP:10.184.100.199, VLAN:1005, Role:sjtu-user Name:chen_xm APName:XSFWZX-1F-01 Type:1
<142>May 10 21:51:47 2015 SJTU-Local5 authmgr[2009]: <522026> <INFO> <SJTU-Local5 10.190.5.1>  MAC=f4:09:d8:7b:23:32 IP=fe80::f609:d8ff:fe7b:2332 User miss: ingress=0x10ed7, VLAN=1005 flags=0x40
<142>May 10 21:51:47 2015 SJTU-Local5 authmgr[2009]: <522006> <INFO> <SJTU-Local5 10.190.5.1>  MAC=f4:09:d8:7b:23:32 IP=fe80::f609:d8ff:fe7b:2332 User entry added: reason=Sibtye
<142>May 10 21:51:47 2015 SJTU-Local5 authmgr[2009]: <522050> <INFO> <SJTU-Local5 10.190.5.1>  MAC=f4:09:d8:7b:23:32,IP=fe80::f609:d8ff:fe7b:2332 User data downloaded to datapath, new Role=sjtu-user/71, bw Contract=0/0, reason=New IP user created, idle-timeout=300
<142>May 10 21:51:52 2015 SJTU-Local5 mdns[2089]: <527004> <INFO> <SJTU-Local5 10.190.5.1>  mdns_parse_auth_useradd_message 250 Auth User ADD: MAC:f4:09:d8:7b:23:32, IP:fe80::f609:d8ff:fe7b:2332, VLAN:1005, Role:sjtu-user Name:chen_xm APName:XSFWZX-1F-01 Type:1
<141>May 10 22:15:02 2015 SJTU-Local3 stm[2012]: <501114> <NOTI> <SJTU-Local3 10.190.3.1>  Deauth from sta: f4:09:d8:7b:23:32: AP 10.192.32.22-00:24:6c:59:ba:b8-MH-17#-OUT Reason 255
<141>May 10 22:15:02 2015 10.192.32.22 stm[684]: <501106> <NOTI> |AP MH-17#-OUT@10.192.32.22 stm|  Deauth to sta: f4:09:d8:7b:23:32: Ageout AP 10.192.32.22-00:24:6c:59:ba:b8-MH-17#-OUT handle_sapcp
<142>May 10 22:15:02 2015 SJTU-Local3 authmgr[2247]: <522036> <INFO> <SJTU-Local3 10.190.3.1>  MAC=f4:09:d8:7b:23:32 Station DN: BSSID=00:24:6c:59:ba:b8 ESSID=SJTU VLAN=1003 AP-name=MH-17#-OUT
<141>May 10 22:15:02 2015 10.192.32.22 stm[684]: <501080> <NOTI> |AP MH-17#-OUT@10.192.32.22 stm|  Deauth to sta: f4:09:d8:7b:23:32: Ageout AP 10.192.32.22-00:24:6c:59:ba:b8-MH-17#-OUT Sapcp Ageout (internal ageout)
<141>May 10 22:08:29 2015 10.192.32.77 stm[679]: <501106> <NOTI> |AP XSFWZX-1F-01@10.192.32.77 stm|  Deauth to sta: f4:09:d8:7b:23:32: Ageout AP 10.192.32.77-6c:f3:7f:34:9a:48-XSFWZX-1F-01 handle_sapcp
<141>May 10 22:08:29 2015 SJTU-Local5 stm[2010]: <501114> <NOTI> <SJTU-Local5 10.190.5.1>  Deauth from sta: f4:09:d8:7b:23:32: AP 10.192.32.77-6c:f3:7f:34:9a:48-XSFWZX-1F-01 Reason 255
<141>May 10 22:08:29 2015 10.192.32.77 stm[679]: <501080> <NOTI> |AP XSFWZX-1F-01@10.192.32.77 stm|  Deauth to sta: f4:09:d8:7b:23:32: Ageout AP 10.192.32.77-6c:f3:7f:34:9a:48-XSFWZX-1F-01 Sapcp Ageout (internal ageout)
<142>May 10 22:08:29 2015 SJTU-Local5 authmgr[2245]: <522036> <INFO> <SJTU-Local5 10.190.5.1>  MAC=f4:09:d8:7b:23:32 Station DN: BSSID=6c:f3:7f:34:9a:48 ESSID=SJTU VLAN=1005 AP-name=XSFWZX-1F-01
<142>May 10 22:08:29 2015 SJTU-Local5 authmgr[2245]: <522005> <INFO> <SJTU-Local5 10.190.5.1>  MAC=f4:09:d8:7b:23:32 IP=10.184.100.199 User entry deleted: reason=essid change
<142>May 10 22:08:29 2015 SJTU-Local5 authmgr[2245]: <522005> <INFO> <SJTU-Local5 10.190.5.1>  MAC=f4:09:d8:7b:23:32 IP=fe80::f609:d8ff:fe7b:2332 User entry deleted: reason=idle timeout
<142>May 10 22:08:29 2015 SJTU-Local5 authmgr[2245]: <522050> <INFO> <SJTU-Local5 10.190.5.1>  MAC=f4:09:d8:7b:23:32,IP=N/A User data downloaded to datapath, new Role=sjtu-user/71, bw Contract=0/0, reason=Station resetting role, idle-timeout=300
<142>May 10 22:08:29 2015 SJTU-Local5 authmgr[2009]: <522038> <INFO> <SJTU-Local5 10.190.5.1>  username=chen_xm MAC=f4:09:d8:7b:23:32 IP=10.184.100.199 Authentication result=Authentication Successful method=radius-accounting server=sjtu-radius-new
<142>May 10 22:08:29 2015 SJTU-Local5 authmgr[2009]: <124003> <INFO> <SJTU-Local5 10.190.5.1>  Authentication result=Authentication Successful(0), method=radius-accounting, server=sjtu-radius-new, user=f4:09:d8:7b:23:32
<142>May 10 22:08:30 2015 SJTU-Local5 mdns[2089]: <527004> <INFO> <SJTU-Local5 10.190.5.1>  mdns_parse_auth_useridle_message 197 Auth User Idle Timeout: MAC:f4:09:d8:7b:23:32, WIRED:0, FW:0, VLAN:1005, IP:10.184.100.199, BSSID:6c:f3:7f:34:9a:48, AGE:1026,
<142>May 10 22:08:30 2015 SJTU-Local5 mdns[2089]: <527004> <INFO> <SJTU-Local5 10.190.5.1>  mdns_parse_auth_useridle_message 197 Auth User Idle Timeout: MAC:f4:09:d8:7b:23:32, WIRED:0, FW:0, VLAN:1005, IP:fe80::f609:d8ff:fe7b:2332, BSSID:6c:f3:7f:34:9a:48, AGE:1026,
<142>May 11 01:00:14 2015 SJTU-Local3 wms[1921]: <316095> <INFO> <SJTU-Local3 10.190.3.1>  Ageing STA f4:09:d8:7b:23:32
<142>May 11 01:00:15 2015 SJTU-Local3 wms[1921]: <316095> <INFO> <SJTU-Local3 10.190.3.1>  Ageing STA f4:09:d8:7b:23:32
<142>May 11 01:12:29 2015 SJTU-Local2 wms[1948]: <316095> <INFO> <SJTU-Local2 10.190.2.1>  Ageing STA f4:09:d8:7b:23:32
<142>May 11 01:09:38 2015 SJTU-Local5 wms[1937]: <316095> <INFO> <SJTU-Local5 10.190.5.1>  Ageing STA f4:09:d8:7b:23:32
<142>May 10 11:56:13 2015 SJTU-Local3 wms[1921]: <316095> <INFO> <SJTU-Local3 10.190.3.1>  Ageing STA f4:09:d8:7b:23:32
<142>May 10 11:56:18 2015 SJTU-Local3 wms[1921]: <316096> <INFO> <SJTU-Local3 10.190.3.1>  Ageing STA tree node  MAC f4:09:d8:7b:23:32 Monitor 6c:f3:7f:cb:64:34
<142>May 10 11:56:18 2015 SJTU-Local3 wms[1921]: <316096> <INFO> <SJTU-Local3 10.190.3.1>  Ageing STA tree node  MAC f4:09:d8:7b:23:32 Monitor 6c:f3:7f:cb:65:ac
<142>May 10 12:09:00 2015 SJTU-Local5 wms[1937]: <316095> <INFO> <SJTU-Local5 10.190.5.1>  Ageing STA f4:09:d8:7b:23:32
<142>May 10 12:09:00 2015 SJTU-Local5 wms[1937]: <316095> <INFO> <SJTU-Local5 10.190.5.1>  Ageing STA f4:09:d8:7b:23:32
<142>May 10 12:09:03 2015 SJTU-Local5 wms[1937]: <316096> <INFO> <SJTU-Local5 10.190.5.1>  Ageing STA tree node  MAC f4:09:d8:7b:23:32 Monitor 6c:f3:7f:cd:ac:ca
<142>May 10 12:29:19 2015 SJTU-Local3 wms[1921]: <316095> <INFO> <SJTU-Local3 10.190.3.1>  Ageing STA f4:09:d8:7b:23:32
<142>May 10 12:29:26 2015 SJTU-Local3 wms[1921]: <316096> <INFO> <SJTU-Local3 10.190.3.1>  Ageing STA tree node  MAC f4:09:d8:7b:23:32 Monitor 6c:f3:7f:cb:65:a9
<142>May 10 12:29:27 2015 SJTU-Local3 wms[1921]: <316096> <INFO> <SJTU-Local3 10.190.3.1>  Ageing STA tree node  MAC f4:09:d8:7b:23:32 Monitor d8:c7:c8:c8:22:04
<141>May 11 10:06:21 2015 10.192.32.36 stm[679]: <501109> <NOTI> |AP XSFWZX-1F-02@10.192.32.36 stm|  Auth request: f4:09:d8:7b:23:32: AP 10.192.32.36-6c:f3:7f:34:9b:c8-XSFWZX-1F-02 auth_alg 0
<141>May 11 10:06:21 2015 SJTU-Local5 stm[2010]: <501095> <NOTI> <SJTU-Local5 10.190.5.1>  Assoc request @ 10:06:21.885328: f4:09:d8:7b:23:32 (SN 3445): AP 10.192.32.36-6c:f3:7f:34:9b:c8-XSFWZX-1F-02
<141>May 11 10:06:21 2015 SJTU-Local5 stm[2010]: <501100> <NOTI> <SJTU-Local5 10.190.5.1>  Assoc success @ 10:06:21.886932: f4:09:d8:7b:23:32: AP 10.192.32.36-6c:f3:7f:34:9b:c8-XSFWZX-1F-02
<142>May 11 10:06:21 2015 SJTU-Local5 authmgr[2245]: <522035> <INFO> <SJTU-Local5 10.190.5.1>  MAC=f4:09:d8:7b:23:32 Station UP: BSSID=6c:f3:7f:34:9b:c8 ESSID=SJTU VLAN=1005 AP-name=XSFWZX-1F-02
<141>May 11 10:06:21 2015 10.192.32.36 stm[679]: <501093> <NOTI> |AP XSFWZX-1F-02@10.192.32.36 stm|  Auth success: f4:09:d8:7b:23:32: AP 10.192.32.36-6c:f3:7f:34:9b:c8-XSFWZX-1F-02
<142>May 11 10:06:21 2015 SJTU-Local5 mobileip[2376]: <500004> <INFO> <SJTU-Local5 10.190.5.1>  Station f4:09:d8:7b:23:32, : Created mobility state for new station
<141>May 11 10:06:21 2015 10.192.32.36 stm[679]: <501095> <NOTI> |AP XSFWZX-1F-02@10.192.32.36 stm|  Assoc request @ 10:06:21.488800: f4:09:d8:7b:23:32 (SN 3445): AP 10.192.32.36-6c:f3:7f:34:9b:c8-XSFWZX-1F-02
<142>May 11 10:06:21 2015 SJTU-Local5 wms[1937]: <316251> <INFO> <SJTU-Local5 10.190.5.1>  Sending New-STA Message for Client: MAC=f4:09:d8:7b:23:32 BSSID=6c:f3:7f:34:9b:c8 Phy-type=1 Rsta-type=interfering
<141>May 11 10:06:21 2015 10.192.32.36 stm[679]: <501100> <NOTI> |AP XSFWZX-1F-02@10.192.32.36 stm|  Assoc success @ 10:06:21.490364: f4:09:d8:7b:23:32: AP 10.192.32.36-6c:f3:7f:34:9b:c8-XSFWZX-1F-02
<142>May 11 10:06:21 2015 SJTU-Local5 authmgr[2245]: <522050> <INFO> <SJTU-Local5 10.190.5.1>  MAC=f4:09:d8:7b:23:32,IP=N/A User data downloaded to datapath, new Role=sjtu-user/71, bw Contract=0/0, reason=layer 2 event driven download, idle-timeout=300
<142>May 11 10:06:22 2015 SJTU-Local5 authmgr[2009]: <522038> <INFO> <SJTU-Local5 10.190.5.1>  username=chen_xm MAC=f4:09:d8:7b:23:32 IP=0.0.0.0 Authentication result=Authentication Successful method=802.1x server=sjtu-radius-new
<142>May 11 10:06:22 2015 SJTU-Local5 authmgr[2009]: <124003> <INFO> <SJTU-Local5 10.190.5.1>  Authentication result=Authentication Successful(0), method=802.1x, server=sjtu-radius-new, user=f4:09:d8:7b:23:32
<142>May 11 10:06:22 2015 SJTU-Local5 authmgr[2009]: <522044> <INFO> <SJTU-Local5 10.190.5.1>  MAC=f4:09:d8:7b:23:32 Station authenticate(start): method=802.1x, role=sjtu-user///sjtu-user, VLAN=1005/1005, Derivation=10/0, Value Pair=1, flags=0x8
<142>May 11 10:06:22 2015 SJTU-Local5 authmgr[2009]: <522049> <INFO> <SJTU-Local5 10.190.5.1>  MAC=f4:09:d8:7b:23:32,IP=N/A User role updated, existing Role=sjtu-user/none, new Role=sjtu-user/none, reason=Station Authenticated with auth type: 4
<142>May 11 10:06:22 2015 SJTU-Local5 authmgr[2009]: <522050> <INFO> <SJTU-Local5 10.190.5.1>  MAC=f4:09:d8:7b:23:32,IP=N/A User data downloaded to datapath, new Role=sjtu-user/71, bw Contract=0/0, reason=Download driven by user role setting, idle-timeout=300
<142>May 11 10:06:22 2015 SJTU-Local5 authmgr[2009]: <522029> <INFO> <SJTU-Local5 10.190.5.1>  MAC=f4:09:d8:7b:23:32 Station authenticate: method=802.1x, role=sjtu-user///sjtu-user, VLAN=1005/1005, Derivation=1/1, Value Pair=1
<142>May 11 10:06:22 2015 SJTU-Local5 mobileip[2025]: <500157> <INFO> <SJTU-Local5 10.190.5.1>  Visitor: f4:09:d8:7b:23:32,  Previous: MIP_FA_PENDING_WAIT_DISCOVERY Current State: MIP_FA_INIT Proxy MN: 169.254.255.255 Home agent: 0.0.0.0 HomeVlan: 0 Current Vlan: 1005 event: Visitor Deleted at line 2554
<142>May 11 10:06:22 2015 SJTU-Local5 mobileip[2025]: <500073> <INFO> <SJTU-Local5 10.190.5.1>  Station f4:09:d8:7b:23:32, : HA discovery did not find a remote session: THIS will be the home switch
<142>May 11 10:06:22 2015 SJTU-Local5 authmgr[2009]: <522050> <INFO> <SJTU-Local5 10.190.5.1>  MAC=f4:09:d8:7b:23:32,IP=N/A User data downloaded to datapath, new Role=(null)/0, bw Contract=0/0, reason=Intra MM move for user, idle-timeout=300
<141>May 11 10:06:22 2015 SJTU-Local5 mobileip[2025]: <500010> <NOTI> <SJTU-Local5 10.190.5.1>  Station f4:09:d8:7b:23:32, : Mobility trail, on switch 10.190.5.1, VLAN 1005, AP XSFWZX-1F-02, SJTU/6c:f3:7f:34:9b:c8/a
<142>May 11 10:06:22 2015 SJTU-Local5 authmgr[2009]: <522026> <INFO> <SJTU-Local5 10.190.5.1>  MAC=f4:09:d8:7b:23:32 IP=0.0.0.0 User miss: ingress=0x10e09, VLAN=1005 flags=0x48
<142>May 11 10:06:27 2015 SJTU-Local5 authmgr[2009]: <522026> <INFO> <SJTU-Local5 10.190.5.1>  MAC=f4:09:d8:7b:23:32 IP=fe80::f609:d8ff:fe7b:2332 User miss: ingress=0x10e09, VLAN=1005 flags=0x40
<142>May 11 10:06:27 2015 SJTU-Local5 authmgr[2009]: <522049> <INFO> <SJTU-Local5 10.190.5.1>  MAC=f4:09:d8:7b:23:32,IP=0.0.0.0 User role updated, existing Role=sjtu-user/none, new Role=sjtu-user/sjtu-user, reason=First IP user created
<142>May 11 10:06:27 2015 SJTU-Local5 authmgr[2009]: <522006> <INFO> <SJTU-Local5 10.190.5.1>  MAC=f4:09:d8:7b:23:32 IP=fe80::f609:d8ff:fe7b:2332 User entry added: reason=Sibtye
<141>May 11 10:06:27 2015 SJTU-Local5 authmgr[2009]: <522008> <NOTI> <SJTU-Local5 10.190.5.1>  User Authentication Successful: username=chen_xm MAC=f4:09:d8:7b:23:32 IP=fe80::f609:d8ff:fe7b:2332 role=sjtu-user VLAN=1005 AP=XSFWZX-1F-02 SSID=SJTU AAA profile=sjtu-dot1x-aaa-profile auth method=802.1x auth server=sjtu-radius-new
<142>May 11 10:06:27 2015 SJTU-Local5 authmgr[2009]: <522050> <INFO> <SJTU-Local5 10.190.5.1>  MAC=f4:09:d8:7b:23:32,IP=fe80::f609:d8ff:fe7b:2332 User data downloaded to datapath, new Role=sjtu-user/71, bw Contract=0/0, reason=New IP user created, idle-timeout=300
<142>May 11 10:06:30 2015 SJTU-Local5 mdns[2089]: <527004> <INFO> <SJTU-Local5 10.190.5.1>  mdns_parse_auth_useradd_message 250 Auth User ADD: MAC:f4:09:d8:7b:23:32, IP:fe80::f609:d8ff:fe7b:2332, VLAN:1005, Role:sjtu-user Name:chen_xm APName:XSFWZX-1F-02 Type:1
<141>May 11 10:14:16 2015 10.192.32.22 stm[684]: <501109> <NOTI> |AP MH-17#-OUT@10.192.32.22 stm|  Auth request: f4:09:d8:7b:23:32: AP 10.192.32.22-00:24:6c:59:ba:b0-MH-17#-OUT auth_alg 0
<141>May 11 10:14:16 2015 10.192.32.22 stm[684]: <501093> <NOTI> |AP MH-17#-OUT@10.192.32.22 stm|  Auth success: f4:09:d8:7b:23:32: AP 10.192.32.22-00:24:6c:59:ba:b0-MH-17#-OUT
<141>May 11 10:06:51 2015 10.192.32.120 stm[989]: <501109> <NOTI> |AP D3ST-2F-04@10.192.32.120 stm|  Auth request: f4:09:d8:7b:23:32: AP 10.192.32.120-6c:f3:7f:57:37:50-D3ST-2F-04 auth_alg 0
<141>May 11 10:06:51 2015 10.192.32.120 stm[989]: <501093> <NOTI> |AP D3ST-2F-04@10.192.32.120 stm|  Auth success: f4:09:d8:7b:23:32: AP 10.192.32.120-6c:f3:7f:57:37:50-D3ST-2F-04
<141>May 11 10:06:51 2015 10.192.32.120 stm[989]: <501095> <NOTI> |AP D3ST-2F-04@10.192.32.120 stm|  Assoc request @ 10:06:51.551436: f4:09:d8:7b:23:32 (SN 3696): AP 10.192.32.120-6c:f3:7f:57:37:50-D3ST-2F-04
<141>May 11 10:06:51 2015 10.192.32.120 stm[989]: <501100> <NOTI> |AP D3ST-2F-04@10.192.32.120 stm|  Assoc success @ 10:06:51.551961: f4:09:d8:7b:23:32: AP 10.192.32.120-6c:f3:7f:57:37:50-D3ST-2F-04
<141>May 11 10:06:51 2015 SJTU-Local5 stm[2010]: <501095> <NOTI> <SJTU-Local5 10.190.5.1>  Assoc request @ 10:06:51.558965: f4:09:d8:7b:23:32 (SN 3696): AP 10.192.32.120-6c:f3:7f:57:37:50-D3ST-2F-04
<142>May 11 10:06:51 2015 SJTU-Local5 authmgr[2245]: <522036> <INFO> <SJTU-Local5 10.190.5.1>  MAC=f4:09:d8:7b:23:32 Station DN: BSSID=6c:f3:7f:34:9b:c8 ESSID=SJTU VLAN=1005 AP-name=XSFWZX-1F-02
<141>May 11 10:06:51 2015 SJTU-Local5 stm[2010]: <501080> <NOTI> <SJTU-Local5 10.190.5.1>  Deauth to sta: f4:09:d8:7b:23:32: Ageout AP 10.192.32.36-6c:f3:7f:34:9b:c8-XSFWZX-1F-02 STA has roamed to another AP
<141>May 11 10:06:51 2015 10.192.32.36 stm[679]: <501105> <NOTI> |AP XSFWZX-1F-02@10.192.32.36 stm|  Deauth from sta: f4:09:d8:7b:23:32: AP 10.192.32.36-6c:f3:7f:34:9b:c8-XSFWZX-1F-02 Reason STA has roamed to another AP
<141>May 11 10:06:51 2015 SJTU-Local5 stm[2010]: <501100> <NOTI> <SJTU-Local5 10.190.5.1>  Assoc success @ 10:06:51.563121: f4:09:d8:7b:23:32: AP 10.192.32.120-6c:f3:7f:57:37:50-D3ST-2F-04
<142>May 11 10:06:51 2015 SJTU-Local5 authmgr[2245]: <522035> <INFO> <SJTU-Local5 10.190.5.1>  MAC=f4:09:d8:7b:23:32 Station UP: BSSID=6c:f3:7f:57:37:50 ESSID=SJTU VLAN=1005 AP-name=D3ST-2F-04
<142>May 11 10:06:51 2015 SJTU-Local5 mobileip[2376]: <500992> <INFO> <SJTU-Local5 10.190.5.1>  Station f4:09:d8:7b:23:32: Assoc event triggered; Current State MIP_PROXY_STALE, Previous State MIP_PROXY_ACTIVE, HA discovery triggered 0 event RECEIVE_ASSOCIATION at line 3596
<142>May 11 10:06:51 2015 SJTU-Local5 authmgr[2245]: <522044> <INFO> <SJTU-Local5 10.190.5.1>  MAC=f4:09:d8:7b:23:32 Station authenticate(start): method=802.1x, role=sjtu-user/sjtu-user//sjtu-user, VLAN=1005/1005, Derivation=1/1, Value Pair=0, flags=0x8
<142>May 11 10:06:51 2015 SJTU-Local5 authmgr[2245]: <522049> <INFO> <SJTU-Local5 10.190.5.1>  MAC=f4:09:d8:7b:23:32,IP=N/A User role updated, existing Role=sjtu-user/sjtu-user, new Role=sjtu-user/sjtu-user, reason=Station Authenticated with auth type: 4
<142>May 11 10:06:51 2015 SJTU-Local5 authmgr[2245]: <522050> <INFO> <SJTU-Local5 10.190.5.1>  MAC=f4:09:d8:7b:23:32,IP=N/A User data downloaded to datapath, new Role=sjtu-user/71, bw Contract=0/0, reason=Download driven by user role setting, idle-timeout=300
<142>May 11 10:06:51 2015 SJTU-Local5 authmgr[2245]: <522029> <INFO> <SJTU-Local5 10.190.5.1>  MAC=f4:09:d8:7b:23:32 Station authenticate: method=802.1x, role=sjtu-user/sjtu-user//sjtu-user, VLAN=1005/1005, Derivation=1/1, Value Pair=0
<141>May 11 10:06:51 2015 SJTU-Local5 authmgr[2245]: <522008> <NOTI> <SJTU-Local5 10.190.5.1>  User Authentication Successful: username=chen_xm MAC=f4:09:d8:7b:23:32 IP=fe80::f609:d8ff:fe7b:2332 role=sjtu-user VLAN=1005 AP=D3ST-2F-04 SSID=SJTU AAA profile=sjtu-dot1x-aaa-profile auth method=802.1x auth server=sjtu-radius-new
<142>May 11 10:06:51 2015 SJTU-Local5 authmgr[2009]: <522050> <INFO> <SJTU-Local5 10.190.5.1>  MAC=f4:09:d8:7b:23:32,IP=N/A User data downloaded to datapath, new Role=sjtu-user/71, bw Contract=0/0, reason=Intra MM move for user, idle-timeout=300
<141>May 11 10:06:51 2015 SJTU-Local5 mobileip[2025]: <500010> <NOTI> <SJTU-Local5 10.190.5.1>  Station f4:09:d8:7b:23:32, : Mobility trail, on switch 10.190.5.1, VLAN 1005, AP D3ST-2F-04, SJTU/6c:f3:7f:57:37:50/a
<141>May 11 10:14:32 2015 10.192.32.22 stm[684]: <501106> <NOTI> |AP MH-17#-OUT@10.192.32.22 stm|  Deauth to sta: f4:09:d8:7b:23:32: Ageout AP 10.192.32.22-00:24:6c:59:ba:b0-MH-17#-OUT handle_sapcp
<141>May 11 10:14:32 2015 10.192.32.22 stm[684]: <501080> <NOTI> |AP MH-17#-OUT@10.192.32.22 stm|  Deauth to sta: f4:09:d8:7b:23:32: Ageout AP 10.192.32.22-00:24:6c:59:ba:b0-MH-17#-OUT Sapcp Ageout (internal ageout)
<141>May 11 10:14:32 2015 SJTU-Local3 stm[2012]: <501114> <NOTI> <SJTU-Local3 10.190.3.1>  Deauth from sta: f4:09:d8:7b:23:32: AP 10.192.32.22-00:24:6c:59:ba:b0-MH-17#-OUT Reason 255
<141>May 11 10:14:32 2015 SJTU-Local3 stm[2012]: <501044> <NOTI> <SJTU-Local3 10.190.3.1>  Station f4:09:d8:7b:23:32: No authentication found trying to de-authenticate to BSSID 00:24:6c:59:ba:b0 on AP MH-17#-OUT
<141>May 11 10:06:53 2015 10.192.32.120 stm[989]: <501102> <NOTI> |AP D3ST-2F-04@10.192.32.120 stm|  Disassoc from sta: f4:09:d8:7b:23:32: AP 10.192.32.120-6c:f3:7f:57:37:50-D3ST-2F-04 Reason STA has left and is disassociated
<141>May 11 10:06:53 2015 SJTU-Local5 stm[2010]: <501102> <NOTI> <SJTU-Local5 10.190.5.1>  Disassoc from sta: f4:09:d8:7b:23:32: AP 10.192.32.120-6c:f3:7f:57:37:50-D3ST-2F-04 Reason STA has left and is disassociated
<142>May 11 10:06:53 2015 SJTU-Local5 authmgr[2245]: <522036> <INFO> <SJTU-Local5 10.190.5.1>  MAC=f4:09:d8:7b:23:32 Station DN: BSSID=6c:f3:7f:57:37:50 ESSID=SJTU VLAN=1005 AP-name=D3ST-2F-04
<141>May 11 10:14:34 2015 10.192.32.45 stm[684]: <501109> <NOTI> |AP MH-X49-student-14#-OUT@10.192.32.45 stm|  Auth request: f4:09:d8:7b:23:32: AP 10.192.32.45-00:24:6c:59:b5:38-MH-X49-student-14#-OUT auth_alg 0
<141>May 11 10:14:34 2015 10.192.32.45 stm[684]: <501093> <NOTI> |AP MH-X49-student-14#-OUT@10.192.32.45 stm|  Auth success: f4:09:d8:7b:23:32: AP 10.192.32.45-00:24:6c:59:b5:38-MH-X49-student-14#-OUT
<141>May 11 10:14:34 2015 SJTU-Local3 stm[2012]: <501095> <NOTI> <SJTU-Local3 10.190.3.1>  Assoc request @ 10:14:34.778078: f4:09:d8:7b:23:32 (SN 3749): AP 10.192.32.45-00:24:6c:59:b5:38-MH-X49-student-14#-OUT
<141>May 11 10:14:34 2015 10.192.32.45 stm[684]: <501095> <NOTI> |AP MH-X49-student-14#-OUT@10.192.32.45 stm|  Assoc request @ 10:14:33.168401: f4:09:d8:7b:23:32 (SN 3749): AP 10.192.32.45-00:24:6c:59:b5:38-MH-X49-student-14#-OUT
<142>May 11 10:14:34 2015 SJTU-Local3 wms[1921]: <316251> <INFO> <SJTU-Local3 10.190.3.1>  Sending New-STA Message for Client: MAC=f4:09:d8:7b:23:32 BSSID=00:24:6c:59:b5:38 Phy-type=1 Rsta-type=interfering
<141>May 11 10:14:34 2015 10.192.32.45 stm[684]: <501100> <NOTI> |AP MH-X49-student-14#-OUT@10.192.32.45 stm|  Assoc success @ 10:14:33.169649: f4:09:d8:7b:23:32: AP 10.192.32.45-00:24:6c:59:b5:38-MH-X49-student-14#-OUT
<141>May 11 10:14:34 2015 SJTU-Local3 stm[2012]: <501100> <NOTI> <SJTU-Local3 10.190.3.1>  Assoc success @ 10:14:34.779863: f4:09:d8:7b:23:32: AP 10.192.32.45-00:24:6c:59:b5:38-MH-X49-student-14#-OUT
<142>May 11 10:14:34 2015 SJTU-Local3 authmgr[2247]: <522035> <INFO> <SJTU-Local3 10.190.3.1>  MAC=f4:09:d8:7b:23:32 Station UP: BSSID=00:24:6c:59:b5:38 ESSID=SJTU VLAN=1003 AP-name=MH-X49-student-14#-OUT
<142>May 11 10:14:34 2015 SJTU-Local3 mobileip[2382]: <500004> <INFO> <SJTU-Local3 10.190.3.1>  Station f4:09:d8:7b:23:32, : Created mobility state for new station
<142>May 11 10:14:34 2015 SJTU-Local3 authmgr[2247]: <522050> <INFO> <SJTU-Local3 10.190.3.1>  MAC=f4:09:d8:7b:23:32,IP=N/A User data downloaded to datapath, new Role=sjtu-user/73, bw Contract=0/0, reason=layer 2 event driven download, idle-timeout=300
<142>May 11 10:14:34 2015 SJTU-Local3 authmgr[2011]: <522050> <INFO> <SJTU-Local3 10.190.3.1>  MAC=f4:09:d8:7b:23:32,IP=N/A User data downloaded to datapath, new Role=sys_mip_role_141d0_1618/97, bw Contract=0/0, reason=MM Intermove for user, idle-timeout=300
<142>May 11 10:06:55 2015 SJTU-Local5 mobileip[2025]: <500253> <INFO> <SJTU-Local5 10.190.5.1>  Binding: f4:09:d8:7b:23:32, : Previous: MIP_HA_INIT Current State: MIP_HA_INIT Previous COA: 0.0.0.0 Current COA: 10.190.3.1 HomeVlan: 1005 Current FA Vlan: 1003 event: New Binding Created at line 2820
<142>May 11 10:06:55 2015 SJTU-Local5 mobileip[2025]: <500253> <INFO> <SJTU-Local5 10.190.5.1>  Binding: f4:09:d8:7b:23:32, : Previous: MIP_HA_CREATE_REPLY Current State: MIP_HA_INIT Previous COA: 0.0.0.0 Current COA: 10.190.3.1 HomeVlan: 1005 Current FA Vlan: 1003 event: Binding Deleted at line 1817
<142>May 11 10:06:55 2015 SJTU-Local5 mobileip[2025]: <500253> <INFO> <SJTU-Local5 10.190.5.1>  Binding: f4:09:d8:7b:23:32, : Previous: MIP_HA_INIT Current State: MIP_HA_INIT Previous COA: 0.0.0.0 Current COA: 10.190.3.1 HomeVlan: 1005 Current FA Vlan: 1003 event: New Binding Created at line 2820
<142>May 11 10:06:55 2015 SJTU-Local5 authmgr[2009]: <522050> <INFO> <SJTU-Local5 10.190.5.1>  MAC=f4:09:d8:7b:23:32,IP=N/A User data downloaded to datapath, new Role=sjtu-user/71, bw Contract=0/0, reason=Mobility data received by AUTH at HA, idle-timeout=300
<141>May 11 10:06:55 2015 SJTU-Local5 mobileip[2025]: <500518> <NOTI> <SJTU-Local5 10.190.5.1>  Station f4:09:d8:7b:23:32 : Update Mobility Mcast-Group table, bssid 00:24:6c:59:b5:38, home vlan:1005, Lkup Tunnel:0x0, Dest Tunnel:0x10f53, action ADD
<141>May 11 10:06:55 2015 SJTU-Local5 mobileip[2025]: <500010> <NOTI> <SJTU-Local5 10.190.5.1>  Station f4:09:d8:7b:23:32, : Mobility trail, on switch 10.190.5.1, VLAN 1003, AP MH-X49-student-14#-OUT, SJTU/00:24:6c:59:b5:38/a
<142>May 11 10:06:55 2015 SJTU-Local5 mobileip[2025]: <500253> <INFO> <SJTU-Local5 10.190.5.1>  Binding: f4:09:d8:7b:23:32, : Previous: MIP_HA_CREATE_REPLY Current State: MIP_HA_ACTIVE Previous COA: 0.0.0.0 Current COA: 10.190.3.1 HomeVlan: 1005 Current FA Vlan: 1003 event: Active Binding at line 1141
<141>May 11 10:07:06 2015 10.192.32.120 stm[989]: <501109> <NOTI> |AP D3ST-2F-04@10.192.32.120 stm|  Auth request: f4:09:d8:7b:23:32: AP 10.192.32.120-6c:f3:7f:57:37:50-D3ST-2F-04 auth_alg 0
<141>May 11 10:07:06 2015 10.192.32.120 stm[989]: <501093> <NOTI> |AP D3ST-2F-04@10.192.32.120 stm|  Auth success: f4:09:d8:7b:23:32: AP 10.192.32.120-6c:f3:7f:57:37:50-D3ST-2F-04
<141>May 11 10:07:06 2015 10.192.32.120 stm[989]: <501095> <NOTI> |AP D3ST-2F-04@10.192.32.120 stm|  Assoc request @ 10:07:06.419688: f4:09:d8:7b:23:32 (SN 3794): AP 10.192.32.120-6c:f3:7f:57:37:50-D3ST-2F-04
<141>May 11 10:07:06 2015 SJTU-Local5 stm[2010]: <501095> <NOTI> <SJTU-Local5 10.190.5.1>  Assoc request @ 10:07:06.427190: f4:09:d8:7b:23:32 (SN 3794): AP 10.192.32.120-6c:f3:7f:57:37:50-D3ST-2F-04
<141>May 11 10:07:06 2015 10.192.32.120 stm[989]: <501100> <NOTI> |AP D3ST-2F-04@10.192.32.120 stm|  Assoc success @ 10:07:06.420756: f4:09:d8:7b:23:32: AP 10.192.32.120-6c:f3:7f:57:37:50-D3ST-2F-04
<141>May 11 10:07:06 2015 10.192.32.120 stm[989]: <501109> <NOTI> |AP D3ST-2F-04@10.192.32.120 stm|  Auth request: f4:09:d8:7b:23:32: AP 10.192.32.120-6c:f3:7f:57:37:50-D3ST-2F-04 auth_alg 0
<141>May 11 10:07:06 2015 10.192.32.120 stm[989]: <501093> <NOTI> |AP D3ST-2F-04@10.192.32.120 stm|  Auth success: f4:09:d8:7b:23:32: AP 10.192.32.120-6c:f3:7f:57:37:50-D3ST-2F-04
<141>May 11 10:07:06 2015 SJTU-Local5 stm[2010]: <501100> <NOTI> <SJTU-Local5 10.190.5.1>  Assoc success @ 10:07:06.428170: f4:09:d8:7b:23:32: AP 10.192.32.120-6c:f3:7f:57:37:50-D3ST-2F-04
<142>May 11 10:07:06 2015 SJTU-Local5 authmgr[2245]: <522035> <INFO> <SJTU-Local5 10.190.5.1>  MAC=f4:09:d8:7b:23:32 Station UP: BSSID=6c:f3:7f:57:37:50 ESSID=SJTU VLAN=1005 AP-name=D3ST-2F-04
<141>May 11 10:07:06 2015 10.192.32.120 stm[989]: <501095> <NOTI> |AP D3ST-2F-04@10.192.32.120 stm|  Assoc request @ 10:07:06.424333: f4:09:d8:7b:23:32 (SN 3796): AP 10.192.32.120-6c:f3:7f:57:37:50-D3ST-2F-04
<142>May 11 10:07:06 2015 SJTU-Local5 mobileip[2376]: <500992> <INFO> <SJTU-Local5 10.190.5.1>  Station f4:09:d8:7b:23:32: Assoc event triggered; Current State MIP_PROXY_ACTIVE, Previous State MIP_PROXY_STALE, HA discovery triggered 0 event RECEIVE_ASSOCIATION at line 3596
<141>May 11 10:07:06 2015 SJTU-Local5 stm[2010]: <501095> <NOTI> <SJTU-Local5 10.190.5.1>  Assoc request @ 10:07:06.431525: f4:09:d8:7b:23:32 (SN 3796): AP 10.192.32.120-6c:f3:7f:57:37:50-D3ST-2F-04
<142>May 11 10:07:06 2015 SJTU-Local5 mobileip[2376]: <500253> <INFO> <SJTU-Local5 10.190.5.1>  Binding: f4:09:d8:7b:23:32, : Previous: MIP_HA_CREATE_REPLY Current State: MIP_HA_ACTIVE Previous COA: 0.0.0.0 Current COA: 10.190.3.1 HomeVlan: 1005 Current FA Vlan: 1003 event: Station returned Home at line 1882
<142>May 11 10:07:06 2015 SJTU-Local5 mobileip[2376]: <500253> <INFO> <SJTU-Local5 10.190.5.1>  Binding: f4:09:d8:7b:23:32, : Previous: MIP_HA_ACTIVE Current State: MIP_HA_PROXY_REVOKE_REGISTRATION Previous COA: 0.0.0.0 Current COA: 10.190.3.1 HomeVlan: 1005 Current FA Vlan: 1003 event: HA revoking registration at line 2051
<141>May 11 10:07:06 2015 10.192.32.120 stm[989]: <501100> <NOTI> |AP D3ST-2F-04@10.192.32.120 stm|  Assoc success @ 10:07:06.425884: f4:09:d8:7b:23:32: AP 10.192.32.120-6c:f3:7f:57:37:50-D3ST-2F-04
<141>May 11 10:07:06 2015 SJTU-Local5 stm[2010]: <501100> <NOTI> <SJTU-Local5 10.190.5.1>  Assoc success @ 10:07:06.432386: f4:09:d8:7b:23:32: AP 10.192.32.120-6c:f3:7f:57:37:50-D3ST-2F-04
<141>May 11 10:07:06 2015 10.192.32.120 stm[989]: <501109> <NOTI> |AP D3ST-2F-04@10.192.32.120 stm|  Auth request: f4:09:d8:7b:23:32: AP 10.192.32.120-6c:f3:7f:57:37:50-D3ST-2F-04 auth_alg 0
<142>May 11 10:07:06 2015 SJTU-Local5 authmgr[2245]: <522044> <INFO> <SJTU-Local5 10.190.5.1>  MAC=f4:09:d8:7b:23:32 Station authenticate(start): method=802.1x, role=sjtu-user/sjtu-user//sjtu-user, VLAN=1005/1005, Derivation=1/1, Value Pair=0, flags=0x8
<141>May 11 10:07:06 2015 10.192.32.120 stm[989]: <501093> <NOTI> |AP D3ST-2F-04@10.192.32.120 stm|  Auth success: f4:09:d8:7b:23:32: AP 10.192.32.120-6c:f3:7f:57:37:50-D3ST-2F-04
<142>May 11 10:07:06 2015 SJTU-Local5 authmgr[2245]: <522049> <INFO> <SJTU-Local5 10.190.5.1>  MAC=f4:09:d8:7b:23:32,IP=N/A User role updated, existing Role=sjtu-user/sjtu-user, new Role=sjtu-user/sjtu-user, reason=Station Authenticated with auth type: 4
<142>May 11 10:07:06 2015 SJTU-Local5 authmgr[2245]: <522050> <INFO> <SJTU-Local5 10.190.5.1>  MAC=f4:09:d8:7b:23:32,IP=N/A User data downloaded to datapath, new Role=sjtu-user/71, bw Contract=0/0, reason=Download driven by user role setting, idle-timeout=300
<142>May 11 10:07:06 2015 SJTU-Local5 mobileip[2376]: <500993> <INFO> <SJTU-Local5 10.190.5.1>  Station f4:09:d8:7b:23:32: Assoc event ignored; Current State MIP_PROXY_FIND_MOVE_TYPE, Previous State MIP_PROXY_REINIT_L2, HA discovery triggered 0 at line 3663
<142>May 11 10:07:06 2015 SJTU-Local5 authmgr[2245]: <522029> <INFO> <SJTU-Local5 10.190.5.1>  MAC=f4:09:d8:7b:23:32 Station authenticate: method=802.1x, role=sjtu-user/sjtu-user//sjtu-user, VLAN=1005/1005, Derivation=1/1, Value Pair=0
<141>May 11 10:07:06 2015 SJTU-Local5 authmgr[2245]: <522008> <NOTI> <SJTU-Local5 10.190.5.1>  User Authentication Successful: username=chen_xm MAC=f4:09:d8:7b:23:32 IP=fe80::f609:d8ff:fe7b:2332 role=sjtu-user VLAN=1005 AP=MH-X49-student-14#-OUT SSID=SJTU AAA profile=sjtu-dot1x-aaa-profile auth method=802.1x auth server=sjtu-radius-new
<141>May 11 10:07:06 2015 10.192.32.120 stm[989]: <501095> <NOTI> |AP D3ST-2F-04@10.192.32.120 stm|  Assoc request @ 10:07:06.429920: f4:09:d8:7b:23:32 (SN 3798): AP 10.192.32.120-6c:f3:7f:57:37:50-D3ST-2F-04
<141>May 11 10:07:06 2015 10.192.32.120 stm[989]: <501100> <NOTI> |AP D3ST-2F-04@10.192.32.120 stm|  Assoc success @ 10:07:06.431377: f4:09:d8:7b:23:32: AP 10.192.32.120-6c:f3:7f:57:37:50-D3ST-2F-04
<142>May 11 10:07:06 2015 SJTU-Local5 authmgr[2245]: <522035> <INFO> <SJTU-Local5 10.190.5.1>  MAC=f4:09:d8:7b:23:32 Station UP: BSSID=6c:f3:7f:57:37:50 ESSID=SJTU VLAN=1005 AP-name=D3ST-2F-04
<141>May 11 10:07:06 2015 SJTU-Local5 stm[2010]: <501095> <NOTI> <SJTU-Local5 10.190.5.1>  Assoc request @ 10:07:06.437532: f4:09:d8:7b:23:32 (SN 3798): AP 10.192.32.120-6c:f3:7f:57:37:50-D3ST-2F-04
<142>May 11 10:07:06 2015 SJTU-Local5 authmgr[2245]: <522044> <INFO> <SJTU-Local5 10.190.5.1>  MAC=f4:09:d8:7b:23:32 Station authenticate(start): method=802.1x, role=sjtu-user/sjtu-user//sjtu-user, VLAN=1005/1005, Derivation=1/1, Value Pair=0, flags=0x8
<141>May 11 10:07:06 2015 10.192.32.120 stm[989]: <501109> <NOTI> |AP D3ST-2F-04@10.192.32.120 stm|  Auth request: f4:09:d8:7b:23:32: AP 10.192.32.120-6c:f3:7f:57:37:50-D3ST-2F-04 auth_alg 0
<142>May 11 10:07:06 2015 SJTU-Local5 authmgr[2245]: <522049> <INFO> <SJTU-Local5 10.190.5.1>  MAC=f4:09:d8:7b:23:32,IP=N/A User role updated, existing Role=sjtu-user/sjtu-user, new Role=sjtu-user/sjtu-user, reason=Station Authenticated with auth type: 4
<141>May 11 10:07:06 2015 10.192.32.120 stm[989]: <501093> <NOTI> |AP D3ST-2F-04@10.192.32.120 stm|  Auth success: f4:09:d8:7b:23:32: AP 10.192.32.120-6c:f3:7f:57:37:50-D3ST-2F-04
<142>May 11 10:07:06 2015 SJTU-Local5 authmgr[2245]: <522050> <INFO> <SJTU-Local5 10.190.5.1>  MAC=f4:09:d8:7b:23:32,IP=N/A User data downloaded to datapath, new Role=sjtu-user/71, bw Contract=0/0, reason=Download driven by user role setting, idle-timeout=300
<141>May 11 10:07:06 2015 10.192.32.120 stm[989]: <501109> <NOTI> |AP D3ST-2F-04@10.192.32.120 stm|  Auth request: f4:09:d8:7b:23:32: AP 10.192.32.120-6c:f3:7f:57:37:50-D3ST-2F-04 auth_alg 0
<141>May 11 10:07:06 2015 SJTU-Local5 stm[2010]: <501100> <NOTI> <SJTU-Local5 10.190.5.1>  Assoc success @ 10:07:06.439571: f4:09:d8:7b:23:32: AP 10.192.32.120-6c:f3:7f:57:37:50-D3ST-2F-04
<141>May 11 10:07:06 2015 10.192.32.120 stm[989]: <501093> <NOTI> |AP D3ST-2F-04@10.192.32.120 stm|  Auth success: f4:09:d8:7b:23:32: AP 10.192.32.120-6c:f3:7f:57:37:50-D3ST-2F-04
<142>May 11 10:07:06 2015 SJTU-Local5 authmgr[2245]: <522029> <INFO> <SJTU-Local5 10.190.5.1>  MAC=f4:09:d8:7b:23:32 Station authenticate: method=802.1x, role=sjtu-user/sjtu-user//sjtu-user, VLAN=1005/1005, Derivation=1/1, Value Pair=0
<141>May 11 10:07:06 2015 10.192.32.120 stm[989]: <501109> <NOTI> |AP D3ST-2F-04@10.192.32.120 stm|  Auth request: f4:09:d8:7b:23:32: AP 10.192.32.120-6c:f3:7f:57:37:50-D3ST-2F-04 auth_alg 0
<141>May 11 10:07:06 2015 SJTU-Local5 authmgr[2245]: <522008> <NOTI> <SJTU-Local5 10.190.5.1>  User Authentication Successful: username=chen_xm MAC=f4:09:d8:7b:23:32 IP=fe80::f609:d8ff:fe7b:2332 role=sjtu-user VLAN=1005 AP=MH-X49-student-14#-OUT SSID=SJTU AAA profile=sjtu-dot1x-aaa-profile auth method=802.1x auth server=sjtu-radius-new
<141>May 11 10:07:06 2015 10.192.32.120 stm[989]: <501093> <NOTI> |AP D3ST-2F-04@10.192.32.120 stm|  Auth success: f4:09:d8:7b:23:32: AP 10.192.32.120-6c:f3:7f:57:37:50-D3ST-2F-04
<142>May 11 10:07:06 2015 SJTU-Local5 mobileip[2376]: <500993> <INFO> <SJTU-Local5 10.190.5.1>  Station f4:09:d8:7b:23:32: Assoc event ignored; Current State MIP_PROXY_FIND_MOVE_TYPE, Previous State MIP_PROXY_REINIT_L2, HA discovery triggered 0 at line 3663
<142>May 11 10:07:06 2015 SJTU-Local5 authmgr[2245]: <522035> <INFO> <SJTU-Local5 10.190.5.1>  MAC=f4:09:d8:7b:23:32 Station UP: BSSID=6c:f3:7f:57:37:50 ESSID=SJTU VLAN=1005 AP-name=D3ST-2F-04
<142>May 11 10:07:06 2015 SJTU-Local5 authmgr[2245]: <522044> <INFO> <SJTU-Local5 10.190.5.1>  MAC=f4:09:d8:7b:23:32 Station authenticate(start): method=802.1x, role=sjtu-user/sjtu-user//sjtu-user, VLAN=1005/1005, Derivation=1/1, Value Pair=0, flags=0x8
<142>May 11 10:07:06 2015 SJTU-Local5 authmgr[2245]: <522049> <INFO> <SJTU-Local5 10.190.5.1>  MAC=f4:09:d8:7b:23:32,IP=N/A User role updated, existing Role=sjtu-user/sjtu-user, new Role=sjtu-user/sjtu-user, reason=Station Authenticated with auth type: 4
<142>May 11 10:07:06 2015 SJTU-Local5 authmgr[2245]: <522050> <INFO> <SJTU-Local5 10.190.5.1>  MAC=f4:09:d8:7b:23:32,IP=N/A User data downloaded to datapath, new Role=sjtu-user/71, bw Contract=0/0, reason=Download driven by user role setting, idle-timeout=300
<142>May 11 10:07:06 2015 SJTU-Local5 authmgr[2245]: <522029> <INFO> <SJTU-Local5 10.190.5.1>  MAC=f4:09:d8:7b:23:32 Station authenticate: method=802.1x, role=sjtu-user/sjtu-user//sjtu-user, VLAN=1005/1005, Derivation=1/1, Value Pair=0
<141>May 11 10:07:06 2015 SJTU-Local5 authmgr[2245]: <522008> <NOTI> <SJTU-Local5 10.190.5.1>  User Authentication Successful: username=chen_xm MAC=f4:09:d8:7b:23:32 IP=fe80::f609:d8ff:fe7b:2332 role=sjtu-user VLAN=1005 AP=MH-X49-student-14#-OUT SSID=SJTU AAA profile=sjtu-dot1x-aaa-profile auth method=802.1x auth server=sjtu-radius-new
<141>May 11 10:07:06 2015 10.192.32.120 stm[989]: <501095> <NOTI> |AP D3ST-2F-04@10.192.32.120 stm|  Assoc request @ 10:07:06.441629: f4:09:d8:7b:23:32 (SN 3802): AP 10.192.32.120-6c:f3:7f:57:37:50-D3ST-2F-04
<141>May 11 10:07:06 2015 10.192.32.120 stm[989]: <501100> <NOTI> |AP D3ST-2F-04@10.192.32.120 stm|  Assoc success @ 10:07:06.443307: f4:09:d8:7b:23:32: AP 10.192.32.120-6c:f3:7f:57:37:50-D3ST-2F-04
