<141>May 11 10:07:06 2015 10.192.32.120 stm[989]: <501109> <NOTI> |AP D3ST-2F-04@10.192.32.120 stm|  Auth request: f4:09:d8:7b:23:32: AP 10.192.32.120-6c:f3:7f:57:37:50-D3ST-2F-04 auth_alg 0
<141>May 11 10:07:06 2015 10.192.32.120 stm[989]: <501093> <NOTI> |AP D3ST-2F-04@10.192.32.120 stm|  Auth success: f4:09:d8:7b:23:32: AP 10.192.32.120-6c:f3:7f:57:37:50-D3ST-2F-04
<141>May 11 10:07:06 2015 SJTU-Local5 stm[2010]: <501095> <NOTI> <SJTU-Local5 10.190.5.1>  Assoc request @ 10:07:06.451085: f4:09:d8:7b:23:32 (SN 3802): AP 10.192.32.120-6c:f3:7f:57:37:50-D3ST-2F-04
<141>May 11 10:07:06 2015 SJTU-Local5 stm[2010]: <501100> <NOTI> <SJTU-Local5 10.190.5.1>  Assoc success @ 10:07:06.452708: f4:09:d8:7b:23:32: AP 10.192.32.120-6c:f3:7f:57:37:50-D3ST-2F-04
<141>May 11 10:07:06 2015 10.192.32.120 stm[989]: <501095> <NOTI> |AP D3ST-2F-04@10.192.32.120 stm|  Assoc request @ 10:07:06.445887: f4:09:d8:7b:23:32 (SN 3804): AP 10.192.32.120-6c:f3:7f:57:37:50-D3ST-2F-04
<142>May 11 10:07:06 2015 SJTU-Local5 mobileip[2376]: <500993> <INFO> <SJTU-Local5 10.190.5.1>  Station f4:09:d8:7b:23:32: Assoc event ignored; Current State MIP_PROXY_FIND_MOVE_TYPE, Previous State MIP_PROXY_REINIT_L2, HA discovery triggered 0 at line 3663
<141>May 11 10:07:06 2015 10.192.32.120 stm[989]: <501100> <NOTI> |AP D3ST-2F-04@10.192.32.120 stm|  Assoc success @ 10:07:06.447024: f4:09:d8:7b:23:32: AP 10.192.32.120-6c:f3:7f:57:37:50-D3ST-2F-04
<142>May 11 10:07:06 2015 SJTU-Local5 authmgr[2245]: <522035> <INFO> <SJTU-Local5 10.190.5.1>  MAC=f4:09:d8:7b:23:32 Station UP: BSSID=6c:f3:7f:57:37:50 ESSID=SJTU VLAN=1005 AP-name=D3ST-2F-04
<141>May 11 10:07:06 2015 SJTU-Local5 stm[2010]: <501095> <NOTI> <SJTU-Local5 10.190.5.1>  Assoc request @ 10:07:06.454476: f4:09:d8:7b:23:32 (SN 3804): AP 10.192.32.120-6c:f3:7f:57:37:50-D3ST-2F-04
<142>May 11 10:07:06 2015 SJTU-Local5 authmgr[2245]: <522044> <INFO> <SJTU-Local5 10.190.5.1>  MAC=f4:09:d8:7b:23:32 Station authenticate(start): method=802.1x, role=sjtu-user/sjtu-user//sjtu-user, VLAN=1005/1005, Derivation=1/1, Value Pair=0, flags=0x8
<142>May 11 10:07:06 2015 SJTU-Local5 authmgr[2245]: <522049> <INFO> <SJTU-Local5 10.190.5.1>  MAC=f4:09:d8:7b:23:32,IP=N/A User role updated, existing Role=sjtu-user/sjtu-user, new Role=sjtu-user/sjtu-user, reason=Station Authenticated with auth type: 4
<142>May 11 10:07:06 2015 SJTU-Local5 authmgr[2245]: <522050> <INFO> <SJTU-Local5 10.190.5.1>  MAC=f4:09:d8:7b:23:32,IP=N/A User data downloaded to datapath, new Role=sjtu-user/71, bw Contract=0/0, reason=Download driven by user role setting, idle-timeout=300
<141>May 11 10:07:06 2015 SJTU-Local5 stm[2010]: <501100> <NOTI> <SJTU-Local5 10.190.5.1>  Assoc success @ 10:07:06.455585: f4:09:d8:7b:23:32: AP 10.192.32.120-6c:f3:7f:57:37:50-D3ST-2F-04
<142>May 11 10:07:06 2015 SJTU-Local5 mobileip[2376]: <500993> <INFO> <SJTU-Local5 10.190.5.1>  Station f4:09:d8:7b:23:32: Assoc event ignored; Current State MIP_PROXY_FIND_MOVE_TYPE, Previous State MIP_PROXY_REINIT_L2, HA discovery triggered 0 at line 3663
<142>May 11 10:07:06 2015 SJTU-Local5 authmgr[2245]: <522029> <INFO> <SJTU-Local5 10.190.5.1>  MAC=f4:09:d8:7b:23:32 Station authenticate: method=802.1x, role=sjtu-user/sjtu-user//sjtu-user, VLAN=1005/1005, Derivation=1/1, Value Pair=0
<141>May 11 10:07:06 2015 SJTU-Local5 authmgr[2245]: <522008> <NOTI> <SJTU-Local5 10.190.5.1>  User Authentication Successful: username=chen_xm MAC=f4:09:d8:7b:23:32 IP=fe80::f609:d8ff:fe7b:2332 role=sjtu-user VLAN=1005 AP=MH-X49-student-14#-OUT SSID=SJTU AAA profile=sjtu-dot1x-aaa-profile auth method=802.1x auth server=sjtu-radius-new
<142>May 11 10:07:06 2015 SJTU-Local5 authmgr[2245]: <522035> <INFO> <SJTU-Local5 10.190.5.1>  MAC=f4:09:d8:7b:23:32 Station UP: BSSID=6c:f3:7f:57:37:50 ESSID=SJTU VLAN=1005 AP-name=D3ST-2F-04
<142>May 11 10:07:06 2015 SJTU-Local5 authmgr[2245]: <522044> <INFO> <SJTU-Local5 10.190.5.1>  MAC=f4:09:d8:7b:23:32 Station authenticate(start): method=802.1x, role=sjtu-user/sjtu-user//sjtu-user, VLAN=1005/1005, Derivation=1/1, Value Pair=0, flags=0x8
<142>May 11 10:07:06 2015 SJTU-Local5 authmgr[2245]: <522049> <INFO> <SJTU-Local5 10.190.5.1>  MAC=f4:09:d8:7b:23:32,IP=N/A User role updated, existing Role=sjtu-user/sjtu-user, new Role=sjtu-user/sjtu-user, reason=Station Authenticated with auth type: 4
<142>May 11 10:07:06 2015 SJTU-Local5 authmgr[2245]: <522050> <INFO> <SJTU-Local5 10.190.5.1>  MAC=f4:09:d8:7b:23:32,IP=N/A User data downloaded to datapath, new Role=sjtu-user/71, bw Contract=0/0, reason=Download driven by user role setting, idle-timeout=300
<142>May 11 10:07:06 2015 SJTU-Local5 authmgr[2245]: <522029> <INFO> <SJTU-Local5 10.190.5.1>  MAC=f4:09:d8:7b:23:32 Station authenticate: method=802.1x, role=sjtu-user/sjtu-user//sjtu-user, VLAN=1005/1005, Derivation=1/1, Value Pair=0
<141>May 11 10:07:06 2015 SJTU-Local5 authmgr[2245]: <522008> <NOTI> <SJTU-Local5 10.190.5.1>  User Authentication Successful: username=chen_xm MAC=f4:09:d8:7b:23:32 IP=fe80::f609:d8ff:fe7b:2332 role=sjtu-user VLAN=1005 AP=MH-X49-student-14#-OUT SSID=SJTU AAA profile=sjtu-dot1x-aaa-profile auth method=802.1x auth server=sjtu-radius-new
<142>May 11 10:07:07 2015 SJTU-Local5 mobileip[2025]: <500253> <INFO> <SJTU-Local5 10.190.5.1>  Binding: f4:09:d8:7b:23:32, : Previous: MIP_HA_PROXY_REVOKE_REGISTRATION Current State: MIP_HA_PROXY_REVOKE_REGISTRATION Previous COA: 0.0.0.0 Current COA: 10.190.3.1 HomeVlan: 1005 Current FA Vlan: 1003 event: HA revoking registration at line 2051
<142>May 11 10:07:08 2015 SJTU-Local5 mobileip[2025]: <500253> <INFO> <SJTU-Local5 10.190.5.1>  Binding: f4:09:d8:7b:23:32, : Previous: MIP_HA_PROXY_REVOKE_REGISTRATION Current State: MIP_HA_PROXY_REVOKE_REGISTRATION Previous COA: 0.0.0.0 Current COA: 10.190.3.1 HomeVlan: 1005 Current FA Vlan: 1003 event: HA revoking registration at line 2051
<142>May 11 10:07:09 2015 SJTU-Local5 mobileip[2025]: <500253> <INFO> <SJTU-Local5 10.190.5.1>  Binding: f4:09:d8:7b:23:32, : Previous: MIP_HA_PROXY_REVOKE_REGISTRATION Current State: MIP_HA_PROXY_REVOKE_REGISTRATION Previous COA: 0.0.0.0 Current COA: 10.190.3.1 HomeVlan: 1005 Current FA Vlan: 1003 event: HA revoking registration at line 2051
<142>May 11 10:07:09 2015 SJTU-Local5 authmgr[2009]: <132086> <INFO> <SJTU-Local5 10.190.5.1>  WPA 2 Key exchange failed to complete, de-authenticating the station f4:09:d8:7b:23:32 associated with AP 6c:f3:7f:57:37:50 D3ST-2F-04
<141>May 11 10:07:09 2015 SJTU-Local5 stm[2299]: <501106> <NOTI> <SJTU-Local5 10.190.5.1>  Deauth to sta: f4:09:d8:7b:23:32: Ageout AP 10.192.32.120-6c:f3:7f:57:37:50-D3ST-2F-04 wifi_deauth_sta
<142>May 11 10:07:09 2015 SJTU-Local5 authmgr[2245]: <522036> <INFO> <SJTU-Local5 10.190.5.1>  MAC=f4:09:d8:7b:23:32 Station DN: BSSID=6c:f3:7f:57:37:50 ESSID=SJTU VLAN=1005 AP-name=MH-X49-student-14#-OUT
<141>May 11 10:07:09 2015 SJTU-Local5 stm[2299]: <501080> <NOTI> <SJTU-Local5 10.190.5.1>  Deauth to sta: f4:09:d8:7b:23:32: Ageout AP 10.192.32.120-6c:f3:7f:57:37:50-D3ST-2F-04 Ptk Challenge Failed
<141>May 11 10:07:09 2015 10.192.32.120 stm[989]: <501105> <NOTI> |AP D3ST-2F-04@10.192.32.120 stm|  Deauth from sta: f4:09:d8:7b:23:32: AP 10.192.32.120-6c:f3:7f:57:37:50-D3ST-2F-04 Reason Ptk Challenge Failed
<141>May 11 10:07:10 2015 SJTU-Local5 mobileip[2025]: <500518> <NOTI> <SJTU-Local5 10.190.5.1>  Station f4:09:d8:7b:23:32 : Update Mobility Mcast-Group table, bssid 00:24:6c:59:b5:38, home vlan:1005, Lkup Tunnel:0x0, Dest Tunnel:0x10f53, action DEL
<142>May 11 10:07:10 2015 SJTU-Local5 mobileip[2025]: <500253> <INFO> <SJTU-Local5 10.190.5.1>  Binding: f4:09:d8:7b:23:32, : Previous: MIP_HA_UNSELECT_SIBYTE_TUNNEL_HOME Current State: MIP_HA_INIT Previous COA: 0.0.0.0 Current COA: 10.190.3.1 HomeVlan: 1005 Current FA Vlan: 1003 event: Binding Deleted at line 1817
<142>May 11 10:07:10 2015 SJTU-Local5 authmgr[2009]: <522050> <INFO> <SJTU-Local5 10.190.5.1>  MAC=f4:09:d8:7b:23:32,IP=N/A User data downloaded to datapath, new Role=sjtu-user/71, bw Contract=0/0, reason=Intra MM move for user, idle-timeout=300
<141>May 11 10:07:10 2015 SJTU-Local5 mobileip[2025]: <500010> <NOTI> <SJTU-Local5 10.190.5.1>  Station f4:09:d8:7b:23:32, : Mobility trail, on switch 10.190.5.1, VLAN 1005, AP D3ST-2F-04, SJTU/6c:f3:7f:57:37:50/a
<142>May 11 10:14:53 2015 SJTU-Local3 mobileip[2028]: <500157> <INFO> <SJTU-Local3 10.190.3.1>  Visitor: f4:09:d8:7b:23:32,  Previous: MIP_FA_VERIFY_STATE Current State: MIP_FA_INIT Proxy MN: 169.254.255.255 Home agent: 10.190.5.1 HomeVlan: 1005 Current Vlan: 1003 event: Visitor Deleted at line 2554
<142>May 11 10:14:53 2015 SJTU-Local3 mobileip[2028]: <500073> <INFO> <SJTU-Local3 10.190.3.1>  Station f4:09:d8:7b:23:32, : HA discovery did not find a remote session: THIS will be the home switch
<142>May 11 10:14:53 2015 SJTU-Local3 authmgr[2011]: <522050> <INFO> <SJTU-Local3 10.190.3.1>  MAC=f4:09:d8:7b:23:32,IP=N/A User data downloaded to datapath, new Role=sys_mip_role_141d0_1618/97, bw Contract=0/0, reason=Intra MM move for user, idle-timeout=300
<141>May 11 10:14:53 2015 SJTU-Local3 mobileip[2028]: <500010> <NOTI> <SJTU-Local3 10.190.3.1>  Station f4:09:d8:7b:23:32, : Mobility trail, on switch 10.190.3.1, VLAN 1003, AP MH-X49-student-14#-OUT, SJTU/00:24:6c:59:b5:38/a
<141>May 11 10:07:36 2015 10.192.32.66 stm[986]: <501109> <NOTI> |AP D3ST-1F-01@10.192.32.66 stm|  Auth request: f4:09:d8:7b:23:32: AP 10.192.32.66-6c:f3:7f:5a:cc:70-D3ST-1F-01 auth_alg 0
<141>May 11 10:07:36 2015 10.192.32.66 stm[986]: <501093> <NOTI> |AP D3ST-1F-01@10.192.32.66 stm|  Auth success: f4:09:d8:7b:23:32: AP 10.192.32.66-6c:f3:7f:5a:cc:70-D3ST-1F-01
<141>May 11 10:07:36 2015 10.192.32.66 stm[986]: <501095> <NOTI> |AP D3ST-1F-01@10.192.32.66 stm|  Assoc request @ 10:07:36.304891: f4:09:d8:7b:23:32 (SN 3908): AP 10.192.32.66-6c:f3:7f:5a:cc:70-D3ST-1F-01
<141>May 11 10:07:36 2015 10.192.32.66 stm[986]: <501100> <NOTI> |AP D3ST-1F-01@10.192.32.66 stm|  Assoc success @ 10:07:36.305565: f4:09:d8:7b:23:32: AP 10.192.32.66-6c:f3:7f:5a:cc:70-D3ST-1F-01
<141>May 11 10:07:36 2015 SJTU-Local5 stm[2010]: <501095> <NOTI> <SJTU-Local5 10.190.5.1>  Assoc request @ 10:07:36.318747: f4:09:d8:7b:23:32 (SN 3908): AP 10.192.32.66-6c:f3:7f:5a:cc:70-D3ST-1F-01
<141>May 11 10:07:36 2015 SJTU-Local5 stm[2010]: <501100> <NOTI> <SJTU-Local5 10.190.5.1>  Assoc success @ 10:07:36.320663: f4:09:d8:7b:23:32: AP 10.192.32.66-6c:f3:7f:5a:cc:70-D3ST-1F-01
<142>May 11 10:07:36 2015 SJTU-Local5 mobileip[2376]: <500992> <INFO> <SJTU-Local5 10.190.5.1>  Station f4:09:d8:7b:23:32: Assoc event triggered; Current State MIP_PROXY_ACTIVE, Previous State MIP_PROXY_UPDATE_AAA, HA discovery triggered 0 event RECEIVE_ASSOCIATION at line 3596
<142>May 11 10:07:36 2015 SJTU-Local5 authmgr[2245]: <522035> <INFO> <SJTU-Local5 10.190.5.1>  MAC=f4:09:d8:7b:23:32 Station UP: BSSID=6c:f3:7f:5a:cc:70 ESSID=SJTU VLAN=1005 AP-name=D3ST-1F-01
<142>May 11 10:07:36 2015 SJTU-Local5 authmgr[2245]: <522044> <INFO> <SJTU-Local5 10.190.5.1>  MAC=f4:09:d8:7b:23:32 Station authenticate(start): method=802.1x, role=sjtu-user/sjtu-user//sjtu-user, VLAN=1005/1005, Derivation=1/1, Value Pair=0, flags=0x8
<142>May 11 10:07:36 2015 SJTU-Local5 authmgr[2245]: <522049> <INFO> <SJTU-Local5 10.190.5.1>  MAC=f4:09:d8:7b:23:32,IP=N/A User role updated, existing Role=sjtu-user/sjtu-user, new Role=sjtu-user/sjtu-user, reason=Station Authenticated with auth type: 4
<142>May 11 10:07:36 2015 SJTU-Local5 authmgr[2245]: <522050> <INFO> <SJTU-Local5 10.190.5.1>  MAC=f4:09:d8:7b:23:32,IP=N/A User data downloaded to datapath, new Role=sjtu-user/71, bw Contract=0/0, reason=Download driven by user role setting, idle-timeout=300
<142>May 11 10:07:36 2015 SJTU-Local5 authmgr[2245]: <522029> <INFO> <SJTU-Local5 10.190.5.1>  MAC=f4:09:d8:7b:23:32 Station authenticate: method=802.1x, role=sjtu-user/sjtu-user//sjtu-user, VLAN=1005/1005, Derivation=1/1, Value Pair=0
<141>May 11 10:07:36 2015 SJTU-Local5 authmgr[2245]: <522008> <NOTI> <SJTU-Local5 10.190.5.1>  User Authentication Successful: username=chen_xm MAC=f4:09:d8:7b:23:32 IP=fe80::f609:d8ff:fe7b:2332 role=sjtu-user VLAN=1005 AP=D3ST-1F-01 SSID=SJTU AAA profile=sjtu-dot1x-aaa-profile auth method=802.1x auth server=sjtu-radius-new
<142>May 11 10:07:36 2015 SJTU-Local5 authmgr[2009]: <522050> <INFO> <SJTU-Local5 10.190.5.1>  MAC=f4:09:d8:7b:23:32,IP=N/A User data downloaded to datapath, new Role=sjtu-user/71, bw Contract=0/0, reason=Intra MM move for user, idle-timeout=300
<141>May 11 10:07:36 2015 SJTU-Local5 mobileip[2025]: <500010> <NOTI> <SJTU-Local5 10.190.5.1>  Station f4:09:d8:7b:23:32, : Mobility trail, on switch 10.190.5.1, VLAN 1005, AP D3ST-1F-01, SJTU/6c:f3:7f:5a:cc:70/a
<141>May 11 10:07:44 2015 10.192.32.66 stm[986]: <501102> <NOTI> |AP D3ST-1F-01@10.192.32.66 stm|  Disassoc from sta: f4:09:d8:7b:23:32: AP 10.192.32.66-6c:f3:7f:5a:cc:70-D3ST-1F-01 Reason STA has left and is disassociated
<141>May 11 10:07:44 2015 SJTU-Local5 stm[2010]: <501102> <NOTI> <SJTU-Local5 10.190.5.1>  Disassoc from sta: f4:09:d8:7b:23:32: AP 10.192.32.66-6c:f3:7f:5a:cc:70-D3ST-1F-01 Reason STA has left and is disassociated
<142>May 11 10:07:44 2015 SJTU-Local5 authmgr[2245]: <522036> <INFO> <SJTU-Local5 10.190.5.1>  MAC=f4:09:d8:7b:23:32 Station DN: BSSID=6c:f3:7f:5a:cc:70 ESSID=SJTU VLAN=1005 AP-name=D3ST-1F-01
<141>May 11 10:07:56 2015 SJTU-Local5 stm[2010]: <501105> <NOTI> <SJTU-Local5 10.190.5.1>  Deauth from sta: f4:09:d8:7b:23:32: AP 10.192.32.66-6c:f3:7f:5a:cc:70-D3ST-1F-01 Reason STA has left and is deauthenticated
<141>May 11 10:07:56 2015 SJTU-Local5 stm[2010]: <501044> <NOTI> <SJTU-Local5 10.190.5.1>  Station f4:09:d8:7b:23:32: No authentication found trying to de-authenticate to BSSID 6c:f3:7f:5a:cc:70 on AP D3ST-1F-01
<141>May 11 10:08:12 2015 10.192.32.66 stm[986]: <501106> <NOTI> |AP D3ST-1F-01@10.192.32.66 stm|  Deauth to sta: f4:09:d8:7b:23:32: Ageout AP 10.192.32.66-6c:f3:7f:5a:cc:70-D3ST-1F-01 handle_sapcp
<141>May 11 10:08:12 2015 10.192.32.66 stm[986]: <501080> <NOTI> |AP D3ST-1F-01@10.192.32.66 stm|  Deauth to sta: f4:09:d8:7b:23:32: Ageout AP 10.192.32.66-6c:f3:7f:5a:cc:70-D3ST-1F-01 Sapcp Ageout (internal ageout)
<141>May 11 10:08:12 2015 SJTU-Local5 stm[2010]: <501114> <NOTI> <SJTU-Local5 10.190.5.1>  Deauth from sta: f4:09:d8:7b:23:32: AP 10.192.32.66-6c:f3:7f:5a:cc:70-D3ST-1F-01 Reason 255
<141>May 11 10:08:12 2015 SJTU-Local5 stm[2010]: <501044> <NOTI> <SJTU-Local5 10.190.5.1>  Station f4:09:d8:7b:23:32: No authentication found trying to de-authenticate to BSSID 6c:f3:7f:5a:cc:70 on AP D3ST-1F-01
<141>May 11 11:42:34 2015 10.192.32.66 stm[986]: <501109> <NOTI> |AP D3ST-1F-01@10.192.32.66 stm|  Auth request: f4:09:d8:7b:23:32: AP 10.192.32.66-6c:f3:7f:5a:cc:70-D3ST-1F-01 auth_alg 0
<141>May 11 11:42:34 2015 10.192.32.66 stm[986]: <501093> <NOTI> |AP D3ST-1F-01@10.192.32.66 stm|  Auth success: f4:09:d8:7b:23:32: AP 10.192.32.66-6c:f3:7f:5a:cc:70-D3ST-1F-01
<141>May 11 11:42:34 2015 10.192.32.66 stm[986]: <501095> <NOTI> |AP D3ST-1F-01@10.192.32.66 stm|  Assoc request @ 11:42:34.597129: f4:09:d8:7b:23:32 (SN 812): AP 10.192.32.66-6c:f3:7f:5a:cc:70-D3ST-1F-01
<141>May 11 11:42:34 2015 10.192.32.66 stm[986]: <501100> <NOTI> |AP D3ST-1F-01@10.192.32.66 stm|  Assoc success @ 11:42:34.598752: f4:09:d8:7b:23:32: AP 10.192.32.66-6c:f3:7f:5a:cc:70-D3ST-1F-01
<141>May 11 11:42:34 2015 SJTU-Local5 stm[2010]: <501095> <NOTI> <SJTU-Local5 10.190.5.1>  Assoc request @ 11:42:34.611879: f4:09:d8:7b:23:32 (SN 812): AP 10.192.32.66-6c:f3:7f:5a:cc:70-D3ST-1F-01
<141>May 11 11:42:34 2015 SJTU-Local5 stm[2010]: <501080> <NOTI> <SJTU-Local5 10.190.5.1>  Deauth to sta: f4:09:d8:7b:23:32: Ageout AP 10.192.32.117-6c:f3:7f:57:39:f0-D3ST-1F-04 STA has roamed to another AP
<141>May 11 11:42:34 2015 10.192.32.117 stm[989]: <501105> <NOTI> |AP D3ST-1F-04@10.192.32.117 stm|  Deauth from sta: f4:09:d8:7b:23:32: AP 10.192.32.117-6c:f3:7f:57:39:f0-D3ST-1F-04 Reason STA has roamed to another AP
<141>May 11 11:42:34 2015 SJTU-Local5 stm[2010]: <501100> <NOTI> <SJTU-Local5 10.190.5.1>  Assoc success @ 11:42:34.620714: f4:09:d8:7b:23:32: AP 10.192.32.66-6c:f3:7f:5a:cc:70-D3ST-1F-01
<142>May 11 11:42:34 2015 SJTU-Local5 mobileip[2376]: <500992> <INFO> <SJTU-Local5 10.190.5.1>  Station f4:09:d8:7b:23:32: Assoc event triggered; Current State MIP_PROXY_STALE, Previous State MIP_PROXY_ACTIVE, HA discovery triggered 0 event RECEIVE_ASSOCIATION at line 3596
<142>May 11 11:42:34 2015 SJTU-Local5 authmgr[2245]: <522036> <INFO> <SJTU-Local5 10.190.5.1>  MAC=f4:09:d8:7b:23:32 Station DN: BSSID=6c:f3:7f:57:39:f0 ESSID=SJTU VLAN=1005 AP-name=D3ST-1F-04
<142>May 11 11:42:34 2015 SJTU-Local5 authmgr[2009]: <522220> <INFO> <SJTU-Local5 10.190.5.1>  MAC=f4:09:d8:7b:23:32 IP=10.184.241.130 INTRA MOVE: default_vlan=1005,port=67307,flag=0x10,tunid=67307,apname=D3ST-1F-01, User mac f4:09:d8:7b:23:32 flags 0x10 homeagent 1 tunacl 0x0x0 mac-mismatch 0.
<142>May 11 11:42:34 2015 SJTU-Local5 authmgr[2009]: <522050> <INFO> <SJTU-Local5 10.190.5.1>  MAC=f4:09:d8:7b:23:32,IP=10.184.241.130 User data downloaded to datapath, new Role=sjtu-user/71, bw Contract=0/0, reason=Intra MM move for user, idle-timeout=300
<141>May 11 11:42:34 2015 SJTU-Local5 mobileip[2025]: <500010> <NOTI> <SJTU-Local5 10.190.5.1>  Station f4:09:d8:7b:23:32, 10.184.241.130: Mobility trail, on switch 10.190.5.1, VLAN 1005, AP D3ST-1F-01, SJTU/6c:f3:7f:5a:cc:70/a
<142>May 11 11:42:34 2015 SJTU-Local5 authmgr[2009]: <522035> <INFO> <SJTU-Local5 10.190.5.1>  MAC=f4:09:d8:7b:23:32 Station UP: BSSID=6c:f3:7f:5a:cc:70 ESSID=SJTU VLAN=1005 AP-name=D3ST-1F-01
<142>May 11 11:42:34 2015 SJTU-Local5 authmgr[2009]: <522044> <INFO> <SJTU-Local5 10.190.5.1>  MAC=f4:09:d8:7b:23:32 Station authenticate(start): method=802.1x, role=sjtu-user/sjtu-user//sjtu-user, VLAN=1005/1005, Derivation=1/1, Value Pair=0, flags=0x8
<142>May 11 11:42:34 2015 SJTU-Local5 authmgr[2009]: <522049> <INFO> <SJTU-Local5 10.190.5.1>  MAC=f4:09:d8:7b:23:32,IP=N/A User role updated, existing Role=sjtu-user/sjtu-user, new Role=sjtu-user/sjtu-user, reason=Station Authenticated with auth type: 4
<142>May 11 11:42:34 2015 SJTU-Local5 authmgr[2009]: <522050> <INFO> <SJTU-Local5 10.190.5.1>  MAC=f4:09:d8:7b:23:32,IP=N/A User data downloaded to datapath, new Role=sjtu-user/71, bw Contract=0/0, reason=Download driven by user role setting, idle-timeout=300
<142>May 11 11:42:34 2015 SJTU-Local5 authmgr[2009]: <522029> <INFO> <SJTU-Local5 10.190.5.1>  MAC=f4:09:d8:7b:23:32 Station authenticate: method=802.1x, role=sjtu-user/sjtu-user//sjtu-user, VLAN=1005/1005, Derivation=1/1, Value Pair=0
<141>May 11 11:42:34 2015 SJTU-Local5 authmgr[2009]: <522008> <NOTI> <SJTU-Local5 10.190.5.1>  User Authentication Successful: username=chen_xm MAC=f4:09:d8:7b:23:32 IP=10.184.241.130 role=sjtu-user VLAN=1005 AP=D3ST-1F-01 SSID=SJTU AAA profile=sjtu-dot1x-aaa-profile auth method=802.1x auth server=sjtu-radius-new
<141>May 11 11:42:34 2015 SJTU-Local5 authmgr[2009]: <522008> <NOTI> <SJTU-Local5 10.190.5.1>  User Authentication Successful: username=chen_xm MAC=f4:09:d8:7b:23:32 IP=fe80::f609:d8ff:fe7b:2332 role=sjtu-user VLAN=1005 AP=D3ST-1F-01 SSID=SJTU AAA profile=sjtu-dot1x-aaa-profile auth method=802.1x auth server=sjtu-radius-new
<142>May 11 11:42:36 2015 SJTU-Local5 authmgr[2009]: <522038> <INFO> <SJTU-Local5 10.190.5.1>  username=chen_xm MAC=f4:09:d8:7b:23:32 IP=0.0.0.0 Authentication result=Authentication Successful method=802.1x server=sjtu-radius-new
<142>May 11 11:42:36 2015 SJTU-Local5 authmgr[2009]: <124003> <INFO> <SJTU-Local5 10.190.5.1>  Authentication result=Authentication Successful(0), method=802.1x, server=sjtu-radius-new, user=f4:09:d8:7b:23:32
<142>May 11 11:42:36 2015 SJTU-Local5 authmgr[2009]: <522044> <INFO> <SJTU-Local5 10.190.5.1>  MAC=f4:09:d8:7b:23:32 Station authenticate(start): method=802.1x, role=sjtu-user/sjtu-user//sjtu-user, VLAN=1005/1005, Derivation=1/1, Value Pair=1, flags=0x8
<142>May 11 11:42:36 2015 SJTU-Local5 authmgr[2009]: <522049> <INFO> <SJTU-Local5 10.190.5.1>  MAC=f4:09:d8:7b:23:32,IP=N/A User role updated, existing Role=sjtu-user/sjtu-user, new Role=sjtu-user/sjtu-user, reason=Station Authenticated with auth type: 4
<142>May 11 11:42:36 2015 SJTU-Local5 authmgr[2009]: <522050> <INFO> <SJTU-Local5 10.190.5.1>  MAC=f4:09:d8:7b:23:32,IP=N/A User data downloaded to datapath, new Role=sjtu-user/71, bw Contract=0/0, reason=Download driven by user role setting, idle-timeout=300
<142>May 11 11:42:36 2015 SJTU-Local5 authmgr[2009]: <522029> <INFO> <SJTU-Local5 10.190.5.1>  MAC=f4:09:d8:7b:23:32 Station authenticate: method=802.1x, role=sjtu-user/sjtu-user//sjtu-user, VLAN=1005/1005, Derivation=1/1, Value Pair=1
<141>May 11 11:42:36 2015 SJTU-Local5 authmgr[2009]: <522008> <NOTI> <SJTU-Local5 10.190.5.1>  User Authentication Successful: username=chen_xm MAC=f4:09:d8:7b:23:32 IP=10.184.241.130 role=sjtu-user VLAN=1005 AP=D3ST-1F-01 SSID=SJTU AAA profile=sjtu-dot1x-aaa-profile auth method=802.1x auth server=sjtu-radius-new
<141>May 11 11:42:36 2015 SJTU-Local5 authmgr[2009]: <522008> <NOTI> <SJTU-Local5 10.190.5.1>  User Authentication Successful: username=chen_xm MAC=f4:09:d8:7b:23:32 IP=fe80::f609:d8ff:fe7b:2332 role=sjtu-user VLAN=1005 AP=D3ST-1F-01 SSID=SJTU AAA profile=sjtu-dot1x-aaa-profile auth method=802.1x auth server=sjtu-radius-new
<142>May 11 11:42:43 2015 SJTU-Local5 authmgr[2009]: <522026> <INFO> <SJTU-Local5 10.190.5.1>  MAC=f4:09:d8:7b:23:32 IP=10.184.241.130 User miss: ingress=0x106eb, VLAN=1005 flags=0x48
<142>May 11 11:42:45 2015 SJTU-Local5 authmgr[2009]: <522026> <INFO> <SJTU-Local5 10.190.5.1>  MAC=f4:09:d8:7b:23:32 IP=0.0.0.0 User miss: ingress=0x106eb, VLAN=1005 flags=0x48
<142>May 11 11:42:47 2015 SJTU-Local5 authmgr[2009]: <522026> <INFO> <SJTU-Local5 10.190.5.1>  MAC=f4:09:d8:7b:23:32 IP=0.0.0.0 User miss: ingress=0x106eb, VLAN=1005 flags=0x48
<141>May 11 11:42:56 2015 10.192.32.66 stm[986]: <501109> <NOTI> |AP D3ST-1F-01@10.192.32.66 stm|  Auth request: f4:09:d8:7b:23:32: AP 10.192.32.66-6c:f3:7f:5a:cc:61-D3ST-1F-01 auth_alg 0
<141>May 11 11:42:56 2015 10.192.32.66 stm[986]: <501093> <NOTI> |AP D3ST-1F-01@10.192.32.66 stm|  Auth success: f4:09:d8:7b:23:32: AP 10.192.32.66-6c:f3:7f:5a:cc:61-D3ST-1F-01
<141>May 11 11:42:56 2015 10.192.32.66 stm[986]: <501095> <NOTI> |AP D3ST-1F-01@10.192.32.66 stm|  Assoc request @ 11:42:56.276472: f4:09:d8:7b:23:32 (SN 855): AP 10.192.32.66-6c:f3:7f:5a:cc:61-D3ST-1F-01
<141>May 11 11:42:56 2015 10.192.32.66 stm[986]: <501080> <NOTI> |AP D3ST-1F-01@10.192.32.66 stm|  Deauth to sta: f4:09:d8:7b:23:32: Ageout AP 10.192.32.66-6c:f3:7f:5a:cc:70-D3ST-1F-01 STA has roamed to another AP
<141>May 11 11:42:56 2015 10.192.32.66 stm[986]: <501100> <NOTI> |AP D3ST-1F-01@10.192.32.66 stm|  Assoc success @ 11:42:56.335399: f4:09:d8:7b:23:32: AP 10.192.32.66-6c:f3:7f:5a:cc:61-D3ST-1F-01
<141>May 11 11:42:56 2015 SJTU-Local5 stm[2010]: <501105> <NOTI> <SJTU-Local5 10.190.5.1>  Deauth from sta: f4:09:d8:7b:23:32: AP 10.192.32.66-6c:f3:7f:5a:cc:70-D3ST-1F-01 Reason STA has roamed to another AP
<142>May 11 11:42:56 2015 SJTU-Local5 authmgr[2245]: <522036> <INFO> <SJTU-Local5 10.190.5.1>  MAC=f4:09:d8:7b:23:32 Station DN: BSSID=6c:f3:7f:5a:cc:70 ESSID=SJTU VLAN=1005 AP-name=D3ST-1F-01
<141>May 11 11:42:56 2015 SJTU-Local5 stm[2010]: <501095> <NOTI> <SJTU-Local5 10.190.5.1>  Assoc request @ 11:42:56.472822: f4:09:d8:7b:23:32 (SN 855): AP 10.192.32.66-6c:f3:7f:5a:cc:61-D3ST-1F-01
<141>May 11 11:42:56 2015 SJTU-Local5 stm[2010]: <501100> <NOTI> <SJTU-Local5 10.190.5.1>  Assoc success @ 11:42:56.475756: f4:09:d8:7b:23:32: AP 10.192.32.66-6c:f3:7f:5a:cc:61-D3ST-1F-01
<142>May 11 11:42:56 2015 SJTU-Local5 mobileip[2376]: <500992> <INFO> <SJTU-Local5 10.190.5.1>  Station f4:09:d8:7b:23:32: Assoc event triggered; Current State MIP_PROXY_STALE, Previous State MIP_PROXY_ACTIVE, HA discovery triggered 0 event RECEIVE_ASSOCIATION at line 3596
<142>May 11 11:42:56 2015 SJTU-Local5 authmgr[2009]: <522220> <INFO> <SJTU-Local5 10.190.5.1>  MAC=f4:09:d8:7b:23:32 IP=10.184.241.130 INTRA MOVE: default_vlan=1005,port=69075,flag=0x10,tunid=69075,apname=D3ST-1F-01, User mac f4:09:d8:7b:23:32 flags 0x10 homeagent 1 tunacl 0x0x0 mac-mismatch 0.
<142>May 11 11:42:56 2015 SJTU-Local5 authmgr[2009]: <522050> <INFO> <SJTU-Local5 10.190.5.1>  MAC=f4:09:d8:7b:23:32,IP=10.184.241.130 User data downloaded to datapath, new Role=sjtu-user/71, bw Contract=0/0, reason=Intra MM move for user, idle-timeout=300
<142>May 11 11:42:56 2015 SJTU-Local5 authmgr[2009]: <522035> <INFO> <SJTU-Local5 10.190.5.1>  MAC=f4:09:d8:7b:23:32 Station UP: BSSID=6c:f3:7f:5a:cc:61 ESSID=SJTU VLAN=1005 AP-name=D3ST-1F-01
<142>May 11 11:42:56 2015 SJTU-Local5 authmgr[2009]: <522044> <INFO> <SJTU-Local5 10.190.5.1>  MAC=f4:09:d8:7b:23:32 Station authenticate(start): method=802.1x, role=sjtu-user/sjtu-user//sjtu-user, VLAN=1005/1005, Derivation=1/1, Value Pair=0, flags=0x8
<142>May 11 11:42:56 2015 SJTU-Local5 authmgr[2009]: <522049> <INFO> <SJTU-Local5 10.190.5.1>  MAC=f4:09:d8:7b:23:32,IP=N/A User role updated, existing Role=sjtu-user/sjtu-user, new Role=sjtu-user/sjtu-user, reason=Station Authenticated with auth type: 4
<142>May 11 11:42:56 2015 SJTU-Local5 authmgr[2009]: <522050> <INFO> <SJTU-Local5 10.190.5.1>  MAC=f4:09:d8:7b:23:32,IP=N/A User data downloaded to datapath, new Role=sjtu-user/71, bw Contract=0/0, reason=Download driven by user role setting, idle-timeout=300
<142>May 11 11:42:56 2015 SJTU-Local5 authmgr[2009]: <522029> <INFO> <SJTU-Local5 10.190.5.1>  MAC=f4:09:d8:7b:23:32 Station authenticate: method=802.1x, role=sjtu-user/sjtu-user//sjtu-user, VLAN=1005/1005, Derivation=1/1, Value Pair=0
<141>May 11 11:42:56 2015 SJTU-Local5 authmgr[2009]: <522008> <NOTI> <SJTU-Local5 10.190.5.1>  User Authentication Successful: username=chen_xm MAC=f4:09:d8:7b:23:32 IP=10.184.241.130 role=sjtu-user VLAN=1005 AP=D3ST-1F-01 SSID=SJTU AAA profile=sjtu-dot1x-aaa-profile auth method=802.1x auth server=sjtu-radius-new
<141>May 11 11:42:56 2015 SJTU-Local5 authmgr[2009]: <522008> <NOTI> <SJTU-Local5 10.190.5.1>  User Authentication Successful: username=chen_xm MAC=f4:09:d8:7b:23:32 IP=fe80::f609:d8ff:fe7b:2332 role=sjtu-user VLAN=1005 AP=D3ST-1F-01 SSID=SJTU AAA profile=sjtu-dot1x-aaa-profile auth method=802.1x auth server=sjtu-radius-new
<141>May 11 11:43:08 2015 10.192.32.116 stm[989]: <501109> <NOTI> |AP D3ST-1F-03@10.192.32.116 stm|  Auth request: f4:09:d8:7b:23:32: AP 10.192.32.116-6c:f3:7f:57:3a:b0-D3ST-1F-03 auth_alg 0
<141>May 11 11:43:08 2015 10.192.32.116 stm[989]: <501093> <NOTI> |AP D3ST-1F-03@10.192.32.116 stm|  Auth success: f4:09:d8:7b:23:32: AP 10.192.32.116-6c:f3:7f:57:3a:b0-D3ST-1F-03
<141>May 11 11:43:08 2015 10.192.32.116 stm[989]: <501095> <NOTI> |AP D3ST-1F-03@10.192.32.116 stm|  Assoc request @ 11:43:08.459763: f4:09:d8:7b:23:32 (SN 964): AP 10.192.32.116-6c:f3:7f:57:3a:b0-D3ST-1F-03
<141>May 11 11:43:08 2015 10.192.32.116 stm[989]: <501100> <NOTI> |AP D3ST-1F-03@10.192.32.116 stm|  Assoc success @ 11:43:08.461425: f4:09:d8:7b:23:32: AP 10.192.32.116-6c:f3:7f:57:3a:b0-D3ST-1F-03
<141>May 11 11:43:08 2015 SJTU-Local5 stm[2010]: <501095> <NOTI> <SJTU-Local5 10.190.5.1>  Assoc request @ 11:43:08.497315: f4:09:d8:7b:23:32 (SN 964): AP 10.192.32.116-6c:f3:7f:57:3a:b0-D3ST-1F-03
<142>May 11 11:43:08 2015 SJTU-Local5 authmgr[2245]: <522036> <INFO> <SJTU-Local5 10.190.5.1>  MAC=f4:09:d8:7b:23:32 Station DN: BSSID=6c:f3:7f:5a:cc:61 ESSID=SJTU VLAN=1005 AP-name=D3ST-1F-01
<141>May 11 11:43:08 2015 SJTU-Local5 stm[2010]: <501080> <NOTI> <SJTU-Local5 10.190.5.1>  Deauth to sta: f4:09:d8:7b:23:32: Ageout AP 10.192.32.66-6c:f3:7f:5a:cc:61-D3ST-1F-01 STA has roamed to another AP
<141>May 11 11:43:08 2015 SJTU-Local5 stm[2010]: <501100> <NOTI> <SJTU-Local5 10.190.5.1>  Assoc success @ 11:43:08.500666: f4:09:d8:7b:23:32: AP 10.192.32.116-6c:f3:7f:57:3a:b0-D3ST-1F-03
<141>May 11 11:43:08 2015 10.192.32.66 stm[986]: <501105> <NOTI> |AP D3ST-1F-01@10.192.32.66 stm|  Deauth from sta: f4:09:d8:7b:23:32: AP 10.192.32.66-6c:f3:7f:5a:cc:61-D3ST-1F-01 Reason STA has roamed to another AP
<142>May 11 11:43:08 2015 SJTU-Local5 mobileip[2376]: <500992> <INFO> <SJTU-Local5 10.190.5.1>  Station f4:09:d8:7b:23:32: Assoc event triggered; Current State MIP_PROXY_STALE, Previous State MIP_PROXY_ACTIVE, HA discovery triggered 0 event RECEIVE_ASSOCIATION at line 3596
<142>May 11 11:43:08 2015 SJTU-Local5 authmgr[2009]: <522220> <INFO> <SJTU-Local5 10.190.5.1>  MAC=f4:09:d8:7b:23:32 IP=10.184.241.130 INTRA MOVE: default_vlan=1005,port=68230,flag=0x10,tunid=68230,apname=D3ST-1F-03, User mac f4:09:d8:7b:23:32 flags 0x10 homeagent 1 tunacl 0x0x0 mac-mismatch 0.
<142>May 11 11:43:08 2015 SJTU-Local5 authmgr[2009]: <522050> <INFO> <SJTU-Local5 10.190.5.1>  MAC=f4:09:d8:7b:23:32,IP=10.184.241.130 User data downloaded to datapath, new Role=sjtu-user/71, bw Contract=0/0, reason=Intra MM move for user, idle-timeout=300
<141>May 11 11:43:08 2015 SJTU-Local5 mobileip[2025]: <500010> <NOTI> <SJTU-Local5 10.190.5.1>  Station f4:09:d8:7b:23:32, 10.184.241.130: Mobility trail, on switch 10.190.5.1, VLAN 1005, AP D3ST-1F-03, SJTU/6c:f3:7f:57:3a:b0/a
<142>May 11 11:43:08 2015 SJTU-Local5 authmgr[2009]: <522035> <INFO> <SJTU-Local5 10.190.5.1>  MAC=f4:09:d8:7b:23:32 Station UP: BSSID=6c:f3:7f:57:3a:b0 ESSID=SJTU VLAN=1005 AP-name=D3ST-1F-03
<142>May 11 11:43:09 2015 SJTU-Local5 authmgr[2009]: <522038> <INFO> <SJTU-Local5 10.190.5.1>  username=chen_xm MAC=f4:09:d8:7b:23:32 IP=0.0.0.0 Authentication result=Authentication Successful method=802.1x server=sjtu-radius-new
<142>May 11 11:43:09 2015 SJTU-Local5 authmgr[2009]: <124003> <INFO> <SJTU-Local5 10.190.5.1>  Authentication result=Authentication Successful(0), method=802.1x, server=sjtu-radius-new, user=f4:09:d8:7b:23:32
<142>May 11 11:43:09 2015 SJTU-Local5 authmgr[2009]: <522044> <INFO> <SJTU-Local5 10.190.5.1>  MAC=f4:09:d8:7b:23:32 Station authenticate(start): method=802.1x, role=sjtu-user/sjtu-user//sjtu-user, VLAN=1005/1005, Derivation=1/1, Value Pair=1, flags=0x8
<142>May 11 11:43:09 2015 SJTU-Local5 authmgr[2009]: <522049> <INFO> <SJTU-Local5 10.190.5.1>  MAC=f4:09:d8:7b:23:32,IP=N/A User role updated, existing Role=sjtu-user/sjtu-user, new Role=sjtu-user/sjtu-user, reason=Station Authenticated with auth type: 4
<142>May 11 11:43:09 2015 SJTU-Local5 authmgr[2009]: <522050> <INFO> <SJTU-Local5 10.190.5.1>  MAC=f4:09:d8:7b:23:32,IP=N/A User data downloaded to datapath, new Role=sjtu-user/71, bw Contract=0/0, reason=Download driven by user role setting, idle-timeout=300
<142>May 11 11:43:09 2015 SJTU-Local5 authmgr[2009]: <522029> <INFO> <SJTU-Local5 10.190.5.1>  MAC=f4:09:d8:7b:23:32 Station authenticate: method=802.1x, role=sjtu-user/sjtu-user//sjtu-user, VLAN=1005/1005, Derivation=1/1, Value Pair=1
<141>May 11 11:43:09 2015 SJTU-Local5 authmgr[2009]: <522008> <NOTI> <SJTU-Local5 10.190.5.1>  User Authentication Successful: username=chen_xm MAC=f4:09:d8:7b:23:32 IP=10.184.241.130 role=sjtu-user VLAN=1005 AP=D3ST-1F-03 SSID=SJTU AAA profile=sjtu-dot1x-aaa-profile auth method=802.1x auth server=sjtu-radius-new
<141>May 11 11:43:09 2015 SJTU-Local5 authmgr[2009]: <522008> <NOTI> <SJTU-Local5 10.190.5.1>  User Authentication Successful: username=chen_xm MAC=f4:09:d8:7b:23:32 IP=fe80::f609:d8ff:fe7b:2332 role=sjtu-user VLAN=1005 AP=D3ST-1F-03 SSID=SJTU AAA profile=sjtu-dot1x-aaa-profile auth method=802.1x auth server=sjtu-radius-new
<142>May 11 11:43:19 2015 SJTU-Local5 authmgr[2009]: <522026> <INFO> <SJTU-Local5 10.190.5.1>  MAC=f4:09:d8:7b:23:32 IP=10.184.241.130 User miss: ingress=0x10a86, VLAN=1005 flags=0x148
<142>May 11 11:43:25 2015 SJTU-Local5 authmgr[2009]: <522026> <INFO> <SJTU-Local5 10.190.5.1>  MAC=f4:09:d8:7b:23:32 IP=0.0.0.0 User miss: ingress=0x10a86, VLAN=1005 flags=0x148
<142>May 11 11:43:25 2015 SJTU-Local5 authmgr[2009]: <522026> <INFO> <SJTU-Local5 10.190.5.1>  MAC=f4:09:d8:7b:23:32 IP=0.0.0.0 User miss: ingress=0x10a86, VLAN=1005 flags=0x148
<142>May 11 11:43:31 2015 SJTU-Local5 authmgr[2009]: <522026> <INFO> <SJTU-Local5 10.190.5.1>  MAC=f4:09:d8:7b:23:32 IP=0.0.0.0 User miss: ingress=0x10a86, VLAN=1005 flags=0x148
<142>May 11 11:43:36 2015 SJTU-Local5 authmgr[2009]: <522026> <INFO> <SJTU-Local5 10.190.5.1>  MAC=f4:09:d8:7b:23:32 IP=0.0.0.0 User miss: ingress=0x10a86, VLAN=1005 flags=0x148
<141>May 11 11:44:28 2015 10.192.32.84 stm[989]: <501109> <NOTI> |AP D3ST-2F-02@10.192.32.84 stm|  Auth request: f4:09:d8:7b:23:32: AP 10.192.32.84-6c:f3:7f:57:31:f0-D3ST-2F-02 auth_alg 0
<141>May 11 11:44:28 2015 10.192.32.84 stm[989]: <501093> <NOTI> |AP D3ST-2F-02@10.192.32.84 stm|  Auth success: f4:09:d8:7b:23:32: AP 10.192.32.84-6c:f3:7f:57:31:f0-D3ST-2F-02
<141>May 11 11:44:28 2015 10.192.32.84 stm[989]: <501095> <NOTI> |AP D3ST-2F-02@10.192.32.84 stm|  Assoc request @ 11:44:28.877694: f4:09:d8:7b:23:32 (SN 1626): AP 10.192.32.84-6c:f3:7f:57:31:f0-D3ST-2F-02
<141>May 11 11:44:28 2015 10.192.32.84 stm[989]: <501100> <NOTI> |AP D3ST-2F-02@10.192.32.84 stm|  Assoc success @ 11:44:28.878887: f4:09:d8:7b:23:32: AP 10.192.32.84-6c:f3:7f:57:31:f0-D3ST-2F-02
<141>May 11 11:44:29 2015 SJTU-Local5 stm[2010]: <501095> <NOTI> <SJTU-Local5 10.190.5.1>  Assoc request @ 11:44:29.101558: f4:09:d8:7b:23:32 (SN 1626): AP 10.192.32.84-6c:f3:7f:57:31:f0-D3ST-2F-02
<141>May 11 11:44:29 2015 SJTU-Local5 stm[2010]: <501080> <NOTI> <SJTU-Local5 10.190.5.1>  Deauth to sta: f4:09:d8:7b:23:32: Ageout AP 10.192.32.116-6c:f3:7f:57:3a:b0-D3ST-1F-03 STA has roamed to another AP
<142>May 11 11:44:29 2015 SJTU-Local5 authmgr[2245]: <522036> <INFO> <SJTU-Local5 10.190.5.1>  MAC=f4:09:d8:7b:23:32 Station DN: BSSID=6c:f3:7f:57:3a:b0 ESSID=SJTU VLAN=1005 AP-name=D3ST-1F-03
<141>May 11 11:44:29 2015 10.192.32.116 stm[989]: <501105> <NOTI> |AP D3ST-1F-03@10.192.32.116 stm|  Deauth from sta: f4:09:d8:7b:23:32: AP 10.192.32.116-6c:f3:7f:57:3a:b0-D3ST-1F-03 Reason STA has roamed to another AP
<141>May 11 11:44:29 2015 SJTU-Local5 stm[2010]: <501100> <NOTI> <SJTU-Local5 10.190.5.1>  Assoc success @ 11:44:29.106322: f4:09:d8:7b:23:32: AP 10.192.32.84-6c:f3:7f:57:31:f0-D3ST-2F-02
<142>May 11 11:44:29 2015 SJTU-Local5 mobileip[2376]: <500992> <INFO> <SJTU-Local5 10.190.5.1>  Station f4:09:d8:7b:23:32: Assoc event triggered; Current State MIP_PROXY_STALE, Previous State MIP_PROXY_ACTIVE, HA discovery triggered 0 event RECEIVE_ASSOCIATION at line 3596
<142>May 11 11:44:29 2015 SJTU-Local5 authmgr[2009]: <522220> <INFO> <SJTU-Local5 10.190.5.1>  MAC=f4:09:d8:7b:23:32 IP=10.184.241.130 INTRA MOVE: default_vlan=1005,port=69597,flag=0x10,tunid=69597,apname=D3ST-2F-02, User mac f4:09:d8:7b:23:32 flags 0x10 homeagent 1 tunacl 0x0x0 mac-mismatch 0.
<142>May 11 11:44:29 2015 SJTU-Local5 authmgr[2009]: <522050> <INFO> <SJTU-Local5 10.190.5.1>  MAC=f4:09:d8:7b:23:32,IP=10.184.241.130 User data downloaded to datapath, new Role=sjtu-user/71, bw Contract=0/0, reason=Intra MM move for user, idle-timeout=300
<141>May 11 11:44:29 2015 SJTU-Local5 mobileip[2025]: <500010> <NOTI> <SJTU-Local5 10.190.5.1>  Station f4:09:d8:7b:23:32, 10.184.241.130: Mobility trail, on switch 10.190.5.1, VLAN 1005, AP D3ST-2F-02, SJTU/6c:f3:7f:57:31:f0/a
<142>May 11 11:44:29 2015 SJTU-Local5 authmgr[2009]: <522035> <INFO> <SJTU-Local5 10.190.5.1>  MAC=f4:09:d8:7b:23:32 Station UP: BSSID=6c:f3:7f:57:31:f0 ESSID=SJTU VLAN=1005 AP-name=D3ST-2F-02
<142>May 11 11:45:40 2015 SJTU-Local5 authmgr[2009]: <522030> <INFO> <SJTU-Local5 10.190.5.1>  MAC=f4:09:d8:7b:23:32 Station deauthenticated: BSSID=6c:f3:7f:57:31:f0, ESSID=SJTU
<142>May 11 11:45:40 2015 SJTU-Local5 authmgr[2009]: <522049> <INFO> <SJTU-Local5 10.190.5.1>  MAC=f4:09:d8:7b:23:32,IP=N/A User role updated, existing Role=sjtu-user/sjtu-user, new Role=sjtu-user/sjtu-user, reason=Station is L2 deauthenticated
<142>May 11 11:45:40 2015 SJTU-Local5 authmgr[2009]: <522050> <INFO> <SJTU-Local5 10.190.5.1>  MAC=f4:09:d8:7b:23:32,IP=N/A User data downloaded to datapath, new Role=sjtu-user/71, bw Contract=0/0, reason=Download driven by user role setting, idle-timeout=300
<141>May 11 11:45:40 2015 SJTU-Local5 authmgr[2009]: <522010> <NOTI> <SJTU-Local5 10.190.5.1>  MAC=f4:09:d8:7b:23:32 IP=10.184.241.130 User de-authenticated: name=chen_xm, cause=user request
<142>May 11 11:45:40 2015 SJTU-Local5 authmgr[2009]: <522049> <INFO> <SJTU-Local5 10.190.5.1>  MAC=f4:09:d8:7b:23:32,IP=10.184.241.130 User role updated, existing Role=sjtu-user/sjtu-user, new Role=sjtu-user/sjtu-user, reason=User de-authenticated with a role
<142>May 11 11:45:40 2015 SJTU-Local5 authmgr[2009]: <522050> <INFO> <SJTU-Local5 10.190.5.1>  MAC=f4:09:d8:7b:23:32,IP=10.184.241.130 User data downloaded to datapath, new Role=sjtu-user/71, bw Contract=0/0, reason=Download driven by user role setting, idle-timeout=300
<141>May 11 11:45:40 2015 SJTU-Local5 authmgr[2009]: <522010> <NOTI> <SJTU-Local5 10.190.5.1>  MAC=f4:09:d8:7b:23:32 IP=fe80::f609:d8ff:fe7b:2332 User de-authenticated: name=, cause=user request
<142>May 11 11:45:40 2015 SJTU-Local5 authmgr[2009]: <522049> <INFO> <SJTU-Local5 10.190.5.1>  MAC=f4:09:d8:7b:23:32,IP=fe80::f609:d8ff:fe7b:2332 User role updated, existing Role=sjtu-user/sjtu-user, new Role=sjtu-user/sjtu-user, reason=User de-authenticated with a role
<142>May 11 11:45:40 2015 SJTU-Local5 authmgr[2009]: <522050> <INFO> <SJTU-Local5 10.190.5.1>  MAC=f4:09:d8:7b:23:32,IP=fe80::f609:d8ff:fe7b:2332 User data downloaded to datapath, new Role=sjtu-user/71, bw Contract=0/0, reason=Download driven by user role setting, idle-timeout=300
<142>May 11 11:45:40 2015 SJTU-Local5 authmgr[2009]: <522038> <INFO> <SJTU-Local5 10.190.5.1>  username=chen_xm MAC=f4:09:d8:7b:23:32 IP=10.184.241.130 Authentication result=Authentication Successful method=radius-accounting server=sjtu-radius-new
<142>May 11 11:45:40 2015 SJTU-Local5 authmgr[2009]: <124003> <INFO> <SJTU-Local5 10.190.5.1>  Authentication result=Authentication Successful(0), method=radius-accounting, server=sjtu-radius-new, user=f4:09:d8:7b:23:32
<141>May 11 11:46:44 2015 SJTU-Local5 stm[2010]: <501095> <NOTI> <SJTU-Local5 10.190.5.1>  Assoc request @ 11:46:44.658168: f4:09:d8:7b:23:32 (SN 1970): AP 10.192.14.173-d8:c7:c8:26:b3:98-YFKJL-1F-01
<141>May 11 11:46:44 2015 10.192.14.173 stm[682]: <501109> <NOTI> |AP YFKJL-1F-01@10.192.14.173 stm|  Auth request: f4:09:d8:7b:23:32: AP 10.192.14.173-d8:c7:c8:26:b3:98-YFKJL-1F-01 auth_alg 0
<141>May 11 11:46:44 2015 10.192.14.173 stm[682]: <501093> <NOTI> |AP YFKJL-1F-01@10.192.14.173 stm|  Auth success: f4:09:d8:7b:23:32: AP 10.192.14.173-d8:c7:c8:26:b3:98-YFKJL-1F-01
<141>May 11 11:46:44 2015 10.192.14.173 stm[682]: <501095> <NOTI> |AP YFKJL-1F-01@10.192.14.173 stm|  Assoc request @ 11:46:44.457164: f4:09:d8:7b:23:32 (SN 1970): AP 10.192.14.173-d8:c7:c8:26:b3:98-YFKJL-1F-01
<141>May 11 11:46:44 2015 10.192.14.173 stm[682]: <501100> <NOTI> |AP YFKJL-1F-01@10.192.14.173 stm|  Assoc success @ 11:46:44.458312: f4:09:d8:7b:23:32: AP 10.192.14.173-d8:c7:c8:26:b3:98-YFKJL-1F-01
<141>May 11 11:46:44 2015 10.192.32.84 stm[989]: <501105> <NOTI> |AP D3ST-2F-02@10.192.32.84 stm|  Deauth from sta: f4:09:d8:7b:23:32: AP 10.192.32.84-6c:f3:7f:57:31:f0-D3ST-2F-02 Reason STA has roamed to another AP
<141>May 11 11:46:44 2015 SJTU-Local5 stm[2010]: <501080> <NOTI> <SJTU-Local5 10.190.5.1>  Deauth to sta: f4:09:d8:7b:23:32: Ageout AP 10.192.32.84-6c:f3:7f:57:31:f0-D3ST-2F-02 STA has roamed to another AP
<141>May 11 11:46:44 2015 SJTU-Local5 stm[2010]: <501100> <NOTI> <SJTU-Local5 10.190.5.1>  Assoc success @ 11:46:44.661108: f4:09:d8:7b:23:32: AP 10.192.14.173-d8:c7:c8:26:b3:98-YFKJL-1F-01
<142>May 11 11:46:44 2015 SJTU-Local5 mobileip[2376]: <500992> <INFO> <SJTU-Local5 10.190.5.1>  Station f4:09:d8:7b:23:32: Assoc event triggered; Current State MIP_PROXY_STALE, Previous State MIP_PROXY_ACTIVE, HA discovery triggered 0 event RECEIVE_ASSOCIATION at line 3596
<142>May 11 11:46:44 2015 SJTU-Local5 authmgr[2245]: <522036> <INFO> <SJTU-Local5 10.190.5.1>  MAC=f4:09:d8:7b:23:32 Station DN: BSSID=6c:f3:7f:57:31:f0 ESSID=SJTU VLAN=1005 AP-name=D3ST-2F-02
<142>May 11 11:46:44 2015 SJTU-Local5 authmgr[2009]: <522220> <INFO> <SJTU-Local5 10.190.5.1>  MAC=f4:09:d8:7b:23:32 IP=10.184.241.130 INTRA MOVE: default_vlan=1005,port=66268,flag=0x10,tunid=66268,apname=YFKJL-1F-01, User mac f4:09:d8:7b:23:32 flags 0x10 homeagent 1 tunacl 0x0x0 mac-mismatch 0.
<142>May 11 11:46:44 2015 SJTU-Local5 authmgr[2009]: <522050> <INFO> <SJTU-Local5 10.190.5.1>  MAC=f4:09:d8:7b:23:32,IP=10.184.241.130 User data downloaded to datapath, new Role=sjtu-user/71, bw Contract=0/0, reason=Intra MM move for user, idle-timeout=300
<141>May 11 11:46:44 2015 SJTU-Local5 mobileip[2025]: <500010> <NOTI> <SJTU-Local5 10.190.5.1>  Station f4:09:d8:7b:23:32, 10.184.241.130: Mobility trail, on switch 10.190.5.1, VLAN 1005, AP YFKJL-1F-01, SJTU/d8:c7:c8:26:b3:98/a
<142>May 11 11:46:45 2015 SJTU-Local5 authmgr[2009]: <522035> <INFO> <SJTU-Local5 10.190.5.1>  MAC=f4:09:d8:7b:23:32 Station UP: BSSID=d8:c7:c8:26:b3:98 ESSID=SJTU VLAN=1005 AP-name=YFKJL-1F-01
<139>May 11 11:50:40 2015 SJTU-Local5 authmgr[2009]: <132197> <ERRS> <SJTU-Local5 10.190.5.1>  Maximum number of retries was attempted for station chen_xm f4:09:d8:7b:23:32 d8:c7:c8:26:b3:98, deauthenticating the station
<141>May 11 11:50:40 2015 SJTU-Local5 stm[2299]: <501106> <NOTI> <SJTU-Local5 10.190.5.1>  Deauth to sta: f4:09:d8:7b:23:32: Ageout AP 10.192.14.173-d8:c7:c8:26:b3:98-YFKJL-1F-01 wifi_deauth_sta
<141>May 11 11:50:40 2015 SJTU-Local5 stm[2299]: <501080> <NOTI> <SJTU-Local5 10.190.5.1>  Deauth to sta: f4:09:d8:7b:23:32: Ageout AP 10.192.14.173-d8:c7:c8:26:b3:98-YFKJL-1F-01 APAE Disconnect
<142>May 11 11:50:40 2015 SJTU-Local5 authmgr[2245]: <522036> <INFO> <SJTU-Local5 10.190.5.1>  MAC=f4:09:d8:7b:23:32 Station DN: BSSID=d8:c7:c8:26:b3:98 ESSID=SJTU VLAN=1005 AP-name=YFKJL-1F-01
<141>May 11 11:50:40 2015 10.192.14.173 stm[682]: <501105> <NOTI> |AP YFKJL-1F-01@10.192.14.173 stm|  Deauth from sta: f4:09:d8:7b:23:32: AP 10.192.14.173-d8:c7:c8:26:b3:98-YFKJL-1F-01 Reason APAE Disconnect
<142>May 11 11:51:52 2015 SJTU-Local5 mobileip[2025]: <500007> <INFO> <SJTU-Local5 10.190.5.1>  Station f4:09:d8:7b:23:32, 10.184.241.130: Mobility stale entry timeout, station state will be deleted
<142>May 11 11:51:52 2015 SJTU-Local5 authmgr[2009]: <522005> <INFO> <SJTU-Local5 10.190.5.1>  MAC=f4:09:d8:7b:23:32 IP=10.184.241.130 User entry deleted: reason=used deleted on FA
<142>May 11 11:51:52 2015 SJTU-Local5 authmgr[2009]: <522005> <INFO> <SJTU-Local5 10.190.5.1>  MAC=f4:09:d8:7b:23:32 IP=fe80::f609:d8ff:fe7b:2332 User entry deleted: reason=used deleted on FA
<142>May 11 11:51:52 2015 SJTU-Local5 authmgr[2009]: <522050> <INFO> <SJTU-Local5 10.190.5.1>  MAC=f4:09:d8:7b:23:32,IP=N/A User data downloaded to datapath, new Role=sjtu-user/71, bw Contract=0/0, reason=Station resetting role, idle-timeout=300
<142>May 11 11:51:55 2015 SJTU-Local5 mdns[2089]: <527004> <INFO> <SJTU-Local5 10.190.5.1>  mdns_parse_auth_useridle_message 197 Auth User Idle Timeout: MAC:f4:09:d8:7b:23:32, WIRED:0, FW:0, VLAN:1005, IP:10.184.241.130, BSSID:d8:c7:c8:26:b3:98, AGE:2135,
<142>May 11 11:51:55 2015 SJTU-Local5 mdns[2089]: <527004> <INFO> <SJTU-Local5 10.190.5.1>  mdns_parse_auth_useridle_message 197 Auth User Idle Timeout: MAC:f4:09:d8:7b:23:32, WIRED:0, FW:0, VLAN:1005, IP:fe80::f609:d8ff:fe7b:2332, BSSID:d8:c7:c8:26:b3:98, AGE:2135,
<140>May 11 11:49:29 2015 10.192.32.4 sapd[677]: <127037> <WARN> |AP WLXXZX-2F-01@10.192.32.4 sapd| |ids-ap| AP(d8:c7:c8:26:b0:90): Station Associated to Rogue AP: An AP detected a client f4:09:d8:7b:23:32 associated to a rogue access point (BSSID 0c:82:68:de:03:ee and SSID Lab305 on CHANNEL 6).
<140>May 11 12:20:45 2015 10.192.32.53 sapd[674]: <127065> <WARN> |AP WLXXZX-3F-01@10.192.32.53 sapd| |ids-ap| AP(6c:f3:7f:37:b4:80): Valid Client Not Using Encryption: An AP detected an unencrypted frame between a valid client (f4:09:d8:7b:23:32) and access point (BSSID 6c:f3:7f:37:b4:82), with source 00:0b:86:16:bd:00 and receiver f4:09:d8:7b:23:32. SNR value is 35.
<141>May 10 21:45:51 2015 10.192.14.164 stm[682]: <501109> <NOTI> |AP YFKJL-2F-04@10.192.14.164 stm|  Auth request: f4:09:d8:7b:23:32: AP 10.192.14.164-d8:c7:c8:26:db:f8-YFKJL-2F-04 auth_alg 0
<141>May 10 21:45:51 2015 10.192.14.164 stm[682]: <501093> <NOTI> |AP YFKJL-2F-04@10.192.14.164 stm|  Auth success: f4:09:d8:7b:23:32: AP 10.192.14.164-d8:c7:c8:26:db:f8-YFKJL-2F-04
<141>May 10 21:45:51 2015 10.192.14.164 stm[682]: <501095> <NOTI> |AP YFKJL-2F-04@10.192.14.164 stm|  Assoc request @ 21:45:51.681901: f4:09:d8:7b:23:32 (SN 2010): AP 10.192.14.164-d8:c7:c8:26:db:f8-YFKJL-2F-04
<141>May 10 21:45:51 2015 10.192.14.164 stm[682]: <501100> <NOTI> |AP YFKJL-2F-04@10.192.14.164 stm|  Assoc success @ 21:45:51.683118: f4:09:d8:7b:23:32: AP 10.192.14.164-d8:c7:c8:26:db:f8-YFKJL-2F-04
<142>May 10 21:45:51 2015 SJTU-Local5 wms[1937]: <316251> <INFO> <SJTU-Local5 10.190.5.1>  Sending New-STA Message for Client: MAC=f4:09:d8:7b:23:32 BSSID=d8:c7:c8:26:db:f8 Phy-type=1 Rsta-type=interfering
<141>May 10 21:45:51 2015 SJTU-Local5 stm[2010]: <501095> <NOTI> <SJTU-Local5 10.190.5.1>  Assoc request @ 21:45:51.781059: f4:09:d8:7b:23:32 (SN 2010): AP 10.192.14.164-d8:c7:c8:26:db:f8-YFKJL-2F-04
<141>May 10 21:45:51 2015 SJTU-Local5 stm[2010]: <501100> <NOTI> <SJTU-Local5 10.190.5.1>  Assoc success @ 21:45:51.782821: f4:09:d8:7b:23:32: AP 10.192.14.164-d8:c7:c8:26:db:f8-YFKJL-2F-04
<142>May 10 21:45:51 2015 SJTU-Local5 authmgr[2245]: <522035> <INFO> <SJTU-Local5 10.190.5.1>  MAC=f4:09:d8:7b:23:32 Station UP: BSSID=d8:c7:c8:26:db:f8 ESSID=SJTU VLAN=1005 AP-name=YFKJL-2F-04
<142>May 10 21:45:51 2015 SJTU-Local5 mobileip[2376]: <500004> <INFO> <SJTU-Local5 10.190.5.1>  Station f4:09:d8:7b:23:32, : Created mobility state for new station
<142>May 10 21:45:51 2015 SJTU-Local5 authmgr[2245]: <522050> <INFO> <SJTU-Local5 10.190.5.1>  MAC=f4:09:d8:7b:23:32,IP=N/A User data downloaded to datapath, new Role=sjtu-user/71, bw Contract=0/0, reason=layer 2 event driven download, idle-timeout=300
<142>May 10 21:45:51 2015 SJTU-Local5 authmgr[2009]: <522050> <INFO> <SJTU-Local5 10.190.5.1>  MAC=f4:09:d8:7b:23:32,IP=N/A User data downloaded to datapath, new Role=sys_mip_role_16bf80_3924/106, bw Contract=0/0, reason=MM Intermove for user, idle-timeout=300
<142>May 10 21:46:10 2015 SJTU-Local5 mobileip[2025]: <500157> <INFO> <SJTU-Local5 10.190.5.1>  Visitor: f4:09:d8:7b:23:32, 10.187.46.39 Previous: MIP_FA_VERIFY_STATE Current State: MIP_FA_INIT Proxy MN: 10.187.46.39 Home agent: 10.190.4.1 HomeVlan: 1004 Current Vlan: 1005 event: Visitor Deleted at line 2554
<142>May 10 21:46:10 2015 SJTU-Local5 mobileip[2025]: <500073> <INFO> <SJTU-Local5 10.190.5.1>  Station f4:09:d8:7b:23:32, 10.187.46.39: HA discovery did not find a remote session: THIS will be the home switch
<142>May 10 21:46:10 2015 SJTU-Local5 authmgr[2009]: <522050> <INFO> <SJTU-Local5 10.190.5.1>  MAC=f4:09:d8:7b:23:32,IP=N/A User data downloaded to datapath, new Role=sys_mip_role_16bf80_3924/106, bw Contract=0/0, reason=Intra MM move for user, idle-timeout=300
<141>May 10 21:46:10 2015 SJTU-Local5 mobileip[2025]: <500010> <NOTI> <SJTU-Local5 10.190.5.1>  Station f4:09:d8:7b:23:32, 10.187.46.39: Mobility trail, on switch 10.190.5.1, VLAN 1005, AP YFKJL-2F-04, SJTU/d8:c7:c8:26:db:f8/a
<141>May 10 21:46:52 2015 10.192.14.169 stm[682]: <501109> <NOTI> |AP YFKJL-2F-08@10.192.14.169 stm|  Auth request: f4:09:d8:7b:23:32: AP 10.192.14.169-d8:c7:c8:27:10:48-YFKJL-2F-08 auth_alg 0
<141>May 10 21:46:52 2015 10.192.14.169 stm[682]: <501093> <NOTI> |AP YFKJL-2F-08@10.192.14.169 stm|  Auth success: f4:09:d8:7b:23:32: AP 10.192.14.169-d8:c7:c8:27:10:48-YFKJL-2F-08
<141>May 10 21:46:52 2015 SJTU-Local5 stm[2010]: <501095> <NOTI> <SJTU-Local5 10.190.5.1>  Assoc request @ 21:46:52.346626: f4:09:d8:7b:23:32 (SN 2221): AP 10.192.14.169-d8:c7:c8:27:10:48-YFKJL-2F-08
<142>May 10 21:46:52 2015 SJTU-Local5 authmgr[2245]: <522036> <INFO> <SJTU-Local5 10.190.5.1>  MAC=f4:09:d8:7b:23:32 Station DN: BSSID=d8:c7:c8:26:db:f8 ESSID=SJTU VLAN=1005 AP-name=YFKJL-2F-04
<141>May 10 21:46:52 2015 10.192.14.169 stm[682]: <501095> <NOTI> |AP YFKJL-2F-08@10.192.14.169 stm|  Assoc request @ 21:46:52.020653: f4:09:d8:7b:23:32 (SN 2221): AP 10.192.14.169-d8:c7:c8:27:10:48-YFKJL-2F-08
<141>May 10 21:46:52 2015 10.192.14.169 stm[682]: <501100> <NOTI> |AP YFKJL-2F-08@10.192.14.169 stm|  Assoc success @ 21:46:52.021882: f4:09:d8:7b:23:32: AP 10.192.14.169-d8:c7:c8:27:10:48-YFKJL-2F-08
<141>May 10 21:46:52 2015 SJTU-Local5 stm[2010]: <501080> <NOTI> <SJTU-Local5 10.190.5.1>  Deauth to sta: f4:09:d8:7b:23:32: Ageout AP 10.192.14.164-d8:c7:c8:26:db:f8-YFKJL-2F-04 STA has roamed to another AP
<141>May 10 21:46:52 2015 10.192.14.164 stm[682]: <501105> <NOTI> |AP YFKJL-2F-04@10.192.14.164 stm|  Deauth from sta: f4:09:d8:7b:23:32: AP 10.192.14.164-d8:c7:c8:26:db:f8-YFKJL-2F-04 Reason STA has roamed to another AP
<141>May 10 21:46:52 2015 SJTU-Local5 stm[2010]: <501100> <NOTI> <SJTU-Local5 10.190.5.1>  Assoc success @ 21:46:52.350018: f4:09:d8:7b:23:32: AP 10.192.14.169-d8:c7:c8:27:10:48-YFKJL-2F-08
<142>May 10 21:46:52 2015 SJTU-Local5 authmgr[2245]: <522035> <INFO> <SJTU-Local5 10.190.5.1>  MAC=f4:09:d8:7b:23:32 Station UP: BSSID=d8:c7:c8:27:10:48 ESSID=SJTU VLAN=1005 AP-name=YFKJL-2F-08
<142>May 10 21:46:52 2015 SJTU-Local5 mobileip[2376]: <500992> <INFO> <SJTU-Local5 10.190.5.1>  Station f4:09:d8:7b:23:32: Assoc event triggered; Current State MIP_PROXY_STALE, Previous State MIP_PROXY_ACTIVE, HA discovery triggered 0 event RECEIVE_REASSOCIATION at line 3625
<142>May 10 21:46:52 2015 SJTU-Local5 authmgr[2245]: <522050> <INFO> <SJTU-Local5 10.190.5.1>  MAC=f4:09:d8:7b:23:32,IP=N/A User data downloaded to datapath, new Role=sjtu-user/71, bw Contract=0/0, reason=layer 2 event driven download, idle-timeout=300
<142>May 10 21:46:52 2015 SJTU-Local5 authmgr[2009]: <522050> <INFO> <SJTU-Local5 10.190.5.1>  MAC=f4:09:d8:7b:23:32,IP=N/A User data downloaded to datapath, new Role=(null)/0, bw Contract=0/0, reason=Intra MM move for user, idle-timeout=300
