<141>May 11 10:10:20 2015 10.192.32.92 stm[989]: <501106> <NOTI> |AP D3ST-1F-02@10.192.32.92 stm|  Deauth to sta: f4:09:d8:7b:23:32: Ageout AP 10.192.32.92-6c:f3:7f:5a:ca:30-D3ST-1F-02 handle_sapcp
<141>May 11 10:10:20 2015 10.192.32.92 stm[989]: <501080> <NOTI> |AP D3ST-1F-02@10.192.32.92 stm|  Deauth to sta: f4:09:d8:7b:23:32: Ageout AP 10.192.32.92-6c:f3:7f:5a:ca:30-D3ST-1F-02 Sapcp Ageout (internal ageout)
<141>May 11 10:10:20 2015 SJTU-Local5 stm[2010]: <501114> <NOTI> <SJTU-Local5 10.190.5.1>  Deauth from sta: f4:09:d8:7b:23:32: AP 10.192.32.92-6c:f3:7f:5a:ca:30-D3ST-1F-02 Reason 255
<142>May 11 10:18:56 2015 SJTU-Local3 mobileip[2028]: <500007> <INFO> <SJTU-Local3 10.190.3.1>  Station f4:09:d8:7b:23:32, : Mobility stale entry timeout, station state will be deleted
<141>May 11 10:12:21 2015 10.192.14.173 stm[682]: <501109> <NOTI> |AP YFKJL-1F-01@10.192.14.173 stm|  Auth request: f4:09:d8:7b:23:32: AP 10.192.14.173-d8:c7:c8:26:b3:98-YFKJL-1F-01 auth_alg 0
<141>May 11 10:12:21 2015 SJTU-Local5 stm[2010]: <501095> <NOTI> <SJTU-Local5 10.190.5.1>  Assoc request @ 10:12:21.471510: f4:09:d8:7b:23:32 (SN 1252): AP 10.192.14.173-d8:c7:c8:26:b3:98-YFKJL-1F-01
<142>May 11 10:12:21 2015 SJTU-Local5 authmgr[2245]: <522036> <INFO> <SJTU-Local5 10.190.5.1>  MAC=f4:09:d8:7b:23:32 Station DN: BSSID=6c:f3:7f:57:31:f0 ESSID=SJTU VLAN=1005 AP-name=D3ST-2F-02
<141>May 11 10:12:21 2015 SJTU-Local5 stm[2010]: <501080> <NOTI> <SJTU-Local5 10.190.5.1>  Deauth to sta: f4:09:d8:7b:23:32: Ageout AP 10.192.32.84-6c:f3:7f:57:31:f0-D3ST-2F-02 STA has roamed to another AP
<141>May 11 10:12:21 2015 10.192.14.173 stm[682]: <501093> <NOTI> |AP YFKJL-1F-01@10.192.14.173 stm|  Auth success: f4:09:d8:7b:23:32: AP 10.192.14.173-d8:c7:c8:26:b3:98-YFKJL-1F-01
<141>May 11 10:12:21 2015 10.192.14.173 stm[682]: <501095> <NOTI> |AP YFKJL-1F-01@10.192.14.173 stm|  Assoc request @ 10:12:21.469527: f4:09:d8:7b:23:32 (SN 1252): AP 10.192.14.173-d8:c7:c8:26:b3:98-YFKJL-1F-01
<141>May 11 10:12:21 2015 10.192.14.173 stm[682]: <501100> <NOTI> |AP YFKJL-1F-01@10.192.14.173 stm|  Assoc success @ 10:12:21.470788: f4:09:d8:7b:23:32: AP 10.192.14.173-d8:c7:c8:26:b3:98-YFKJL-1F-01
<141>May 11 10:12:21 2015 10.192.32.84 stm[989]: <501105> <NOTI> |AP D3ST-2F-02@10.192.32.84 stm|  Deauth from sta: f4:09:d8:7b:23:32: AP 10.192.32.84-6c:f3:7f:57:31:f0-D3ST-2F-02 Reason STA has roamed to another AP
<141>May 11 10:12:21 2015 SJTU-Local5 stm[2010]: <501100> <NOTI> <SJTU-Local5 10.190.5.1>  Assoc success @ 10:12:21.475203: f4:09:d8:7b:23:32: AP 10.192.14.173-d8:c7:c8:26:b3:98-YFKJL-1F-01
<142>May 11 10:12:21 2015 SJTU-Local5 authmgr[2245]: <522035> <INFO> <SJTU-Local5 10.190.5.1>  MAC=f4:09:d8:7b:23:32 Station UP: BSSID=d8:c7:c8:26:b3:98 ESSID=SJTU VLAN=1005 AP-name=YFKJL-1F-01
<142>May 11 10:12:21 2015 SJTU-Local5 mobileip[2376]: <500992> <INFO> <SJTU-Local5 10.190.5.1>  Station f4:09:d8:7b:23:32: Assoc event triggered; Current State MIP_PROXY_STALE, Previous State MIP_PROXY_ACTIVE, HA discovery triggered 0 event RECEIVE_ASSOCIATION at line 3596
<142>May 11 10:12:21 2015 SJTU-Local5 authmgr[2245]: <522044> <INFO> <SJTU-Local5 10.190.5.1>  MAC=f4:09:d8:7b:23:32 Station authenticate(start): method=802.1x, role=sjtu-user/sjtu-user//sjtu-user, VLAN=1005/1005, Derivation=1/1, Value Pair=0, flags=0x8
<142>May 11 10:12:21 2015 SJTU-Local5 authmgr[2245]: <522049> <INFO> <SJTU-Local5 10.190.5.1>  MAC=f4:09:d8:7b:23:32,IP=N/A User role updated, existing Role=sjtu-user/sjtu-user, new Role=sjtu-user/sjtu-user, reason=Station Authenticated with auth type: 4
<142>May 11 10:12:21 2015 SJTU-Local5 authmgr[2245]: <522050> <INFO> <SJTU-Local5 10.190.5.1>  MAC=f4:09:d8:7b:23:32,IP=N/A User data downloaded to datapath, new Role=sjtu-user/71, bw Contract=0/0, reason=Download driven by user role setting, idle-timeout=300
<142>May 11 10:12:21 2015 SJTU-Local5 authmgr[2245]: <522029> <INFO> <SJTU-Local5 10.190.5.1>  MAC=f4:09:d8:7b:23:32 Station authenticate: method=802.1x, role=sjtu-user/sjtu-user//sjtu-user, VLAN=1005/1005, Derivation=1/1, Value Pair=0
<141>May 11 10:12:21 2015 SJTU-Local5 authmgr[2245]: <522008> <NOTI> <SJTU-Local5 10.190.5.1>  User Authentication Successful: username=chen_xm MAC=f4:09:d8:7b:23:32 IP=fe80::f609:d8ff:fe7b:2332 role=sjtu-user VLAN=1005 AP=YFKJL-1F-01 SSID=SJTU AAA profile=sjtu-dot1x-aaa-profile auth method=802.1x auth server=sjtu-radius-new
<142>May 11 10:12:21 2015 SJTU-Local5 authmgr[2009]: <522050> <INFO> <SJTU-Local5 10.190.5.1>  MAC=f4:09:d8:7b:23:32,IP=N/A User data downloaded to datapath, new Role=sjtu-user/71, bw Contract=0/0, reason=Intra MM move for user, idle-timeout=300
<141>May 11 10:12:21 2015 SJTU-Local5 mobileip[2025]: <500010> <NOTI> <SJTU-Local5 10.190.5.1>  Station f4:09:d8:7b:23:32, : Mobility trail, on switch 10.190.5.1, VLAN 1005, AP YFKJL-1F-01, SJTU/d8:c7:c8:26:b3:98/a
<142>May 11 10:12:22 2015 SJTU-Local5 authmgr[2009]: <522026> <INFO> <SJTU-Local5 10.190.5.1>  MAC=f4:09:d8:7b:23:32 IP=0.0.0.0 User miss: ingress=0x102dc, VLAN=1005 flags=0x48
<142>May 11 10:12:25 2015 SJTU-Local5 authmgr[2009]: <522026> <INFO> <SJTU-Local5 10.190.5.1>  MAC=f4:09:d8:7b:23:32 IP=0.0.0.0 User miss: ingress=0x102dc, VLAN=1005 flags=0x48
<141>May 11 10:13:12 2015 10.192.26.145 stm[679]: <501109> <NOTI> |AP DXY-5F-01@10.192.26.145 stm|  Auth request: f4:09:d8:7b:23:32: AP 10.192.26.145-6c:f3:7f:36:33:78-DXY-5F-01 auth_alg 0
<141>May 11 10:13:12 2015 10.192.26.145 stm[679]: <501093> <NOTI> |AP DXY-5F-01@10.192.26.145 stm|  Auth success: f4:09:d8:7b:23:32: AP 10.192.26.145-6c:f3:7f:36:33:78-DXY-5F-01
<141>May 11 10:13:12 2015 10.192.26.145 stm[679]: <501109> <NOTI> |AP DXY-5F-01@10.192.26.145 stm|  Auth request: f4:09:d8:7b:23:32: AP 10.192.26.145-6c:f3:7f:36:33:78-DXY-5F-01 auth_alg 0
<141>May 11 10:13:12 2015 10.192.26.145 stm[679]: <501093> <NOTI> |AP DXY-5F-01@10.192.26.145 stm|  Auth success: f4:09:d8:7b:23:32: AP 10.192.26.145-6c:f3:7f:36:33:78-DXY-5F-01
<141>May 11 10:13:12 2015 10.192.26.145 stm[679]: <501109> <NOTI> |AP DXY-5F-01@10.192.26.145 stm|  Auth request: f4:09:d8:7b:23:32: AP 10.192.26.145-6c:f3:7f:36:33:78-DXY-5F-01 auth_alg 0
<141>May 11 10:13:12 2015 10.192.26.145 stm[679]: <501093> <NOTI> |AP DXY-5F-01@10.192.26.145 stm|  Auth success: f4:09:d8:7b:23:32: AP 10.192.26.145-6c:f3:7f:36:33:78-DXY-5F-01
<141>May 11 10:13:29 2015 10.192.26.145 stm[679]: <501106> <NOTI> |AP DXY-5F-01@10.192.26.145 stm|  Deauth to sta: f4:09:d8:7b:23:32: Ageout AP 10.192.26.145-6c:f3:7f:36:33:78-DXY-5F-01 handle_sapcp
<141>May 11 10:13:29 2015 SJTU-Local5 stm[2010]: <501114> <NOTI> <SJTU-Local5 10.190.5.1>  Deauth from sta: f4:09:d8:7b:23:32: AP 10.192.26.145-6c:f3:7f:36:33:78-DXY-5F-01 Reason 255
<141>May 11 10:13:29 2015 10.192.26.145 stm[679]: <501080> <NOTI> |AP DXY-5F-01@10.192.26.145 stm|  Deauth to sta: f4:09:d8:7b:23:32: Ageout AP 10.192.26.145-6c:f3:7f:36:33:78-DXY-5F-01 Sapcp Ageout (internal ageout)
<141>May 11 10:13:46 2015 10.192.26.145 stm[679]: <501109> <NOTI> |AP DXY-5F-01@10.192.26.145 stm|  Auth request: f4:09:d8:7b:23:32: AP 10.192.26.145-6c:f3:7f:36:33:78-DXY-5F-01 auth_alg 0
<141>May 11 10:13:46 2015 SJTU-Local5 stm[2010]: <501095> <NOTI> <SJTU-Local5 10.190.5.1>  Assoc request @ 10:13:46.920932: f4:09:d8:7b:23:32 (SN 1498): AP 10.192.26.145-6c:f3:7f:36:33:78-DXY-5F-01
<142>May 11 10:13:46 2015 SJTU-Local5 authmgr[2245]: <522036> <INFO> <SJTU-Local5 10.190.5.1>  MAC=f4:09:d8:7b:23:32 Station DN: BSSID=d8:c7:c8:26:b3:98 ESSID=SJTU VLAN=1005 AP-name=YFKJL-1F-01
<141>May 11 10:13:46 2015 SJTU-Local5 stm[2010]: <501080> <NOTI> <SJTU-Local5 10.190.5.1>  Deauth to sta: f4:09:d8:7b:23:32: Ageout AP 10.192.14.173-d8:c7:c8:26:b3:98-YFKJL-1F-01 STA has roamed to another AP
<141>May 11 10:13:46 2015 SJTU-Local5 stm[2010]: <501100> <NOTI> <SJTU-Local5 10.190.5.1>  Assoc success @ 10:13:46.924813: f4:09:d8:7b:23:32: AP 10.192.26.145-6c:f3:7f:36:33:78-DXY-5F-01
<142>May 11 10:13:46 2015 SJTU-Local5 mobileip[2376]: <500992> <INFO> <SJTU-Local5 10.190.5.1>  Station f4:09:d8:7b:23:32: Assoc event triggered; Current State MIP_PROXY_STALE, Previous State MIP_PROXY_ACTIVE, HA discovery triggered 0 event RECEIVE_ASSOCIATION at line 3596
<142>May 11 10:13:46 2015 SJTU-Local5 authmgr[2009]: <522050> <INFO> <SJTU-Local5 10.190.5.1>  MAC=f4:09:d8:7b:23:32,IP=N/A User data downloaded to datapath, new Role=sjtu-user/71, bw Contract=0/0, reason=Intra MM move for user, idle-timeout=300
<142>May 11 10:13:46 2015 SJTU-Local5 authmgr[2245]: <522035> <INFO> <SJTU-Local5 10.190.5.1>  MAC=f4:09:d8:7b:23:32 Station UP: BSSID=6c:f3:7f:36:33:78 ESSID=SJTU VLAN=1005 AP-name=DXY-5F-01
<141>May 11 10:13:46 2015 10.192.26.145 stm[679]: <501093> <NOTI> |AP DXY-5F-01@10.192.26.145 stm|  Auth success: f4:09:d8:7b:23:32: AP 10.192.26.145-6c:f3:7f:36:33:78-DXY-5F-01
<141>May 11 10:13:46 2015 SJTU-Local5 mobileip[2025]: <500010> <NOTI> <SJTU-Local5 10.190.5.1>  Station f4:09:d8:7b:23:32, : Mobility trail, on switch 10.190.5.1, VLAN 1005, AP DXY-5F-01, SJTU/6c:f3:7f:36:33:78/a
<141>May 11 10:13:46 2015 10.192.26.145 stm[679]: <501095> <NOTI> |AP DXY-5F-01@10.192.26.145 stm|  Assoc request @ 10:13:46.820036: f4:09:d8:7b:23:32 (SN 1498): AP 10.192.26.145-6c:f3:7f:36:33:78-DXY-5F-01
<142>May 11 10:13:46 2015 SJTU-Local5 authmgr[2245]: <522044> <INFO> <SJTU-Local5 10.190.5.1>  MAC=f4:09:d8:7b:23:32 Station authenticate(start): method=802.1x, role=sjtu-user/sjtu-user//sjtu-user, VLAN=1005/1005, Derivation=1/1, Value Pair=0, flags=0x8
<141>May 11 10:13:46 2015 10.192.26.145 stm[679]: <501100> <NOTI> |AP DXY-5F-01@10.192.26.145 stm|  Assoc success @ 10:13:46.821302: f4:09:d8:7b:23:32: AP 10.192.26.145-6c:f3:7f:36:33:78-DXY-5F-01
<142>May 11 10:13:46 2015 SJTU-Local5 authmgr[2245]: <522049> <INFO> <SJTU-Local5 10.190.5.1>  MAC=f4:09:d8:7b:23:32,IP=N/A User role updated, existing Role=sjtu-user/sjtu-user, new Role=sjtu-user/sjtu-user, reason=Station Authenticated with auth type: 4
<141>May 11 10:13:46 2015 10.192.14.173 stm[682]: <501105> <NOTI> |AP YFKJL-1F-01@10.192.14.173 stm|  Deauth from sta: f4:09:d8:7b:23:32: AP 10.192.14.173-d8:c7:c8:26:b3:98-YFKJL-1F-01 Reason STA has roamed to another AP
<142>May 11 10:13:46 2015 SJTU-Local5 authmgr[2245]: <522050> <INFO> <SJTU-Local5 10.190.5.1>  MAC=f4:09:d8:7b:23:32,IP=N/A User data downloaded to datapath, new Role=sjtu-user/71, bw Contract=0/0, reason=Download driven by user role setting, idle-timeout=300
<142>May 11 10:13:46 2015 SJTU-Local5 authmgr[2245]: <522029> <INFO> <SJTU-Local5 10.190.5.1>  MAC=f4:09:d8:7b:23:32 Station authenticate: method=802.1x, role=sjtu-user/sjtu-user//sjtu-user, VLAN=1005/1005, Derivation=1/1, Value Pair=0
<141>May 11 10:13:46 2015 SJTU-Local5 authmgr[2245]: <522008> <NOTI> <SJTU-Local5 10.190.5.1>  User Authentication Successful: username=chen_xm MAC=f4:09:d8:7b:23:32 IP=fe80::f609:d8ff:fe7b:2332 role=sjtu-user VLAN=1005 AP=DXY-5F-01 SSID=SJTU AAA profile=sjtu-dot1x-aaa-profile auth method=802.1x auth server=sjtu-radius-new
<142>May 11 10:13:47 2015 SJTU-Local5 authmgr[2009]: <522026> <INFO> <SJTU-Local5 10.190.5.1>  MAC=f4:09:d8:7b:23:32 IP=0.0.0.0 User miss: ingress=0x10467, VLAN=1005 flags=0x48
<141>May 11 10:13:58 2015 10.192.26.132 stm[986]: <501109> <NOTI> |AP DXY-3F-07@10.192.26.132 stm|  Auth request: f4:09:d8:7b:23:32: AP 10.192.26.132-6c:f3:7f:5a:da:90-DXY-3F-07 auth_alg 0
<141>May 11 10:13:58 2015 10.192.26.132 stm[986]: <501093> <NOTI> |AP DXY-3F-07@10.192.26.132 stm|  Auth success: f4:09:d8:7b:23:32: AP 10.192.26.132-6c:f3:7f:5a:da:90-DXY-3F-07
<141>May 11 10:13:58 2015 10.192.26.132 stm[986]: <501109> <NOTI> |AP DXY-3F-07@10.192.26.132 stm|  Auth request: f4:09:d8:7b:23:32: AP 10.192.26.132-6c:f3:7f:5a:da:90-DXY-3F-07 auth_alg 0
<141>May 11 10:13:58 2015 10.192.26.132 stm[986]: <501093> <NOTI> |AP DXY-3F-07@10.192.26.132 stm|  Auth success: f4:09:d8:7b:23:32: AP 10.192.26.132-6c:f3:7f:5a:da:90-DXY-3F-07
<142>May 11 10:14:05 2015 SJTU-Local5 mobileip[2025]: <500253> <INFO> <SJTU-Local5 10.190.5.1>  Binding: f4:09:d8:7b:23:32, : Previous: MIP_HA_INIT Current State: MIP_HA_INIT Previous COA: 0.0.0.0 Current COA: 10.190.4.1 HomeVlan: 1005 Current FA Vlan: 1004 event: New Binding Created at line 2820
<142>May 11 10:14:05 2015 SJTU-Local5 mobileip[2025]: <500253> <INFO> <SJTU-Local5 10.190.5.1>  Binding: f4:09:d8:7b:23:32, : Previous: MIP_HA_CREATE_REPLY Current State: MIP_HA_INIT Previous COA: 0.0.0.0 Current COA: 10.190.4.1 HomeVlan: 1005 Current FA Vlan: 1004 event: Binding Deleted at line 1817
<142>May 11 10:14:05 2015 SJTU-Local5 mobileip[2025]: <500253> <INFO> <SJTU-Local5 10.190.5.1>  Binding: f4:09:d8:7b:23:32, : Previous: MIP_HA_INIT Current State: MIP_HA_INIT Previous COA: 0.0.0.0 Current COA: 10.190.4.1 HomeVlan: 1005 Current FA Vlan: 1004 event: New Binding Created at line 2820
<142>May 11 10:14:05 2015 SJTU-Local5 authmgr[2009]: <522050> <INFO> <SJTU-Local5 10.190.5.1>  MAC=f4:09:d8:7b:23:32,IP=N/A User data downloaded to datapath, new Role=sjtu-user/71, bw Contract=0/0, reason=Mobility data received by AUTH at HA, idle-timeout=300
<141>May 11 10:14:05 2015 SJTU-Local5 mobileip[2025]: <500518> <NOTI> <SJTU-Local5 10.190.5.1>  Station f4:09:d8:7b:23:32 : Update Mobility Mcast-Group table, bssid d8:c7:c8:28:48:28, home vlan:1005, Lkup Tunnel:0x0, Dest Tunnel:0x10f54, action ADD
<141>May 11 10:14:05 2015 SJTU-Local5 mobileip[2025]: <500010> <NOTI> <SJTU-Local5 10.190.5.1>  Station f4:09:d8:7b:23:32, : Mobility trail, on switch 10.190.5.1, VLAN 1004, AP WLXXZX-8F-01, SJTU/d8:c7:c8:28:48:28/a
<142>May 11 10:14:05 2015 SJTU-Local5 mobileip[2025]: <500253> <INFO> <SJTU-Local5 10.190.5.1>  Binding: f4:09:d8:7b:23:32, : Previous: MIP_HA_CREATE_REPLY Current State: MIP_HA_ACTIVE Previous COA: 0.0.0.0 Current COA: 10.190.4.1 HomeVlan: 1005 Current FA Vlan: 1004 event: Active Binding at line 1141
<141>May 11 10:14:05 2015 SJTU-Local5 stm[2010]: <501106> <NOTI> <SJTU-Local5 10.190.5.1>  Deauth to sta: f4:09:d8:7b:23:32: Ageout AP 10.192.26.145-6c:f3:7f:36:33:78-DXY-5F-01 wifi_ageout_sta
<142>May 11 10:14:05 2015 SJTU-Local5 authmgr[2245]: <522036> <INFO> <SJTU-Local5 10.190.5.1>  MAC=f4:09:d8:7b:23:32 Station DN: BSSID=6c:f3:7f:36:33:78 ESSID=SJTU VLAN=1005 AP-name=WLXXZX-8F-01
<141>May 11 10:14:05 2015 SJTU-Local5 stm[2010]: <501080> <NOTI> <SJTU-Local5 10.190.5.1>  Deauth to sta: f4:09:d8:7b:23:32: Ageout AP 10.192.26.145-6c:f3:7f:36:33:78-DXY-5F-01 Denied; Ageout / MFP-Try Later
<141>May 11 10:14:05 2015 10.192.26.145 stm[679]: <501105> <NOTI> |AP DXY-5F-01@10.192.26.145 stm|  Deauth from sta: f4:09:d8:7b:23:32: AP 10.192.26.145-6c:f3:7f:36:33:78-DXY-5F-01 Reason Denied; Ageout / MFP-Try Later
<141>May 11 10:21:50 2015 10.192.26.131 stm[681]: <501109> <NOTI> |AP MH-DXY-36#-OUT@10.192.26.131 stm|  Auth request: f4:09:d8:7b:23:32: AP 10.192.26.131-d8:c7:c8:02:15:68-MH-DXY-36#-OUT auth_alg 0
<141>May 11 10:21:50 2015 10.192.26.131 stm[681]: <501093> <NOTI> |AP MH-DXY-36#-OUT@10.192.26.131 stm|  Auth success: f4:09:d8:7b:23:32: AP 10.192.26.131-d8:c7:c8:02:15:68-MH-DXY-36#-OUT
<141>May 11 10:21:50 2015 SJTU-Local3 stm[2012]: <501095> <NOTI> <SJTU-Local3 10.190.3.1>  Assoc request @ 10:21:50.939451: f4:09:d8:7b:23:32 (SN 1920): AP 10.192.26.131-d8:c7:c8:02:15:68-MH-DXY-36#-OUT
<141>May 11 10:21:50 2015 SJTU-Local3 stm[2012]: <501100> <NOTI> <SJTU-Local3 10.190.3.1>  Assoc success @ 10:21:50.940498: f4:09:d8:7b:23:32: AP 10.192.26.131-d8:c7:c8:02:15:68-MH-DXY-36#-OUT
<142>May 11 10:21:50 2015 SJTU-Local3 authmgr[2247]: <522035> <INFO> <SJTU-Local3 10.190.3.1>  MAC=f4:09:d8:7b:23:32 Station UP: BSSID=d8:c7:c8:02:15:68 ESSID=SJTU VLAN=1003 AP-name=MH-DXY-36#-OUT
<142>May 11 10:21:50 2015 SJTU-Local3 mobileip[2382]: <500004> <INFO> <SJTU-Local3 10.190.3.1>  Station f4:09:d8:7b:23:32, : Created mobility state for new station
<141>May 11 10:21:50 2015 10.192.26.131 stm[681]: <501095> <NOTI> |AP MH-DXY-36#-OUT@10.192.26.131 stm|  Assoc request @ 10:21:49.617065: f4:09:d8:7b:23:32 (SN 1920): AP 10.192.26.131-d8:c7:c8:02:15:68-MH-DXY-36#-OUT
<141>May 11 10:21:50 2015 10.192.26.131 stm[681]: <501100> <NOTI> |AP MH-DXY-36#-OUT@10.192.26.131 stm|  Assoc success @ 10:21:49.618718: f4:09:d8:7b:23:32: AP 10.192.26.131-d8:c7:c8:02:15:68-MH-DXY-36#-OUT
<142>May 11 10:21:50 2015 SJTU-Local3 authmgr[2247]: <522050> <INFO> <SJTU-Local3 10.190.3.1>  MAC=f4:09:d8:7b:23:32,IP=N/A User data downloaded to datapath, new Role=sjtu-user/73, bw Contract=0/0, reason=layer 2 event driven download, idle-timeout=300
<142>May 11 10:21:50 2015 SJTU-Local3 authmgr[2011]: <522050> <INFO> <SJTU-Local3 10.190.3.1>  MAC=f4:09:d8:7b:23:32,IP=N/A User data downloaded to datapath, new Role=sys_mip_role_141d0_1618/97, bw Contract=0/0, reason=MM Intermove for user, idle-timeout=300
<142>May 11 10:14:11 2015 SJTU-Local5 mobileip[2025]: <500253> <INFO> <SJTU-Local5 10.190.5.1>  Binding: f4:09:d8:7b:23:32, : Previous: MIP_HA_CREATE_REPLY Current State: MIP_HA_ACTIVE Previous COA: 10.190.4.1 Current COA: 10.190.3.1 HomeVlan: 1005 Current FA Vlan: 1003 event: Binding Updated from RRQ at line 2928
<141>May 11 10:14:11 2015 SJTU-Local5 mobileip[2025]: <500010> <NOTI> <SJTU-Local5 10.190.5.1>  Station f4:09:d8:7b:23:32, : Mobility trail, on switch 10.190.5.1, VLAN 1003, AP MH-DXY-36#-OUT, SJTU/d8:c7:c8:02:15:68/a
<142>May 11 10:14:11 2015 SJTU-Local5 mobileip[2025]: <500253> <INFO> <SJTU-Local5 10.190.5.1>  Binding: f4:09:d8:7b:23:32, : Previous: MIP_HA_UPDATE_REPLY Current State: MIP_HA_ACTIVE Previous COA: 10.190.4.1 Current COA: 10.190.4.1 HomeVlan: 1005 Current FA Vlan: 1003 event: Binding Update Failure at line 1546
<142>May 11 10:14:11 2015 SJTU-Local5 mobileip[2025]: <500253> <INFO> <SJTU-Local5 10.190.5.1>  Binding: f4:09:d8:7b:23:32, : Previous: MIP_HA_ACTIVE Current State: MIP_HA_HANDOFF Previous COA: 10.190.4.1 Current COA: 10.190.4.1 HomeVlan: 1005 Current FA Vlan: 1003 event: HA revoking registration at line 2051
<142>May 11 10:21:51 2015 SJTU-Local3 authmgr[2011]: <522038> <INFO> <SJTU-Local3 10.190.3.1>  username=chen_xm MAC=f4:09:d8:7b:23:32 IP=0.0.0.0 Authentication result=Authentication Successful method=802.1x server=sjtu-radius-new
<142>May 11 10:21:51 2015 SJTU-Local3 authmgr[2011]: <124003> <INFO> <SJTU-Local3 10.190.3.1>  Authentication result=Authentication Successful(0), method=802.1x, server=sjtu-radius-new, user=f4:09:d8:7b:23:32
<142>May 11 10:21:51 2015 SJTU-Local3 authmgr[2011]: <522044> <INFO> <SJTU-Local3 10.190.3.1>  MAC=f4:09:d8:7b:23:32 Station authenticate(start): method=802.1x, role=sys_mip_role_141d0_1618///sjtu-user, VLAN=1003/1003, Derivation=10/0, Value Pair=1, flags=0x8
<142>May 11 10:21:51 2015 SJTU-Local3 authmgr[2011]: <522049> <INFO> <SJTU-Local3 10.190.3.1>  MAC=f4:09:d8:7b:23:32,IP=N/A User role updated, existing Role=sjtu-user/sys_mip_role_141d0_1618, new Role=sjtu-user/sys_mip_role_141d0_1618, reason=Station Authenticated with auth type: 4
<142>May 11 10:21:51 2015 SJTU-Local3 authmgr[2011]: <522029> <INFO> <SJTU-Local3 10.190.3.1>  MAC=f4:09:d8:7b:23:32 Station authenticate: method=802.1x, role=sys_mip_role_141d0_1618///sjtu-user, VLAN=1003/1003, Derivation=1/1, Value Pair=1
<142>May 11 10:14:12 2015 SJTU-Local5 mobileip[2025]: <500253> <INFO> <SJTU-Local5 10.190.5.1>  Binding: f4:09:d8:7b:23:32, : Previous: MIP_HA_HANDOFF Current State: MIP_HA_ACTIVE Previous COA: 10.190.4.1 Current COA: 10.190.3.1 HomeVlan: 1005 Current FA Vlan: 1003 event: Binding Updated from RRQ at line 2928
<142>May 11 10:14:12 2015 SJTU-Local5 authmgr[2009]: <522050> <INFO> <SJTU-Local5 10.190.5.1>  MAC=f4:09:d8:7b:23:32,IP=N/A User data downloaded to datapath, new Role=sjtu-user/71, bw Contract=0/0, reason=Mobility data received by AUTH at HA, idle-timeout=300
<141>May 11 10:14:12 2015 SJTU-Local5 mobileip[2025]: <500010> <NOTI> <SJTU-Local5 10.190.5.1>  Station f4:09:d8:7b:23:32, : Mobility trail, on switch 10.190.5.1, VLAN 1003, AP MH-DXY-36#-OUT, SJTU/d8:c7:c8:02:15:68/a
<142>May 11 10:14:12 2015 SJTU-Local5 mobileip[2025]: <500253> <INFO> <SJTU-Local5 10.190.5.1>  Binding: f4:09:d8:7b:23:32, : Previous: MIP_HA_UPDATE_REPLY Current State: MIP_HA_ACTIVE Previous COA: 10.190.4.1 Current COA: 10.190.3.1 HomeVlan: 1005 Current FA Vlan: 1003 event: Active Binding Updated at line 1438
<141>May 11 10:21:51 2015 SJTU-Local3 mobileip[2028]: <500518> <NOTI> <SJTU-Local3 10.190.3.1>  Station f4:09:d8:7b:23:32 : Update Mobility Mcast-Group table, bssid d8:c7:c8:02:15:68, home vlan:1005, Lkup Tunnel:0x10652, Dest Tunnel:0x10ecc, action ADD New visitor
<142>May 11 10:21:51 2015 SJTU-Local3 mobileip[2028]: <500157> <INFO> <SJTU-Local3 10.190.3.1>  Visitor: f4:09:d8:7b:23:32,  Previous: MIP_FA_CREATE_SIBYTE_BRIDGE Current State: MIP_FA_ACTIVE Proxy MN: 169.254.255.255 Home agent: 10.190.5.1 HomeVlan: 1005 Current Vlan: 1003 event: Active Visitor at line 2196
<142>May 11 10:21:52 2015 SJTU-Local3 authmgr[2011]: <522026> <INFO> <SJTU-Local3 10.190.3.1>  MAC=f4:09:d8:7b:23:32 IP=fe80::f609:d8ff:fe7b:2332 User miss: ingress=0x10ecc, VLAN=1003 flags=0x40
<142>May 11 10:21:52 2015 SJTU-Local3 authmgr[2011]: <522006> <INFO> <SJTU-Local3 10.190.3.1>  MAC=f4:09:d8:7b:23:32 IP=fe80::f609:d8ff:fe7b:2332 User entry added: reason=Sibtye
<141>May 11 10:21:52 2015 SJTU-Local3 authmgr[2011]: <522008> <NOTI> <SJTU-Local3 10.190.3.1>  User Authentication Successful: username=chen_xm MAC=f4:09:d8:7b:23:32 IP=fe80::f609:d8ff:fe7b:2332 role=sys_mip_role_141d0_1618 VLAN=1003 AP=MH-DXY-36#-OUT SSID=SJTU AAA profile=sjtu-dot1x-aaa-profile auth method=802.1x auth server=sjtu-radius-new
<142>May 11 10:21:52 2015 SJTU-Local3 authmgr[2011]: <522050> <INFO> <SJTU-Local3 10.190.3.1>  MAC=f4:09:d8:7b:23:32,IP=fe80::f609:d8ff:fe7b:2332 User data downloaded to datapath, new Role=sys_mip_role_141d0_1618/97, bw Contract=0/0, reason=New IP user created, idle-timeout=300
<142>May 11 10:21:55 2015 SJTU-Local3 authmgr[2011]: <522026> <INFO> <SJTU-Local3 10.190.3.1>  MAC=f4:09:d8:7b:23:32 IP=0.0.0.0 User miss: ingress=0x10ecc, VLAN=1003 flags=0x48
<142>May 11 10:14:15 2015 SJTU-Local5 authmgr[2009]: <522026> <INFO> <SJTU-Local5 10.190.5.1>  MAC=f4:09:d8:7b:23:32 IP=0.0.0.0 User miss: ingress=0x10f53, VLAN=1005 flags=0x148
<142>May 11 10:21:55 2015 SJTU-Local3 authmgr[2011]: <522026> <INFO> <SJTU-Local3 10.190.3.1>  MAC=f4:09:d8:7b:23:32 IP=0.0.0.0 User miss: ingress=0x10ecc, VLAN=1003 flags=0x48
<142>May 11 10:14:15 2015 SJTU-Local5 authmgr[2009]: <522026> <INFO> <SJTU-Local5 10.190.5.1>  MAC=f4:09:d8:7b:23:32 IP=0.0.0.0 User miss: ingress=0x10f53, VLAN=1005 flags=0x148
<142>May 11 10:21:55 2015 SJTU-Local3 mdns[2091]: <527004> <INFO> <SJTU-Local3 10.190.3.1>  mdns_parse_auth_useradd_message 250 Auth User ADD: MAC:f4:09:d8:7b:23:32, IP:fe80::f609:d8ff:fe7b:2332, VLAN:1003, Role:sjtu-user Name:chen_xm APName:MH-DXY-36#-OUT Type:1
<142>May 11 10:21:56 2015 SJTU-Local3 authmgr[2011]: <522026> <INFO> <SJTU-Local3 10.190.3.1>  MAC=f4:09:d8:7b:23:32 IP=10.184.241.130 User miss: ingress=0x10ecc, VLAN=1003 flags=0x8040
<142>May 11 10:21:56 2015 SJTU-Local3 authmgr[2011]: <522006> <INFO> <SJTU-Local3 10.190.3.1>  MAC=f4:09:d8:7b:23:32 IP=10.184.241.130 User entry added: reason=Sibtye
<142>May 11 10:21:56 2015 SJTU-Local3 authmgr[2011]: <522050> <INFO> <SJTU-Local3 10.190.3.1>  MAC=f4:09:d8:7b:23:32,IP=10.184.241.130 User data downloaded to datapath, new Role=sys_mip_role_141d0_1618/97, bw Contract=0/0, reason=New user IP processing, idle-timeout=300
<142>May 11 10:14:16 2015 SJTU-Local5 authmgr[2009]: <522026> <INFO> <SJTU-Local5 10.190.5.1>  MAC=f4:09:d8:7b:23:32 IP=10.184.241.130 User miss: ingress=0x10f53, VLAN=1005 flags=0x8140
<142>May 11 10:14:16 2015 SJTU-Local5 authmgr[2009]: <522006> <INFO> <SJTU-Local5 10.190.5.1>  MAC=f4:09:d8:7b:23:32 IP=10.184.241.130 User entry added: reason=Sibtye
<142>May 11 10:14:16 2015 SJTU-Local5 authmgr[2009]: <522050> <INFO> <SJTU-Local5 10.190.5.1>  MAC=f4:09:d8:7b:23:32,IP=10.184.241.130 User data downloaded to datapath, new Role=sjtu-user/71, bw Contract=0/0, reason=New user IP processing, idle-timeout=300
<142>May 11 10:14:16 2015 SJTU-Local5 authmgr[2009]: <522038> <INFO> <SJTU-Local5 10.190.5.1>  username=chen_xm MAC=f4:09:d8:7b:23:32 IP=10.184.241.130 Authentication result=Authentication Successful method=radius-accounting server=sjtu-radius-new
<142>May 11 10:14:16 2015 SJTU-Local5 authmgr[2009]: <124003> <INFO> <SJTU-Local5 10.190.5.1>  Authentication result=Authentication Successful(0), method=radius-accounting, server=sjtu-radius-new, user=f4:09:d8:7b:23:32
<142>May 11 10:14:16 2015 SJTU-Local5 authmgr[2009]: <522026> <INFO> <SJTU-Local5 10.190.5.1>  MAC=f4:09:d8:7b:23:32 IP=0.0.0.0 User miss: ingress=0x10f53, VLAN=1005 flags=0x148
<142>May 11 10:21:56 2015 SJTU-Local3 authmgr[2011]: <522026> <INFO> <SJTU-Local3 10.190.3.1>  MAC=f4:09:d8:7b:23:32 IP=0.0.0.0 User miss: ingress=0x10ecc, VLAN=1003 flags=0x48
<142>May 11 10:21:56 2015 SJTU-Local3 authmgr[2011]: <522026> <INFO> <SJTU-Local3 10.190.3.1>  MAC=f4:09:d8:7b:23:32 IP=0.0.0.0 User miss: ingress=0x10ecc, VLAN=1003 flags=0x48
<142>May 11 10:14:16 2015 SJTU-Local5 authmgr[2009]: <522026> <INFO> <SJTU-Local5 10.190.5.1>  MAC=f4:09:d8:7b:23:32 IP=0.0.0.0 User miss: ingress=0x10f53, VLAN=1005 flags=0x148
<142>May 11 10:14:18 2015 SJTU-Local5 mdns[2089]: <527004> <INFO> <SJTU-Local5 10.190.5.1>  mdns_parse_auth_useradd_message 250 Auth User ADD: MAC:f4:09:d8:7b:23:32, IP:10.184.241.130, VLAN:1005, Role:sjtu-user Name:chen_xm APName:MH-DXY-36#-OUT Type:1
<142>May 11 10:22:01 2015 SJTU-Local3 mdns[2091]: <527004> <INFO> <SJTU-Local3 10.190.3.1>  mdns_parse_auth_useradd_message 250 Auth User ADD: MAC:f4:09:d8:7b:23:32, IP:10.184.241.130, VLAN:1003, Role:sjtu-user Name:chen_xm APName:MH-DXY-36#-OUT Type:1
<141>May 11 10:14:22 2015 10.192.26.132 stm[986]: <501106> <NOTI> |AP DXY-3F-07@10.192.26.132 stm|  Deauth to sta: f4:09:d8:7b:23:32: Ageout AP 10.192.26.132-6c:f3:7f:5a:da:90-DXY-3F-07 handle_sapcp
<141>May 11 10:14:22 2015 10.192.26.132 stm[986]: <501080> <NOTI> |AP DXY-3F-07@10.192.26.132 stm|  Deauth to sta: f4:09:d8:7b:23:32: Ageout AP 10.192.26.132-6c:f3:7f:5a:da:90-DXY-3F-07 Sapcp Ageout (internal ageout)
<141>May 11 10:14:22 2015 SJTU-Local5 stm[2010]: <501114> <NOTI> <SJTU-Local5 10.190.5.1>  Deauth from sta: f4:09:d8:7b:23:32: AP 10.192.26.132-6c:f3:7f:5a:da:90-DXY-3F-07 Reason 255
<141>May 11 10:14:22 2015 SJTU-Local5 stm[2010]: <501044> <NOTI> <SJTU-Local5 10.190.5.1>  Station f4:09:d8:7b:23:32: No authentication found trying to de-authenticate to BSSID 6c:f3:7f:5a:da:90 on AP DXY-3F-07
<142>May 11 10:14:40 2015 SJTU-Local5 mobileip[2025]: <500253> <INFO> <SJTU-Local5 10.190.5.1>  Binding: f4:09:d8:7b:23:32, : Previous: MIP_HA_UPDATE_REPLY Current State: MIP_HA_ACTIVE Previous COA: 10.190.3.1 Current COA: 10.190.3.1 HomeVlan: 1005 Current FA Vlan: 1003 event: Binding Updated from RRQ at line 2928
<142>May 11 10:14:40 2015 SJTU-Local5 mobileip[2025]: <500253> <INFO> <SJTU-Local5 10.190.5.1>  Binding: f4:09:d8:7b:23:32, : Previous: MIP_HA_UPDATE_REPLY Current State: MIP_HA_ACTIVE Previous COA: 10.190.3.1 Current COA: 10.190.3.1 HomeVlan: 1005 Current FA Vlan: 1003 event: Active Binding Updated at line 1438
<142>May 11 10:22:20 2015 SJTU-Local3 mobileip[2028]: <500157> <INFO> <SJTU-Local3 10.190.3.1>  Visitor: f4:09:d8:7b:23:32,  Previous: MIP_FA_FIND_UPDATES Current State: MIP_FA_ACTIVE Proxy MN: 169.254.255.255 Home agent: 10.190.5.1 HomeVlan: 1005 Current Vlan: 1003 event: Active Visitor Updated at line 2413
<142>May 11 10:15:08 2015 SJTU-Local5 mobileip[2025]: <500253> <INFO> <SJTU-Local5 10.190.5.1>  Binding: f4:09:d8:7b:23:32, : Previous: MIP_HA_UPDATE_REPLY Current State: MIP_HA_ACTIVE Previous COA: 10.190.3.1 Current COA: 10.190.4.1 HomeVlan: 1005 Current FA Vlan: 1004 event: Binding Updated from RRQ at line 2928
<141>May 11 10:15:08 2015 SJTU-Local5 mobileip[2025]: <500010> <NOTI> <SJTU-Local5 10.190.5.1>  Station f4:09:d8:7b:23:32, : Mobility trail, on switch 10.190.5.1, VLAN 1004, AP WLXXZX-1F-01, SJTU/d8:c7:c8:28:46:20/g
<142>May 11 10:15:08 2015 SJTU-Local5 mobileip[2025]: <500253> <INFO> <SJTU-Local5 10.190.5.1>  Binding: f4:09:d8:7b:23:32, : Previous: MIP_HA_UPDATE_REPLY Current State: MIP_HA_ACTIVE Previous COA: 10.190.3.1 Current COA: 10.190.3.1 HomeVlan: 1005 Current FA Vlan: 1004 event: Binding Update Failure at line 1546
<142>May 11 10:15:08 2015 SJTU-Local5 mobileip[2025]: <500253> <INFO> <SJTU-Local5 10.190.5.1>  Binding: f4:09:d8:7b:23:32, : Previous: MIP_HA_ACTIVE Current State: MIP_HA_HANDOFF Previous COA: 10.190.3.1 Current COA: 10.190.3.1 HomeVlan: 1005 Current FA Vlan: 1004 event: HA revoking registration at line 2051
<142>May 11 10:22:48 2015 SJTU-Local3 mobileip[2028]: <500157> <INFO> <SJTU-Local3 10.190.3.1>  Visitor: f4:09:d8:7b:23:32,  Previous: MIP_FA_ACTIVE Current State: MIP_FA_HA_REVOKE_REGISTRATION Proxy MN: 169.254.255.255 Home agent: 10.190.5.1 HomeVlan: 1005 Current Vlan: 1003 event: Revocation received from HA at line 2693
<142>May 11 10:22:48 2015 SJTU-Local3 mobileip[2028]: <500157> <INFO> <SJTU-Local3 10.190.3.1>  Visitor: f4:09:d8:7b:23:32,  Previous: MIP_FA_DELETE_SIBYTE_BRIDGE Current State: MIP_FA_DELETE_AAA Proxy MN: 169.254.255.255 Home agent: 10.190.5.1 HomeVlan: 1005 Current Vlan: 1003 event: FA Post User Delete at line 3065
<142>May 11 10:22:48 2015 SJTU-Local3 authmgr[2011]: <522005> <INFO> <SJTU-Local3 10.190.3.1>  MAC=f4:09:d8:7b:23:32 IP=fe80::f609:d8ff:fe7b:2332 User entry deleted: reason=used moved
<142>May 11 10:22:48 2015 SJTU-Local3 authmgr[2011]: <522005> <INFO> <SJTU-Local3 10.190.3.1>  MAC=f4:09:d8:7b:23:32 IP=10.184.241.130 User entry deleted: reason=used moved
<142>May 11 10:22:48 2015 SJTU-Local3 authmgr[2011]: <522050> <INFO> <SJTU-Local3 10.190.3.1>  MAC=f4:09:d8:7b:23:32,IP=N/A User data downloaded to datapath, new Role=sys_mip_role_141d0_1618/97, bw Contract=0/0, reason=Station resetting role, idle-timeout=300
<141>May 11 10:22:48 2015 SJTU-Local3 mobileip[2028]: <500518> <NOTI> <SJTU-Local3 10.190.3.1>  Station f4:09:d8:7b:23:32 : Update Mobility Mcast-Group table, bssid d8:c7:c8:02:15:68, home vlan:1005, Lkup Tunnel:0x10652, Dest Tunnel:0x10ecc, action DEL (delete visitor)
<142>May 11 10:22:48 2015 SJTU-Local3 mobileip[2028]: <500157> <INFO> <SJTU-Local3 10.190.3.1>  Visitor: f4:09:d8:7b:23:32,  Previous: MIP_FA_VERIFY_STATE Current State: MIP_FA_INIT Proxy MN: 169.254.255.255 Home agent: 10.190.5.1 HomeVlan: 1005 Current Vlan: 1003 event: Visitor Deleted at line 2554
<141>May 11 10:22:48 2015 SJTU-Local3 stm[2012]: <501106> <NOTI> <SJTU-Local3 10.190.3.1>  Deauth to sta: f4:09:d8:7b:23:32: Ageout AP 10.192.26.131-d8:c7:c8:02:15:68-MH-DXY-36#-OUT wifi_ageout_sta
<142>May 11 10:22:48 2015 SJTU-Local3 authmgr[2247]: <522036> <INFO> <SJTU-Local3 10.190.3.1>  MAC=f4:09:d8:7b:23:32 Station DN: BSSID=d8:c7:c8:02:15:68 ESSID=SJTU VLAN=1003 AP-name=MH-DXY-36#-OUT
<141>May 11 10:22:48 2015 SJTU-Local3 stm[2012]: <501080> <NOTI> <SJTU-Local3 10.190.3.1>  Deauth to sta: f4:09:d8:7b:23:32: Ageout AP 10.192.26.131-d8:c7:c8:02:15:68-MH-DXY-36#-OUT Denied; Ageout / MFP-Try Later
<141>May 11 10:22:48 2015 10.192.26.131 stm[681]: <501105> <NOTI> |AP MH-DXY-36#-OUT@10.192.26.131 stm|  Deauth from sta: f4:09:d8:7b:23:32: AP 10.192.26.131-d8:c7:c8:02:15:68-MH-DXY-36#-OUT Reason Denied; Ageout / MFP-Try Later
<142>May 11 10:15:09 2015 SJTU-Local5 mobileip[2025]: <500253> <INFO> <SJTU-Local5 10.190.5.1>  Binding: f4:09:d8:7b:23:32, : Previous: MIP_HA_HANDOFF Current State: MIP_HA_ACTIVE Previous COA: 10.190.3.1 Current COA: 10.190.4.1 HomeVlan: 1005 Current FA Vlan: 1004 event: Binding Updated from RRQ at line 2928
<142>May 11 10:15:09 2015 SJTU-Local5 authmgr[2009]: <522050> <INFO> <SJTU-Local5 10.190.5.1>  MAC=f4:09:d8:7b:23:32,IP=N/A User data downloaded to datapath, new Role=sjtu-user/71, bw Contract=0/0, reason=Mobility data received by AUTH at HA, idle-timeout=300
<142>May 11 10:15:09 2015 SJTU-Local5 mobileip[2025]: <500253> <INFO> <SJTU-Local5 10.190.5.1>  Binding: f4:09:d8:7b:23:32, : Previous: MIP_HA_UPDATE_REPLY Current State: MIP_HA_ACTIVE Previous COA: 10.190.3.1 Current COA: 10.190.3.1 HomeVlan: 1005 Current FA Vlan: 1004 event: Binding Update Failure at line 1546
<142>May 11 10:15:09 2015 SJTU-Local5 mobileip[2025]: <500253> <INFO> <SJTU-Local5 10.190.5.1>  Binding: f4:09:d8:7b:23:32, : Previous: MIP_HA_ACTIVE Current State: MIP_HA_HANDOFF Previous COA: 10.190.3.1 Current COA: 10.190.3.1 HomeVlan: 1005 Current FA Vlan: 1004 event: HA revoking registration at line 2051
<142>May 11 10:15:10 2015 SJTU-Local5 mobileip[2025]: <500253> <INFO> <SJTU-Local5 10.190.5.1>  Binding: f4:09:d8:7b:23:32, : Previous: MIP_HA_HANDOFF Current State: MIP_HA_HANDOFF Previous COA: 10.190.3.1 Current COA: 10.190.3.1 HomeVlan: 1005 Current FA Vlan: 1004 event: HA revoking registration at line 2051
<142>May 11 10:15:11 2015 SJTU-Local5 mobileip[2025]: <500253> <INFO> <SJTU-Local5 10.190.5.1>  Binding: f4:09:d8:7b:23:32, : Previous: MIP_HA_HANDOFF Current State: MIP_HA_HANDOFF Previous COA: 10.190.3.1 Current COA: 10.190.3.1 HomeVlan: 1005 Current FA Vlan: 1004 event: HA revoking registration at line 2051
<142>May 11 10:15:12 2015 SJTU-Local5 mobileip[2025]: <500253> <INFO> <SJTU-Local5 10.190.5.1>  Binding: f4:09:d8:7b:23:32, : Previous: MIP_HA_HANDOFF Current State: MIP_HA_HANDOFF Previous COA: 10.190.3.1 Current COA: 10.190.3.1 HomeVlan: 1005 Current FA Vlan: 1004 event: HA revoking registration at line 2051
<142>May 11 10:22:52 2015 SJTU-Local3 mdns[2091]: <527004> <INFO> <SJTU-Local3 10.190.3.1>  mdns_parse_auth_useridle_message 197 Auth User Idle Timeout: MAC:f4:09:d8:7b:23:32, WIRED:0, FW:0, VLAN:1003, IP:fe80::f609:d8ff:fe7b:2332, BSSID:d8:c7:c8:02:15:68, AGE:58,
<142>May 11 10:22:52 2015 SJTU-Local3 mdns[2091]: <527004> <INFO> <SJTU-Local3 10.190.3.1>  mdns_parse_auth_useridle_message 197 Auth User Idle Timeout: MAC:f4:09:d8:7b:23:32, WIRED:0, FW:0, VLAN:1003, IP:10.184.241.130, BSSID:d8:c7:c8:02:15:68, AGE:58,
<142>May 11 10:15:23 2015 SJTU-Local5 mobileip[2025]: <500253> <INFO> <SJTU-Local5 10.190.5.1>  Binding: f4:09:d8:7b:23:32, : Previous: MIP_HA_ACTIVE Current State: MIP_HA_DELETE_REVOKE Previous COA: 10.190.3.1 Current COA: 10.190.3.1 HomeVlan: 1005 Current FA Vlan: 1004 event: HA revoking registration at line 2051
<141>May 11 10:15:24 2015 SJTU-Local5 mobileip[2025]: <500518> <NOTI> <SJTU-Local5 10.190.5.1>  Station f4:09:d8:7b:23:32 : Update Mobility Mcast-Group table, bssid d8:c7:c8:28:46:20, home vlan:1005, Lkup Tunnel:0x0, Dest Tunnel:0x10f53, action DEL
<142>May 11 10:15:24 2015 SJTU-Local5 authmgr[2009]: <522005> <INFO> <SJTU-Local5 10.190.5.1>  MAC=f4:09:d8:7b:23:32 IP=fe80::f609:d8ff:fe7b:2332 User entry deleted: reason=used deleted on FA
<142>May 11 10:15:24 2015 SJTU-Local5 authmgr[2009]: <522005> <INFO> <SJTU-Local5 10.190.5.1>  MAC=f4:09:d8:7b:23:32 IP=10.184.241.130 User entry deleted: reason=used deleted on FA
<142>May 11 10:15:24 2015 SJTU-Local5 authmgr[2009]: <522050> <INFO> <SJTU-Local5 10.190.5.1>  MAC=f4:09:d8:7b:23:32,IP=N/A User data downloaded to datapath, new Role=sjtu-user/71, bw Contract=0/0, reason=Station resetting role, idle-timeout=300
<142>May 11 10:15:24 2015 SJTU-Local5 authmgr[2009]: <522038> <INFO> <SJTU-Local5 10.190.5.1>  username=chen_xm MAC=f4:09:d8:7b:23:32 IP=10.184.241.130 Authentication result=Authentication Successful method=radius-accounting server=sjtu-radius-new
<142>May 11 10:15:24 2015 SJTU-Local5 authmgr[2009]: <124003> <INFO> <SJTU-Local5 10.190.5.1>  Authentication result=Authentication Successful(0), method=radius-accounting, server=sjtu-radius-new, user=f4:09:d8:7b:23:32
<142>May 11 10:15:24 2015 SJTU-Local5 mobileip[2025]: <500253> <INFO> <SJTU-Local5 10.190.5.1>  Binding: f4:09:d8:7b:23:32, : Previous: MIP_HA_DELETE_REPLY Current State: MIP_HA_INIT Previous COA: 10.190.3.1 Current COA: 10.190.3.1 HomeVlan: 1005 Current FA Vlan: 1004 event: Binding Deleted at line 1817
<142>May 11 10:15:27 2015 SJTU-Local5 mdns[2089]: <527004> <INFO> <SJTU-Local5 10.190.5.1>  mdns_parse_auth_useridle_message 197 Auth User Idle Timeout: MAC:f4:09:d8:7b:23:32, WIRED:0, FW:0, VLAN:1005, IP:fe80::f609:d8ff:fe7b:2332, BSSID:d8:c7:c8:28:46:20, AGE:322,
<142>May 11 10:15:27 2015 SJTU-Local5 mdns[2089]: <527004> <INFO> <SJTU-Local5 10.190.5.1>  mdns_parse_auth_useridle_message 197 Auth User Idle Timeout: MAC:f4:09:d8:7b:23:32, WIRED:0, FW:0, VLAN:1005, IP:10.184.241.130, BSSID:d8:c7:c8:28:46:20, AGE:322,
<142>May 11 10:16:27 2015 SJTU-Local5 mobileip[2025]: <500007> <INFO> <SJTU-Local5 10.190.5.1>  Station f4:09:d8:7b:23:32, 10.184.241.130: Mobility stale entry timeout, station state will be deleted
<141>May 11 11:21:47 2015 10.192.26.131 stm[681]: <501109> <NOTI> |AP MH-DXY-36#-OUT@10.192.26.131 stm|  Auth request: f4:09:d8:7b:23:32: AP 10.192.26.131-d8:c7:c8:02:15:68-MH-DXY-36#-OUT auth_alg 0
<141>May 11 11:21:47 2015 10.192.26.131 stm[681]: <501093> <NOTI> |AP MH-DXY-36#-OUT@10.192.26.131 stm|  Auth success: f4:09:d8:7b:23:32: AP 10.192.26.131-d8:c7:c8:02:15:68-MH-DXY-36#-OUT
<141>May 11 11:21:47 2015 SJTU-Local3 stm[2012]: <501095> <NOTI> <SJTU-Local3 10.190.3.1>  Assoc request @ 11:21:47.165571: f4:09:d8:7b:23:32 (SN 2783): AP 10.192.26.131-d8:c7:c8:02:15:68-MH-DXY-36#-OUT
<141>May 11 11:21:47 2015 10.192.26.131 stm[681]: <501095> <NOTI> |AP MH-DXY-36#-OUT@10.192.26.131 stm|  Assoc request @ 11:21:45.500194: f4:09:d8:7b:23:32 (SN 2783): AP 10.192.26.131-d8:c7:c8:02:15:68-MH-DXY-36#-OUT
<141>May 11 11:21:47 2015 10.192.26.131 stm[681]: <501100> <NOTI> |AP MH-DXY-36#-OUT@10.192.26.131 stm|  Assoc success @ 11:21:45.501923: f4:09:d8:7b:23:32: AP 10.192.26.131-d8:c7:c8:02:15:68-MH-DXY-36#-OUT
<141>May 11 11:21:47 2015 SJTU-Local3 stm[2012]: <501100> <NOTI> <SJTU-Local3 10.190.3.1>  Assoc success @ 11:21:47.168132: f4:09:d8:7b:23:32: AP 10.192.26.131-d8:c7:c8:02:15:68-MH-DXY-36#-OUT
<142>May 11 11:21:47 2015 SJTU-Local3 mobileip[2382]: <500004> <INFO> <SJTU-Local3 10.190.3.1>  Station f4:09:d8:7b:23:32, : Created mobility state for new station
<142>May 11 11:21:47 2015 SJTU-Local3 authmgr[2247]: <522035> <INFO> <SJTU-Local3 10.190.3.1>  MAC=f4:09:d8:7b:23:32 Station UP: BSSID=d8:c7:c8:02:15:68 ESSID=SJTU VLAN=1003 AP-name=MH-DXY-36#-OUT
<142>May 11 11:21:47 2015 SJTU-Local3 authmgr[2247]: <522050> <INFO> <SJTU-Local3 10.190.3.1>  MAC=f4:09:d8:7b:23:32,IP=N/A User data downloaded to datapath, new Role=sjtu-user/73, bw Contract=0/0, reason=layer 2 event driven download, idle-timeout=300
<142>May 11 11:21:47 2015 SJTU-Local3 authmgr[2011]: <522050> <INFO> <SJTU-Local3 10.190.3.1>  MAC=f4:09:d8:7b:23:32,IP=N/A User data downloaded to datapath, new Role=sys_mip_role_141d0_2992/102, bw Contract=0/0, reason=MM Intermove for user, idle-timeout=300
<141>May 11 11:21:47 2015 10.192.26.131 stm[681]: <501102> <NOTI> |AP MH-DXY-36#-OUT@10.192.26.131 stm|  Disassoc from sta: f4:09:d8:7b:23:32: AP 10.192.26.131-d8:c7:c8:02:15:68-MH-DXY-36#-OUT Reason STA has left and is disassociated
<141>May 11 11:21:47 2015 SJTU-Local3 stm[2012]: <501102> <NOTI> <SJTU-Local3 10.190.3.1>  Disassoc from sta: f4:09:d8:7b:23:32: AP 10.192.26.131-d8:c7:c8:02:15:68-MH-DXY-36#-OUT Reason STA has left and is disassociated
<142>May 11 11:21:47 2015 SJTU-Local3 authmgr[2247]: <522036> <INFO> <SJTU-Local3 10.190.3.1>  MAC=f4:09:d8:7b:23:32 Station DN: BSSID=d8:c7:c8:02:15:68 ESSID=SJTU VLAN=1003 AP-name=MH-DXY-36#-OUT
<139>May 11 11:21:47 2015 SJTU-Local3 authmgr[2011]: <132053> <ERRS> <SJTU-Local3 10.190.3.1>  Dropping the radius packet for Station f4:09:d8:7b:23:32 d8:c7:c8:02:15:68 doing 802.1x
<141>May 11 11:21:56 2015 SJTU-Local3 stm[2012]: <501105> <NOTI> <SJTU-Local3 10.190.3.1>  Deauth from sta: f4:09:d8:7b:23:32: AP 10.192.26.131-d8:c7:c8:02:15:68-MH-DXY-36#-OUT Reason STA has left and is deauthenticated
<141>May 11 11:21:56 2015 SJTU-Local3 stm[2012]: <501044> <NOTI> <SJTU-Local3 10.190.3.1>  Station f4:09:d8:7b:23:32: No authentication found trying to de-authenticate to BSSID d8:c7:c8:02:15:68 on AP MH-DXY-36#-OUT
<142>May 11 11:22:06 2015 SJTU-Local3 mobileip[2028]: <500157> <INFO> <SJTU-Local3 10.190.3.1>  Visitor: f4:09:d8:7b:23:32, 10.187.45.99 Previous: MIP_FA_VERIFY_STATE Current State: MIP_FA_INIT Proxy MN: 10.187.45.99 Home agent: 10.190.4.1 HomeVlan: 1004 Current Vlan: 1003 event: Visitor Deleted at line 2554
<142>May 11 11:22:06 2015 SJTU-Local3 mobileip[2028]: <500073> <INFO> <SJTU-Local3 10.190.3.1>  Station f4:09:d8:7b:23:32, 10.187.45.99: HA discovery did not find a remote session: THIS will be the home switch
<141>May 11 11:22:09 2015 10.192.26.131 stm[681]: <501106> <NOTI> |AP MH-DXY-36#-OUT@10.192.26.131 stm|  Deauth to sta: f4:09:d8:7b:23:32: Ageout AP 10.192.26.131-d8:c7:c8:02:15:68-MH-DXY-36#-OUT handle_sapcp
<141>May 11 11:22:09 2015 SJTU-Local3 stm[2012]: <501114> <NOTI> <SJTU-Local3 10.190.3.1>  Deauth from sta: f4:09:d8:7b:23:32: AP 10.192.26.131-d8:c7:c8:02:15:68-MH-DXY-36#-OUT Reason 255
<141>May 11 11:22:09 2015 10.192.26.131 stm[681]: <501080> <NOTI> |AP MH-DXY-36#-OUT@10.192.26.131 stm|  Deauth to sta: f4:09:d8:7b:23:32: Ageout AP 10.192.26.131-d8:c7:c8:02:15:68-MH-DXY-36#-OUT Sapcp Ageout (internal ageout)
<141>May 11 11:22:09 2015 SJTU-Local3 stm[2012]: <501044> <NOTI> <SJTU-Local3 10.190.3.1>  Station f4:09:d8:7b:23:32: No authentication found trying to de-authenticate to BSSID d8:c7:c8:02:15:68 on AP MH-DXY-36#-OUT
<142>May 11 11:22:32 2015 SJTU-Local3 mobileip[2028]: <500009> <INFO> <SJTU-Local3 10.190.3.1>  Station f4:09:d8:7b:23:32, 10.187.45.99: MIP message timeout, current state MIP_PROXY_WAIT_DATA_READY, mobility will terminate stale state of the user
<141>May 11 11:16:18 2015 10.192.14.164 stm[682]: <501109> <NOTI> |AP YFKJL-2F-04@10.192.14.164 stm|  Auth request: f4:09:d8:7b:23:32: AP 10.192.14.164-d8:c7:c8:26:db:f8-YFKJL-2F-04 auth_alg 0
<141>May 11 11:16:18 2015 10.192.14.164 stm[682]: <501093> <NOTI> |AP YFKJL-2F-04@10.192.14.164 stm|  Auth success: f4:09:d8:7b:23:32: AP 10.192.14.164-d8:c7:c8:26:db:f8-YFKJL-2F-04
<141>May 11 11:16:18 2015 SJTU-Local5 stm[2010]: <501095> <NOTI> <SJTU-Local5 10.190.5.1>  Assoc request @ 11:16:18.562888: f4:09:d8:7b:23:32 (SN 3191): AP 10.192.14.164-d8:c7:c8:26:db:f8-YFKJL-2F-04
<141>May 11 11:16:18 2015 10.192.14.164 stm[682]: <501095> <NOTI> |AP YFKJL-2F-04@10.192.14.164 stm|  Assoc request @ 11:16:18.461317: f4:09:d8:7b:23:32 (SN 3191): AP 10.192.14.164-d8:c7:c8:26:db:f8-YFKJL-2F-04
<141>May 11 11:16:18 2015 SJTU-Local5 stm[2010]: <501100> <NOTI> <SJTU-Local5 10.190.5.1>  Assoc success @ 11:16:18.570104: f4:09:d8:7b:23:32: AP 10.192.14.164-d8:c7:c8:26:db:f8-YFKJL-2F-04
<141>May 11 11:16:18 2015 10.192.14.164 stm[682]: <501100> <NOTI> |AP YFKJL-2F-04@10.192.14.164 stm|  Assoc success @ 11:16:18.462659: f4:09:d8:7b:23:32: AP 10.192.14.164-d8:c7:c8:26:db:f8-YFKJL-2F-04
<142>May 11 11:16:18 2015 SJTU-Local5 mobileip[2376]: <500004> <INFO> <SJTU-Local5 10.190.5.1>  Station f4:09:d8:7b:23:32, : Created mobility state for new station
<142>May 11 11:16:18 2015 SJTU-Local5 authmgr[2245]: <522035> <INFO> <SJTU-Local5 10.190.5.1>  MAC=f4:09:d8:7b:23:32 Station UP: BSSID=d8:c7:c8:26:db:f8 ESSID=SJTU VLAN=1005 AP-name=YFKJL-2F-04
<142>May 11 11:16:18 2015 SJTU-Local5 authmgr[2245]: <522050> <INFO> <SJTU-Local5 10.190.5.1>  MAC=f4:09:d8:7b:23:32,IP=N/A User data downloaded to datapath, new Role=sjtu-user/71, bw Contract=0/0, reason=layer 2 event driven download, idle-timeout=300
<142>May 11 11:16:18 2015 SJTU-Local5 mobileip[2025]: <500157> <INFO> <SJTU-Local5 10.190.5.1>  Visitor: f4:09:d8:7b:23:32,  Previous: MIP_FA_PENDING_WAIT_DISCOVERY Current State: MIP_FA_INIT Proxy MN: 169.254.255.255 Home agent: 0.0.0.0 HomeVlan: 0 Current Vlan: 1005 event: Visitor Deleted at line 2554
<142>May 11 11:16:18 2015 SJTU-Local5 mobileip[2025]: <500073> <INFO> <SJTU-Local5 10.190.5.1>  Station f4:09:d8:7b:23:32, : HA discovery did not find a remote session: THIS will be the home switch
<142>May 11 11:16:18 2015 SJTU-Local5 authmgr[2009]: <522050> <INFO> <SJTU-Local5 10.190.5.1>  MAC=f4:09:d8:7b:23:32,IP=N/A User data downloaded to datapath, new Role=(null)/0, bw Contract=0/0, reason=Intra MM move for user, idle-timeout=300
<141>May 11 11:16:18 2015 SJTU-Local5 mobileip[2025]: <500010> <NOTI> <SJTU-Local5 10.190.5.1>  Station f4:09:d8:7b:23:32, : Mobility trail, on switch 10.190.5.1, VLAN 1005, AP YFKJL-2F-04, SJTU/d8:c7:c8:26:db:f8/a
<142>May 11 11:16:18 2015 SJTU-Local5 authmgr[2009]: <522038> <INFO> <SJTU-Local5 10.190.5.1>  username=chen_xm MAC=f4:09:d8:7b:23:32 IP=0.0.0.0 Authentication result=Authentication Successful method=802.1x server=sjtu-radius-new
<142>May 11 11:16:18 2015 SJTU-Local5 authmgr[2009]: <124003> <INFO> <SJTU-Local5 10.190.5.1>  Authentication result=Authentication Successful(0), method=802.1x, server=sjtu-radius-new, user=f4:09:d8:7b:23:32
<142>May 11 11:16:18 2015 SJTU-Local5 authmgr[2009]: <522044> <INFO> <SJTU-Local5 10.190.5.1>  MAC=f4:09:d8:7b:23:32 Station authenticate(start): method=802.1x, role=sjtu-user///sjtu-user, VLAN=1005/1005, Derivation=10/0, Value Pair=1, flags=0x8
<142>May 11 11:16:18 2015 SJTU-Local5 authmgr[2009]: <522049> <INFO> <SJTU-Local5 10.190.5.1>  MAC=f4:09:d8:7b:23:32,IP=N/A User role updated, existing Role=sjtu-user/none, new Role=sjtu-user/none, reason=Station Authenticated with auth type: 4
<142>May 11 11:16:18 2015 SJTU-Local5 authmgr[2009]: <522050> <INFO> <SJTU-Local5 10.190.5.1>  MAC=f4:09:d8:7b:23:32,IP=N/A User data downloaded to datapath, new Role=(null)/0, bw Contract=0/0, reason=Download driven by user role setting, idle-timeout=300
<142>May 11 11:16:18 2015 SJTU-Local5 authmgr[2009]: <522029> <INFO> <SJTU-Local5 10.190.5.1>  MAC=f4:09:d8:7b:23:32 Station authenticate: method=802.1x, role=sjtu-user///sjtu-user, VLAN=1005/1005, Derivation=1/1, Value Pair=1
<142>May 11 11:16:19 2015 SJTU-Local5 authmgr[2009]: <522026> <INFO> <SJTU-Local5 10.190.5.1>  MAC=f4:09:d8:7b:23:32 IP=0.0.0.0 User miss: ingress=0x10ad0, VLAN=1005 flags=0x48
<142>May 11 11:16:19 2015 SJTU-Local5 authmgr[2009]: <522026> <INFO> <SJTU-Local5 10.190.5.1>  MAC=f4:09:d8:7b:23:32 IP=0.0.0.0 User miss: ingress=0x10ad0, VLAN=1005 flags=0x48
<142>May 11 11:16:23 2015 SJTU-Local5 authmgr[2009]: <522026> <INFO> <SJTU-Local5 10.190.5.1>  MAC=f4:09:d8:7b:23:32 IP=0.0.0.0 User miss: ingress=0x10ad0, VLAN=1005 flags=0x48
<142>May 11 11:16:24 2015 SJTU-Local5 authmgr[2009]: <522026> <INFO> <SJTU-Local5 10.190.5.1>  MAC=f4:09:d8:7b:23:32 IP=fe80::f609:d8ff:fe7b:2332 User miss: ingress=0x10ad0, VLAN=1005 flags=0x40
<142>May 11 11:16:24 2015 SJTU-Local5 authmgr[2009]: <522049> <INFO> <SJTU-Local5 10.190.5.1>  MAC=f4:09:d8:7b:23:32,IP=0.0.0.0 User role updated, existing Role=sjtu-user/none, new Role=sjtu-user/sjtu-user, reason=First IP user created
<142>May 11 11:16:24 2015 SJTU-Local5 authmgr[2009]: <522006> <INFO> <SJTU-Local5 10.190.5.1>  MAC=f4:09:d8:7b:23:32 IP=fe80::f609:d8ff:fe7b:2332 User entry added: reason=Sibtye
<141>May 11 11:16:24 2015 SJTU-Local5 authmgr[2009]: <522008> <NOTI> <SJTU-Local5 10.190.5.1>  User Authentication Successful: username=chen_xm MAC=f4:09:d8:7b:23:32 IP=fe80::f609:d8ff:fe7b:2332 role=sjtu-user VLAN=1005 AP=YFKJL-2F-04 SSID=SJTU AAA profile=sjtu-dot1x-aaa-profile auth method=802.1x auth server=sjtu-radius-new
<142>May 11 11:16:24 2015 SJTU-Local5 authmgr[2009]: <522050> <INFO> <SJTU-Local5 10.190.5.1>  MAC=f4:09:d8:7b:23:32,IP=fe80::f609:d8ff:fe7b:2332 User data downloaded to datapath, new Role=sjtu-user/71, bw Contract=0/0, reason=New IP user created, idle-timeout=300
<142>May 11 11:16:24 2015 SJTU-Local5 mdns[2089]: <527004> <INFO> <SJTU-Local5 10.190.5.1>  mdns_parse_auth_useradd_message 250 Auth User ADD: MAC:f4:09:d8:7b:23:32, IP:fe80::f609:d8ff:fe7b:2332, VLAN:1005, Role:sjtu-user Name:chen_xm APName:YFKJL-2F-04 Type:1
<142>May 11 11:16:31 2015 SJTU-Local5 authmgr[2009]: <522026> <INFO> <SJTU-Local5 10.190.5.1>  MAC=f4:09:d8:7b:23:32 IP=0.0.0.0 User miss: ingress=0x10ad0, VLAN=1005 flags=0x48
<142>May 11 11:17:28 2015 SJTU-Local5 authmgr[2009]: <522026> <INFO> <SJTU-Local5 10.190.5.1>  MAC=f4:09:d8:7b:23:32 IP=0.0.0.0 User miss: ingress=0x10ad0, VLAN=1005 flags=0x48
<141>May 11 11:17:38 2015 10.192.14.172 stm[682]: <501109> <NOTI> |AP YFKJL-2F-02@10.192.14.172 stm|  Auth request: f4:09:d8:7b:23:32: AP 10.192.14.172-d8:c7:c8:26:d5:88-YFKJL-2F-02 auth_alg 0
<141>May 11 11:17:38 2015 10.192.14.172 stm[682]: <501093> <NOTI> |AP YFKJL-2F-02@10.192.14.172 stm|  Auth success: f4:09:d8:7b:23:32: AP 10.192.14.172-d8:c7:c8:26:d5:88-YFKJL-2F-02
<141>May 11 11:17:38 2015 SJTU-Local5 stm[2010]: <501095> <NOTI> <SJTU-Local5 10.190.5.1>  Assoc request @ 11:17:38.656875: f4:09:d8:7b:23:32 (SN 3485): AP 10.192.14.172-d8:c7:c8:26:d5:88-YFKJL-2F-02
<142>May 11 11:17:38 2015 SJTU-Local5 authmgr[2245]: <522036> <INFO> <SJTU-Local5 10.190.5.1>  MAC=f4:09:d8:7b:23:32 Station DN: BSSID=d8:c7:c8:26:db:f8 ESSID=SJTU VLAN=1005 AP-name=YFKJL-2F-04
<141>May 11 11:17:38 2015 10.192.14.172 stm[682]: <501095> <NOTI> |AP YFKJL-2F-02@10.192.14.172 stm|  Assoc request @ 11:17:38.265936: f4:09:d8:7b:23:32 (SN 3485): AP 10.192.14.172-d8:c7:c8:26:d5:88-YFKJL-2F-02
<141>May 11 11:17:38 2015 10.192.14.172 stm[682]: <501100> <NOTI> |AP YFKJL-2F-02@10.192.14.172 stm|  Assoc success @ 11:17:38.267115: f4:09:d8:7b:23:32: AP 10.192.14.172-d8:c7:c8:26:d5:88-YFKJL-2F-02
<141>May 11 11:17:38 2015 SJTU-Local5 stm[2010]: <501080> <NOTI> <SJTU-Local5 10.190.5.1>  Deauth to sta: f4:09:d8:7b:23:32: Ageout AP 10.192.14.164-d8:c7:c8:26:db:f8-YFKJL-2F-04 STA has roamed to another AP
<141>May 11 11:17:38 2015 SJTU-Local5 stm[2010]: <501100> <NOTI> <SJTU-Local5 10.190.5.1>  Assoc success @ 11:17:38.662096: f4:09:d8:7b:23:32: AP 10.192.14.172-d8:c7:c8:26:d5:88-YFKJL-2F-02
<141>May 11 11:17:38 2015 10.192.14.164 stm[682]: <501105> <NOTI> |AP YFKJL-2F-04@10.192.14.164 stm|  Deauth from sta: f4:09:d8:7b:23:32: AP 10.192.14.164-d8:c7:c8:26:db:f8-YFKJL-2F-04 Reason STA has roamed to another AP
