<141>May 10 21:46:52 2015 SJTU-Local5 mobileip[2025]: <500010> <NOTI> <SJTU-Local5 10.190.5.1>  Station f4:09:d8:7b:23:32, 10.187.46.39: Mobility trail, on switch 10.190.5.1, VLAN 1005, AP YFKJL-2F-08, SJTU/d8:c7:c8:27:10:48/a
<142>May 10 21:46:52 2015 SJTU-Local5 authmgr[2009]: <522038> <INFO> <SJTU-Local5 10.190.5.1>  username=chen_xm MAC=f4:09:d8:7b:23:32 IP=0.0.0.0 Authentication result=Authentication Successful method=802.1x server=sjtu-radius-new
<142>May 10 21:46:52 2015 SJTU-Local5 authmgr[2009]: <124003> <INFO> <SJTU-Local5 10.190.5.1>  Authentication result=Authentication Successful(0), method=802.1x, server=sjtu-radius-new, user=f4:09:d8:7b:23:32
<142>May 10 21:46:52 2015 SJTU-Local5 authmgr[2009]: <522044> <INFO> <SJTU-Local5 10.190.5.1>  MAC=f4:09:d8:7b:23:32 Station authenticate(start): method=802.1x, role=sjtu-user///sjtu-user, VLAN=1005/1005, Derivation=10/0, Value Pair=1, flags=0x8
<142>May 10 21:46:52 2015 SJTU-Local5 authmgr[2009]: <522049> <INFO> <SJTU-Local5 10.190.5.1>  MAC=f4:09:d8:7b:23:32,IP=N/A User role updated, existing Role=sjtu-user/none, new Role=sjtu-user/none, reason=Station Authenticated with auth type: 4
<142>May 10 21:46:52 2015 SJTU-Local5 authmgr[2009]: <522050> <INFO> <SJTU-Local5 10.190.5.1>  MAC=f4:09:d8:7b:23:32,IP=N/A User data downloaded to datapath, new Role=(null)/0, bw Contract=0/0, reason=Download driven by user role setting, idle-timeout=300
<142>May 10 21:46:52 2015 SJTU-Local5 authmgr[2009]: <522029> <INFO> <SJTU-Local5 10.190.5.1>  MAC=f4:09:d8:7b:23:32 Station authenticate: method=802.1x, role=sjtu-user///sjtu-user, VLAN=1005/1005, Derivation=1/1, Value Pair=1
<142>May 10 21:46:52 2015 SJTU-Local5 authmgr[2009]: <522050> <INFO> <SJTU-Local5 10.190.5.1>  MAC=f4:09:d8:7b:23:32,IP=N/A User data downloaded to datapath, new Role=(null)/0, bw Contract=0/0, reason=Intra MM move for user, idle-timeout=300
<141>May 10 21:47:05 2015 10.192.14.172 stm[682]: <501109> <NOTI> |AP YFKJL-2F-02@10.192.14.172 stm|  Auth request: f4:09:d8:7b:23:32: AP 10.192.14.172-d8:c7:c8:26:d5:88-YFKJL-2F-02 auth_alg 0
<141>May 10 21:47:05 2015 SJTU-Local5 stm[2010]: <501095> <NOTI> <SJTU-Local5 10.190.5.1>  Assoc request @ 21:47:05.407710: f4:09:d8:7b:23:32 (SN 2412): AP 10.192.14.172-d8:c7:c8:26:d5:88-YFKJL-2F-02
<142>May 10 21:47:05 2015 SJTU-Local5 authmgr[2245]: <522036> <INFO> <SJTU-Local5 10.190.5.1>  MAC=f4:09:d8:7b:23:32 Station DN: BSSID=d8:c7:c8:27:10:48 ESSID=SJTU VLAN=1005 AP-name=YFKJL-2F-08
<141>May 10 21:47:05 2015 10.192.14.172 stm[682]: <501093> <NOTI> |AP YFKJL-2F-02@10.192.14.172 stm|  Auth success: f4:09:d8:7b:23:32: AP 10.192.14.172-d8:c7:c8:26:d5:88-YFKJL-2F-02
<141>May 10 21:47:05 2015 10.192.14.172 stm[682]: <501095> <NOTI> |AP YFKJL-2F-02@10.192.14.172 stm|  Assoc request @ 21:47:04.850918: f4:09:d8:7b:23:32 (SN 2412): AP 10.192.14.172-d8:c7:c8:26:d5:88-YFKJL-2F-02
<141>May 10 21:47:05 2015 SJTU-Local5 stm[2010]: <501080> <NOTI> <SJTU-Local5 10.190.5.1>  Deauth to sta: f4:09:d8:7b:23:32: Ageout AP 10.192.14.169-d8:c7:c8:27:10:48-YFKJL-2F-08 STA has roamed to another AP
<141>May 10 21:47:05 2015 10.192.14.172 stm[682]: <501100> <NOTI> |AP YFKJL-2F-02@10.192.14.172 stm|  Assoc success @ 21:47:04.852060: f4:09:d8:7b:23:32: AP 10.192.14.172-d8:c7:c8:26:d5:88-YFKJL-2F-02
<141>May 10 21:47:05 2015 SJTU-Local5 stm[2010]: <501100> <NOTI> <SJTU-Local5 10.190.5.1>  Assoc success @ 21:47:05.411223: f4:09:d8:7b:23:32: AP 10.192.14.172-d8:c7:c8:26:d5:88-YFKJL-2F-02
<141>May 10 21:47:05 2015 10.192.14.169 stm[682]: <501105> <NOTI> |AP YFKJL-2F-08@10.192.14.169 stm|  Deauth from sta: f4:09:d8:7b:23:32: AP 10.192.14.169-d8:c7:c8:27:10:48-YFKJL-2F-08 Reason STA has roamed to another AP
<142>May 10 21:47:05 2015 SJTU-Local5 authmgr[2245]: <522035> <INFO> <SJTU-Local5 10.190.5.1>  MAC=f4:09:d8:7b:23:32 Station UP: BSSID=d8:c7:c8:26:d5:88 ESSID=SJTU VLAN=1005 AP-name=YFKJL-2F-02
<142>May 10 21:47:05 2015 SJTU-Local5 mobileip[2376]: <500992> <INFO> <SJTU-Local5 10.190.5.1>  Station f4:09:d8:7b:23:32: Assoc event triggered; Current State MIP_PROXY_STALE, Previous State MIP_PROXY_ACTIVE, HA discovery triggered 0 event RECEIVE_REASSOCIATION at line 3625
<142>May 10 21:47:05 2015 SJTU-Local5 authmgr[2245]: <522044> <INFO> <SJTU-Local5 10.190.5.1>  MAC=f4:09:d8:7b:23:32 Station authenticate(start): method=802.1x, role=sjtu-user/sjtu-user//sjtu-user, VLAN=1005/1005, Derivation=1/0, Value Pair=0, flags=0x8
<142>May 10 21:47:05 2015 SJTU-Local5 authmgr[2245]: <522049> <INFO> <SJTU-Local5 10.190.5.1>  MAC=f4:09:d8:7b:23:32,IP=N/A User role updated, existing Role=sjtu-user/none, new Role=sjtu-user/none, reason=Station Authenticated with auth type: 4
<142>May 10 21:47:05 2015 SJTU-Local5 authmgr[2245]: <522050> <INFO> <SJTU-Local5 10.190.5.1>  MAC=f4:09:d8:7b:23:32,IP=N/A User data downloaded to datapath, new Role=sjtu-user/71, bw Contract=0/0, reason=Download driven by user role setting, idle-timeout=300
<142>May 10 21:47:05 2015 SJTU-Local5 authmgr[2245]: <522029> <INFO> <SJTU-Local5 10.190.5.1>  MAC=f4:09:d8:7b:23:32 Station authenticate: method=802.1x, role=sjtu-user/sjtu-user//sjtu-user, VLAN=1005/1005, Derivation=1/1, Value Pair=0
<142>May 10 21:47:05 2015 SJTU-Local5 authmgr[2009]: <522050> <INFO> <SJTU-Local5 10.190.5.1>  MAC=f4:09:d8:7b:23:32,IP=N/A User data downloaded to datapath, new Role=(null)/0, bw Contract=0/0, reason=Intra MM move for user, idle-timeout=300
<141>May 10 21:47:05 2015 SJTU-Local5 mobileip[2025]: <500010> <NOTI> <SJTU-Local5 10.190.5.1>  Station f4:09:d8:7b:23:32, 10.187.46.39: Mobility trail, on switch 10.190.5.1, VLAN 1005, AP YFKJL-2F-02, SJTU/d8:c7:c8:26:d5:88/a
<142>May 10 21:47:05 2015 SJTU-Local5 authmgr[2009]: <522038> <INFO> <SJTU-Local5 10.190.5.1>  username=chen_xm MAC=f4:09:d8:7b:23:32 IP=0.0.0.0 Authentication result=Authentication Successful method=802.1x server=sjtu-radius-new
<142>May 10 21:47:05 2015 SJTU-Local5 authmgr[2009]: <124003> <INFO> <SJTU-Local5 10.190.5.1>  Authentication result=Authentication Successful(0), method=802.1x, server=sjtu-radius-new, user=f4:09:d8:7b:23:32
<142>May 10 21:47:05 2015 SJTU-Local5 authmgr[2009]: <522044> <INFO> <SJTU-Local5 10.190.5.1>  MAC=f4:09:d8:7b:23:32 Station authenticate(start): method=802.1x, role=sjtu-user/sjtu-user//sjtu-user, VLAN=1005/1005, Derivation=1/1, Value Pair=1, flags=0x8
<142>May 10 21:47:05 2015 SJTU-Local5 authmgr[2009]: <522049> <INFO> <SJTU-Local5 10.190.5.1>  MAC=f4:09:d8:7b:23:32,IP=N/A User role updated, existing Role=sjtu-user/none, new Role=sjtu-user/none, reason=Station Authenticated with auth type: 4
<142>May 10 21:47:05 2015 SJTU-Local5 authmgr[2009]: <522050> <INFO> <SJTU-Local5 10.190.5.1>  MAC=f4:09:d8:7b:23:32,IP=N/A User data downloaded to datapath, new Role=(null)/0, bw Contract=0/0, reason=Download driven by user role setting, idle-timeout=300
<142>May 10 21:47:05 2015 SJTU-Local5 authmgr[2009]: <522029> <INFO> <SJTU-Local5 10.190.5.1>  MAC=f4:09:d8:7b:23:32 Station authenticate: method=802.1x, role=sjtu-user/sjtu-user//sjtu-user, VLAN=1005/1005, Derivation=1/1, Value Pair=1
<141>May 10 21:55:18 2015 10.192.32.16 stm[684]: <501109> <NOTI> |AP MH-student-D22-47#-OUT@10.192.32.16 stm|  Auth request: f4:09:d8:7b:23:32: AP 10.192.32.16-00:24:6c:59:d9:a0-MH-student-D22-47#-OUT auth_alg 0
<141>May 10 21:55:18 2015 10.192.32.16 stm[684]: <501093> <NOTI> |AP MH-student-D22-47#-OUT@10.192.32.16 stm|  Auth success: f4:09:d8:7b:23:32: AP 10.192.32.16-00:24:6c:59:d9:a0-MH-student-D22-47#-OUT
<141>May 10 21:55:18 2015 SJTU-Local3 stm[2012]: <501095> <NOTI> <SJTU-Local3 10.190.3.1>  Assoc request @ 21:55:18.066214: f4:09:d8:7b:23:32 (SN 2634): AP 10.192.32.16-00:24:6c:59:d9:a0-MH-student-D22-47#-OUT
<141>May 10 21:55:18 2015 SJTU-Local3 stm[2012]: <501100> <NOTI> <SJTU-Local3 10.190.3.1>  Assoc success @ 21:55:18.067878: f4:09:d8:7b:23:32: AP 10.192.32.16-00:24:6c:59:d9:a0-MH-student-D22-47#-OUT
<141>May 10 21:55:18 2015 10.192.32.16 stm[684]: <501095> <NOTI> |AP MH-student-D22-47#-OUT@10.192.32.16 stm|  Assoc request @ 21:55:17.802538: f4:09:d8:7b:23:32 (SN 2634): AP 10.192.32.16-00:24:6c:59:d9:a0-MH-student-D22-47#-OUT
<142>May 10 21:55:18 2015 SJTU-Local3 authmgr[2247]: <522035> <INFO> <SJTU-Local3 10.190.3.1>  MAC=f4:09:d8:7b:23:32 Station UP: BSSID=00:24:6c:59:d9:a0 ESSID=SJTU VLAN=1003 AP-name=MH-student-D22-47#-OUT
<141>May 10 21:55:18 2015 10.192.32.16 stm[684]: <501100> <NOTI> |AP MH-student-D22-47#-OUT@10.192.32.16 stm|  Assoc success @ 21:55:17.804007: f4:09:d8:7b:23:32: AP 10.192.32.16-00:24:6c:59:d9:a0-MH-student-D22-47#-OUT
<142>May 10 21:55:18 2015 SJTU-Local3 mobileip[2382]: <500004> <INFO> <SJTU-Local3 10.190.3.1>  Station f4:09:d8:7b:23:32, : Created mobility state for new station
<142>May 10 21:55:18 2015 SJTU-Local3 authmgr[2247]: <522050> <INFO> <SJTU-Local3 10.190.3.1>  MAC=f4:09:d8:7b:23:32,IP=N/A User data downloaded to datapath, new Role=sjtu-user/73, bw Contract=0/0, reason=layer 2 event driven download, idle-timeout=300
<142>May 10 21:55:18 2015 SJTU-Local3 wms[1921]: <316251> <INFO> <SJTU-Local3 10.190.3.1>  Sending New-STA Message for Client: MAC=f4:09:d8:7b:23:32 BSSID=00:24:6c:59:d9:a0 Phy-type=2 Rsta-type=interfering
<142>May 10 21:55:18 2015 SJTU-Local3 authmgr[2011]: <522050> <INFO> <SJTU-Local3 10.190.3.1>  MAC=f4:09:d8:7b:23:32,IP=N/A User data downloaded to datapath, new Role=sys_mip_role_141d0_1618/97, bw Contract=0/0, reason=MM Intermove for user, idle-timeout=300
<142>May 10 21:47:38 2015 SJTU-Local5 mobileip[2025]: <500253> <INFO> <SJTU-Local5 10.190.5.1>  Binding: f4:09:d8:7b:23:32, 10.187.46.39: Previous: MIP_HA_INIT Current State: MIP_HA_INIT Previous COA: 0.0.0.0 Current COA: 10.190.3.1 HomeVlan: 1005 Current FA Vlan: 1003 event: New Binding Created at line 2820
<142>May 10 21:47:38 2015 SJTU-Local5 mobileip[2025]: <500253> <INFO> <SJTU-Local5 10.190.5.1>  Binding: f4:09:d8:7b:23:32, 10.187.46.39: Previous: MIP_HA_CREATE_REPLY Current State: MIP_HA_INIT Previous COA: 0.0.0.0 Current COA: 10.190.3.1 HomeVlan: 1005 Current FA Vlan: 1003 event: Binding Deleted at line 1817
<142>May 10 21:47:38 2015 SJTU-Local5 mobileip[2025]: <500253> <INFO> <SJTU-Local5 10.190.5.1>  Binding: f4:09:d8:7b:23:32, 10.187.46.39: Previous: MIP_HA_INIT Current State: MIP_HA_INIT Previous COA: 0.0.0.0 Current COA: 10.190.3.1 HomeVlan: 1005 Current FA Vlan: 1003 event: New Binding Created at line 2820
<142>May 10 21:47:38 2015 SJTU-Local5 authmgr[2009]: <522050> <INFO> <SJTU-Local5 10.190.5.1>  MAC=f4:09:d8:7b:23:32,IP=N/A User data downloaded to datapath, new Role=(null)/0, bw Contract=0/0, reason=Mobility data received by AUTH at HA, idle-timeout=300
<141>May 10 21:47:38 2015 SJTU-Local5 mobileip[2025]: <500518> <NOTI> <SJTU-Local5 10.190.5.1>  Station f4:09:d8:7b:23:32 : Update Mobility Mcast-Group table, bssid 00:24:6c:59:d9:a0, home vlan:1005, Lkup Tunnel:0x0, Dest Tunnel:0x10f53, action ADD
<141>May 10 21:47:38 2015 SJTU-Local5 mobileip[2025]: <500010> <NOTI> <SJTU-Local5 10.190.5.1>  Station f4:09:d8:7b:23:32, 10.187.46.39: Mobility trail, on switch 10.190.5.1, VLAN 1003, AP MH-student-D22-47#-OUT, SJTU/00:24:6c:59:d9:a0/g
<142>May 10 21:47:38 2015 SJTU-Local5 mobileip[2025]: <500253> <INFO> <SJTU-Local5 10.190.5.1>  Binding: f4:09:d8:7b:23:32, 10.187.46.39: Previous: MIP_HA_CREATE_REPLY Current State: MIP_HA_ACTIVE Previous COA: 0.0.0.0 Current COA: 10.190.3.1 HomeVlan: 1005 Current FA Vlan: 1003 event: Active Binding at line 1141
<141>May 10 21:47:38 2015 SJTU-Local5 stm[2010]: <501106> <NOTI> <SJTU-Local5 10.190.5.1>  Deauth to sta: f4:09:d8:7b:23:32: Ageout AP 10.192.14.172-d8:c7:c8:26:d5:88-YFKJL-2F-02 wifi_ageout_sta
<142>May 10 21:47:38 2015 SJTU-Local5 authmgr[2245]: <522036> <INFO> <SJTU-Local5 10.190.5.1>  MAC=f4:09:d8:7b:23:32 Station DN: BSSID=d8:c7:c8:26:d5:88 ESSID=SJTU VLAN=1005 AP-name=MH-student-D22-47#-OUT
<141>May 10 21:47:38 2015 SJTU-Local5 stm[2010]: <501080> <NOTI> <SJTU-Local5 10.190.5.1>  Deauth to sta: f4:09:d8:7b:23:32: Ageout AP 10.192.14.172-d8:c7:c8:26:d5:88-YFKJL-2F-02 Denied; Ageout / MFP-Try Later
<141>May 10 21:47:38 2015 10.192.14.172 stm[682]: <501105> <NOTI> |AP YFKJL-2F-02@10.192.14.172 stm|  Deauth from sta: f4:09:d8:7b:23:32: AP 10.192.14.172-d8:c7:c8:26:d5:88-YFKJL-2F-02 Reason Denied; Ageout / MFP-Try Later
<142>May 10 21:55:18 2015 SJTU-Local3 authmgr[2011]: <522038> <INFO> <SJTU-Local3 10.190.3.1>  username=chen_xm MAC=f4:09:d8:7b:23:32 IP=0.0.0.0 Authentication result=Authentication Successful method=802.1x server=sjtu-radius-new
<142>May 10 21:55:18 2015 SJTU-Local3 authmgr[2011]: <124003> <INFO> <SJTU-Local3 10.190.3.1>  Authentication result=Authentication Successful(0), method=802.1x, server=sjtu-radius-new, user=f4:09:d8:7b:23:32
<142>May 10 21:55:18 2015 SJTU-Local3 authmgr[2011]: <522044> <INFO> <SJTU-Local3 10.190.3.1>  MAC=f4:09:d8:7b:23:32 Station authenticate(start): method=802.1x, role=sys_mip_role_141d0_1618///sjtu-user, VLAN=1003/1003, Derivation=10/0, Value Pair=1, flags=0x8
<142>May 10 21:55:18 2015 SJTU-Local3 authmgr[2011]: <522049> <INFO> <SJTU-Local3 10.190.3.1>  MAC=f4:09:d8:7b:23:32,IP=N/A User role updated, existing Role=sjtu-user/sys_mip_role_141d0_1618, new Role=sjtu-user/sys_mip_role_141d0_1618, reason=Station Authenticated with auth type: 4
<142>May 10 21:55:18 2015 SJTU-Local3 authmgr[2011]: <522029> <INFO> <SJTU-Local3 10.190.3.1>  MAC=f4:09:d8:7b:23:32 Station authenticate: method=802.1x, role=sys_mip_role_141d0_1618///sjtu-user, VLAN=1003/1003, Derivation=1/1, Value Pair=1
<141>May 10 21:55:18 2015 SJTU-Local3 mobileip[2028]: <500518> <NOTI> <SJTU-Local3 10.190.3.1>  Station f4:09:d8:7b:23:32 : Update Mobility Mcast-Group table, bssid 00:24:6c:59:d9:a0, home vlan:1005, Lkup Tunnel:0x10652, Dest Tunnel:0x10bbe, action ADD New visitor
<142>May 10 21:55:18 2015 SJTU-Local3 mobileip[2028]: <500157> <INFO> <SJTU-Local3 10.190.3.1>  Visitor: f4:09:d8:7b:23:32, 10.187.46.39 Previous: MIP_FA_CREATE_SIBYTE_BRIDGE Current State: MIP_FA_ACTIVE Proxy MN: 10.187.46.39 Home agent: 10.190.5.1 HomeVlan: 1005 Current Vlan: 1003 event: Active Visitor at line 2196
<142>May 10 21:50:48 2015 SJTU-Local2 wms[1948]: <316251> <INFO> <SJTU-Local2 10.190.2.1>  Sending New-STA Message for Client: MAC=f4:09:d8:7b:23:32 BSSID=00:24:6c:59:d9:a0 Phy-type=0 Rsta-type=interfering
<142>May 10 21:48:07 2015 SJTU-Local5 mobileip[2025]: <500253> <INFO> <SJTU-Local5 10.190.5.1>  Binding: f4:09:d8:7b:23:32, 10.187.46.39: Previous: MIP_HA_CREATE_REPLY Current State: MIP_HA_ACTIVE Previous COA: 10.190.3.1 Current COA: 10.190.3.1 HomeVlan: 1005 Current FA Vlan: 1003 event: Binding Updated from RRQ at line 2928
<142>May 10 21:48:07 2015 SJTU-Local5 mobileip[2025]: <500253> <INFO> <SJTU-Local5 10.190.5.1>  Binding: f4:09:d8:7b:23:32, 10.187.46.39: Previous: MIP_HA_UPDATE_REPLY Current State: MIP_HA_ACTIVE Previous COA: 10.190.3.1 Current COA: 10.190.3.1 HomeVlan: 1005 Current FA Vlan: 1003 event: Active Binding Updated at line 1438
<142>May 10 21:55:46 2015 SJTU-Local3 mobileip[2028]: <500157> <INFO> <SJTU-Local3 10.190.3.1>  Visitor: f4:09:d8:7b:23:32, 10.187.46.39 Previous: MIP_FA_FIND_UPDATES Current State: MIP_FA_ACTIVE Proxy MN: 10.187.46.39 Home agent: 10.190.5.1 HomeVlan: 1005 Current Vlan: 1003 event: Active Visitor Updated at line 2413
<140>May 11 12:45:07 2015 10.192.32.64 sapd[674]: <127065> <WARN> |AP WLXXZX-3F-03@10.192.32.64 sapd| |ids-ap| AP(d8:c7:c8:27:9d:a0): Valid Client Not Using Encryption: An AP detected an unencrypted frame between a valid client (f4:09:d8:7b:23:32) and access point (BSSID d8:c7:c8:27:9d:a1), with source 00:0b:86:16:bd:00 and receiver f4:09:d8:7b:23:32. SNR value is 35.
<140>May 11 12:45:14 2015 10.192.32.19 sapd[677]: <127065> <WARN> |AP WLXXZX-2F-02@10.192.32.19 sapd| |ids-ap| AP(d8:c7:c8:27:68:30): Valid Client Not Using Encryption: An AP detected an unencrypted frame between a valid client (f4:09:d8:7b:23:32) and access point (BSSID d8:c7:c8:27:9d:a1), with source 00:0b:86:16:bd:00 and receiver f4:09:d8:7b:23:32. SNR value is 14.
<140>May 11 12:45:41 2015 10.192.32.4 sapd[677]: <127065> <WARN> |AP WLXXZX-2F-01@10.192.32.4 sapd| |ids-ap| AP(d8:c7:c8:26:b0:90): Valid Client Not Using Encryption: An AP detected an unencrypted frame between a valid client (f4:09:d8:7b:23:32) and access point (BSSID d8:c7:c8:27:9d:a1), with source f4:09:d8:7b:23:32 and receiver 00:0b:86:16:bd:00. SNR value is 13.
<140>May 11 12:46:40 2015 10.192.32.53 sapd[674]: <127065> <WARN> |AP WLXXZX-3F-01@10.192.32.53 sapd| |ids-ap| AP(6c:f3:7f:37:b4:80): Valid Client Not Using Encryption: An AP detected an unencrypted frame between a valid client (f4:09:d8:7b:23:32) and access point (BSSID 6c:f3:7f:37:b4:82), with source 00:0b:86:16:bd:00 and receiver f4:09:d8:7b:23:32. SNR value is 35.
<140>May 11 12:48:39 2015 10.192.32.64 sapd[674]: <127065> <WARN> |AP WLXXZX-3F-03@10.192.32.64 sapd| |ids-ap| AP(d8:c7:c8:27:9d:a0): Valid Client Not Using Encryption: An AP detected an unencrypted frame between a valid client (f4:09:d8:7b:23:32) and access point (BSSID 6c:f3:7f:37:b4:82), with source 00:0b:86:16:bd:00 and receiver f4:09:d8:7b:23:32. SNR value is 45.
<140>May 11 13:17:59 2015 10.192.32.53 sapd[674]: <127065> <WARN> |AP WLXXZX-3F-01@10.192.32.53 sapd| |ids-ap| AP(6c:f3:7f:37:b4:80): Valid Client Not Using Encryption: An AP detected an unencrypted frame between a valid client (f4:09:d8:7b:23:32) and access point (BSSID 6c:f3:7f:37:b4:82), with source 00:0b:86:16:bd:00 and receiver f4:09:d8:7b:23:32. SNR value is 35.
<142>May 11 10:08:48 2015 SJTU-Local5 mobileip[2025]: <500007> <INFO> <SJTU-Local5 10.190.5.1>  Station f4:09:d8:7b:23:32, : Mobility stale entry timeout, station state will be deleted
<142>May 11 10:08:48 2015 SJTU-Local5 authmgr[2009]: <522005> <INFO> <SJTU-Local5 10.190.5.1>  MAC=f4:09:d8:7b:23:32 IP=fe80::f609:d8ff:fe7b:2332 User entry deleted: reason=used deleted on FA
<142>May 11 10:08:48 2015 SJTU-Local5 authmgr[2009]: <522050> <INFO> <SJTU-Local5 10.190.5.1>  MAC=f4:09:d8:7b:23:32,IP=N/A User data downloaded to datapath, new Role=sjtu-user/71, bw Contract=0/0, reason=Station resetting role, idle-timeout=300
<142>May 11 10:08:53 2015 SJTU-Local5 mdns[2089]: <527004> <INFO> <SJTU-Local5 10.190.5.1>  mdns_parse_auth_useridle_message 197 Auth User Idle Timeout: MAC:f4:09:d8:7b:23:32, WIRED:0, FW:0, VLAN:1005, IP:fe80::f609:d8ff:fe7b:2332, BSSID:6c:f3:7f:5a:cc:70, AGE:148,
<141>May 11 10:08:56 2015 10.192.32.66 stm[986]: <501109> <NOTI> |AP D3ST-1F-01@10.192.32.66 stm|  Auth request: f4:09:d8:7b:23:32: AP 10.192.32.66-6c:f3:7f:5a:cc:70-D3ST-1F-01 auth_alg 0
<141>May 11 10:08:56 2015 10.192.32.66 stm[986]: <501093> <NOTI> |AP D3ST-1F-01@10.192.32.66 stm|  Auth success: f4:09:d8:7b:23:32: AP 10.192.32.66-6c:f3:7f:5a:cc:70-D3ST-1F-01
<141>May 11 10:08:56 2015 10.192.32.66 stm[986]: <501095> <NOTI> |AP D3ST-1F-01@10.192.32.66 stm|  Assoc request @ 10:08:56.886942: f4:09:d8:7b:23:32 (SN 154): AP 10.192.32.66-6c:f3:7f:5a:cc:70-D3ST-1F-01
<141>May 11 10:08:56 2015 SJTU-Local5 stm[2010]: <501095> <NOTI> <SJTU-Local5 10.190.5.1>  Assoc request @ 10:08:56.898773: f4:09:d8:7b:23:32 (SN 154): AP 10.192.32.66-6c:f3:7f:5a:cc:70-D3ST-1F-01
<141>May 11 10:08:56 2015 10.192.32.66 stm[986]: <501100> <NOTI> |AP D3ST-1F-01@10.192.32.66 stm|  Assoc success @ 10:08:56.887471: f4:09:d8:7b:23:32: AP 10.192.32.66-6c:f3:7f:5a:cc:70-D3ST-1F-01
<141>May 11 10:08:56 2015 SJTU-Local5 stm[2010]: <501100> <NOTI> <SJTU-Local5 10.190.5.1>  Assoc success @ 10:08:56.899894: f4:09:d8:7b:23:32: AP 10.192.32.66-6c:f3:7f:5a:cc:70-D3ST-1F-01
<142>May 11 10:08:56 2015 SJTU-Local5 authmgr[2245]: <522035> <INFO> <SJTU-Local5 10.190.5.1>  MAC=f4:09:d8:7b:23:32 Station UP: BSSID=6c:f3:7f:5a:cc:70 ESSID=SJTU VLAN=1005 AP-name=D3ST-1F-01
<142>May 11 10:08:56 2015 SJTU-Local5 mobileip[2376]: <500004> <INFO> <SJTU-Local5 10.190.5.1>  Station f4:09:d8:7b:23:32, : Created mobility state for new station
<142>May 11 10:08:56 2015 SJTU-Local5 authmgr[2245]: <522044> <INFO> <SJTU-Local5 10.190.5.1>  MAC=f4:09:d8:7b:23:32 Station authenticate(start): method=802.1x, role=sjtu-user/sjtu-user//sjtu-user, VLAN=1005/1005, Derivation=1/0, Value Pair=0, flags=0x8
<142>May 11 10:08:56 2015 SJTU-Local5 authmgr[2245]: <522049> <INFO> <SJTU-Local5 10.190.5.1>  MAC=f4:09:d8:7b:23:32,IP=N/A User role updated, existing Role=sjtu-user/none, new Role=sjtu-user/none, reason=Station Authenticated with auth type: 4
<142>May 11 10:08:56 2015 SJTU-Local5 authmgr[2245]: <522050> <INFO> <SJTU-Local5 10.190.5.1>  MAC=f4:09:d8:7b:23:32,IP=N/A User data downloaded to datapath, new Role=sjtu-user/71, bw Contract=0/0, reason=Download driven by user role setting, idle-timeout=300
<142>May 11 10:08:56 2015 SJTU-Local5 authmgr[2245]: <522029> <INFO> <SJTU-Local5 10.190.5.1>  MAC=f4:09:d8:7b:23:32 Station authenticate: method=802.1x, role=sjtu-user/sjtu-user//sjtu-user, VLAN=1005/1005, Derivation=1/1, Value Pair=0
<142>May 11 10:08:56 2015 SJTU-Local5 authmgr[2009]: <522050> <INFO> <SJTU-Local5 10.190.5.1>  MAC=f4:09:d8:7b:23:32,IP=N/A User data downloaded to datapath, new Role=sys_mip_role_16bf80_3923/94, bw Contract=0/0, reason=MM Intermove for user, idle-timeout=300
<142>May 11 10:16:36 2015 SJTU-Local3 mobileip[2028]: <500253> <INFO> <SJTU-Local3 10.190.3.1>  Binding: f4:09:d8:7b:23:32, : Previous: MIP_HA_INIT Current State: MIP_HA_INIT Previous COA: 0.0.0.0 Current COA: 10.190.5.1 HomeVlan: 1003 Current FA Vlan: 1005 event: New Binding Created at line 2820
<142>May 11 10:16:36 2015 SJTU-Local3 mobileip[2028]: <500253> <INFO> <SJTU-Local3 10.190.3.1>  Binding: f4:09:d8:7b:23:32, : Previous: MIP_HA_CREATE_REPLY Current State: MIP_HA_INIT Previous COA: 0.0.0.0 Current COA: 10.190.5.1 HomeVlan: 1003 Current FA Vlan: 1005 event: Binding Deleted at line 1817
<142>May 11 10:16:36 2015 SJTU-Local3 mobileip[2028]: <500253> <INFO> <SJTU-Local3 10.190.3.1>  Binding: f4:09:d8:7b:23:32, : Previous: MIP_HA_INIT Current State: MIP_HA_INIT Previous COA: 0.0.0.0 Current COA: 10.190.5.1 HomeVlan: 1003 Current FA Vlan: 1005 event: New Binding Created at line 2820
<142>May 11 10:16:36 2015 SJTU-Local3 authmgr[2011]: <522050> <INFO> <SJTU-Local3 10.190.3.1>  MAC=f4:09:d8:7b:23:32,IP=N/A User data downloaded to datapath, new Role=sys_mip_role_141d0_1618/97, bw Contract=0/0, reason=Mobility data received by AUTH at HA, idle-timeout=300
<141>May 11 10:16:36 2015 SJTU-Local3 mobileip[2028]: <500518> <NOTI> <SJTU-Local3 10.190.3.1>  Station f4:09:d8:7b:23:32 : Update Mobility Mcast-Group table, bssid 6c:f3:7f:5a:cc:70, home vlan:1003, Lkup Tunnel:0x0, Dest Tunnel:0x10652, action ADD
<141>May 11 10:08:56 2015 SJTU-Local5 mobileip[2025]: <500518> <NOTI> <SJTU-Local5 10.190.5.1>  Station f4:09:d8:7b:23:32 : Update Mobility Mcast-Group table, bssid 6c:f3:7f:5a:cc:70, home vlan:1003, Lkup Tunnel:0x10f53, Dest Tunnel:0x106eb, action ADD New visitor
<142>May 11 10:08:56 2015 SJTU-Local5 mobileip[2025]: <500157> <INFO> <SJTU-Local5 10.190.5.1>  Visitor: f4:09:d8:7b:23:32,  Previous: MIP_FA_CREATE_SIBYTE_BRIDGE Current State: MIP_FA_ACTIVE Proxy MN: 169.254.255.255 Home agent: 10.190.3.1 HomeVlan: 1003 Current Vlan: 1005 event: Active Visitor at line 2196
<141>May 11 10:16:36 2015 SJTU-Local3 mobileip[2028]: <500010> <NOTI> <SJTU-Local3 10.190.3.1>  Station f4:09:d8:7b:23:32, : Mobility trail, on switch 10.190.3.1, VLAN 1005, AP D3ST-1F-01, SJTU/6c:f3:7f:5a:cc:70/a
<142>May 11 10:16:36 2015 SJTU-Local3 mobileip[2028]: <500253> <INFO> <SJTU-Local3 10.190.3.1>  Binding: f4:09:d8:7b:23:32, : Previous: MIP_HA_CREATE_REPLY Current State: MIP_HA_ACTIVE Previous COA: 0.0.0.0 Current COA: 10.190.5.1 HomeVlan: 1003 Current FA Vlan: 1005 event: Active Binding at line 1141
<141>May 11 10:16:36 2015 SJTU-Local3 stm[2012]: <501106> <NOTI> <SJTU-Local3 10.190.3.1>  Deauth to sta: f4:09:d8:7b:23:32: Ageout AP 10.192.32.45-00:24:6c:59:b5:38-MH-X49-student-14#-OUT wifi_ageout_sta
<142>May 11 10:16:36 2015 SJTU-Local3 authmgr[2247]: <522036> <INFO> <SJTU-Local3 10.190.3.1>  MAC=f4:09:d8:7b:23:32 Station DN: BSSID=00:24:6c:59:b5:38 ESSID=SJTU VLAN=1003 AP-name=D3ST-1F-01
<141>May 11 10:16:36 2015 SJTU-Local3 stm[2012]: <501080> <NOTI> <SJTU-Local3 10.190.3.1>  Deauth to sta: f4:09:d8:7b:23:32: Ageout AP 10.192.32.45-00:24:6c:59:b5:38-MH-X49-student-14#-OUT Denied; Ageout / MFP-Try Later
<141>May 11 10:16:36 2015 10.192.32.45 stm[684]: <501105> <NOTI> |AP MH-X49-student-14#-OUT@10.192.32.45 stm|  Deauth from sta: f4:09:d8:7b:23:32: AP 10.192.32.45-00:24:6c:59:b5:38-MH-X49-student-14#-OUT Reason Denied; Ageout / MFP-Try Later
<142>May 11 10:08:57 2015 SJTU-Local5 authmgr[2009]: <522026> <INFO> <SJTU-Local5 10.190.5.1>  MAC=f4:09:d8:7b:23:32 IP=0.0.0.0 User miss: ingress=0x106eb, VLAN=1005 flags=0x48
<142>May 11 10:09:02 2015 SJTU-Local5 authmgr[2009]: <522026> <INFO> <SJTU-Local5 10.190.5.1>  MAC=f4:09:d8:7b:23:32 IP=0.0.0.0 User miss: ingress=0x106eb, VLAN=1005 flags=0x48
<142>May 11 10:09:02 2015 SJTU-Local5 authmgr[2009]: <522026> <INFO> <SJTU-Local5 10.190.5.1>  MAC=f4:09:d8:7b:23:32 IP=fe80::f609:d8ff:fe7b:2332 User miss: ingress=0x106eb, VLAN=1005 flags=0x40
<142>May 11 10:09:02 2015 SJTU-Local5 authmgr[2009]: <522006> <INFO> <SJTU-Local5 10.190.5.1>  MAC=f4:09:d8:7b:23:32 IP=fe80::f609:d8ff:fe7b:2332 User entry added: reason=Sibtye
<141>May 11 10:09:02 2015 SJTU-Local5 authmgr[2009]: <522008> <NOTI> <SJTU-Local5 10.190.5.1>  User Authentication Successful: username=chen_xm MAC=f4:09:d8:7b:23:32 IP=fe80::f609:d8ff:fe7b:2332 role=sys_mip_role_16bf80_3923 VLAN=1005 AP=D3ST-1F-01 SSID=SJTU AAA profile=sjtu-dot1x-aaa-profile auth method=802.1x auth server=sjtu-radius-new
<142>May 11 10:09:02 2015 SJTU-Local5 authmgr[2009]: <522050> <INFO> <SJTU-Local5 10.190.5.1>  MAC=f4:09:d8:7b:23:32,IP=fe80::f609:d8ff:fe7b:2332 User data downloaded to datapath, new Role=sys_mip_role_16bf80_3923/94, bw Contract=0/0, reason=New IP user created, idle-timeout=300
<142>May 11 10:09:05 2015 SJTU-Local5 mdns[2089]: <527004> <INFO> <SJTU-Local5 10.190.5.1>  mdns_parse_auth_useradd_message 250 Auth User ADD: MAC:f4:09:d8:7b:23:32, IP:fe80::f609:d8ff:fe7b:2332, VLAN:1005, Role:sjtu-user Name:chen_xm APName:D3ST-1F-01 Type:1
<142>May 11 10:09:10 2015 SJTU-Local5 authmgr[2009]: <522026> <INFO> <SJTU-Local5 10.190.5.1>  MAC=f4:09:d8:7b:23:32 IP=0.0.0.0 User miss: ingress=0x106eb, VLAN=1005 flags=0x48
<142>May 11 10:17:05 2015 SJTU-Local3 mobileip[2028]: <500253> <INFO> <SJTU-Local3 10.190.3.1>  Binding: f4:09:d8:7b:23:32, : Previous: MIP_HA_CREATE_REPLY Current State: MIP_HA_ACTIVE Previous COA: 10.190.5.1 Current COA: 10.190.5.1 HomeVlan: 1003 Current FA Vlan: 1005 event: Binding Updated from RRQ at line 2928
<142>May 11 10:17:05 2015 SJTU-Local3 mobileip[2028]: <500253> <INFO> <SJTU-Local3 10.190.3.1>  Binding: f4:09:d8:7b:23:32, : Previous: MIP_HA_UPDATE_REPLY Current State: MIP_HA_ACTIVE Previous COA: 10.190.5.1 Current COA: 10.190.5.1 HomeVlan: 1003 Current FA Vlan: 1005 event: Active Binding Updated at line 1438
<142>May 11 10:09:25 2015 SJTU-Local5 mobileip[2025]: <500157> <INFO> <SJTU-Local5 10.190.5.1>  Visitor: f4:09:d8:7b:23:32,  Previous: MIP_FA_FIND_UPDATES Current State: MIP_FA_ACTIVE Proxy MN: 169.254.255.255 Home agent: 10.190.3.1 HomeVlan: 1003 Current Vlan: 1005 event: Active Visitor Updated at line 2413
<141>May 11 10:09:49 2015 10.192.32.117 stm[989]: <501109> <NOTI> |AP D3ST-1F-04@10.192.32.117 stm|  Auth request: f4:09:d8:7b:23:32: AP 10.192.32.117-6c:f3:7f:57:39:f0-D3ST-1F-04 auth_alg 0
<141>May 11 10:09:49 2015 10.192.32.117 stm[989]: <501093> <NOTI> |AP D3ST-1F-04@10.192.32.117 stm|  Auth success: f4:09:d8:7b:23:32: AP 10.192.32.117-6c:f3:7f:57:39:f0-D3ST-1F-04
<141>May 11 10:09:49 2015 10.192.32.117 stm[989]: <501095> <NOTI> |AP D3ST-1F-04@10.192.32.117 stm|  Assoc request @ 10:09:49.538152: f4:09:d8:7b:23:32 (SN 483): AP 10.192.32.117-6c:f3:7f:57:39:f0-D3ST-1F-04
<141>May 11 10:09:49 2015 10.192.32.117 stm[989]: <501100> <NOTI> |AP D3ST-1F-04@10.192.32.117 stm|  Assoc success @ 10:09:49.538760: f4:09:d8:7b:23:32: AP 10.192.32.117-6c:f3:7f:57:39:f0-D3ST-1F-04
<141>May 11 10:09:49 2015 SJTU-Local5 stm[2010]: <501095> <NOTI> <SJTU-Local5 10.190.5.1>  Assoc request @ 10:09:49.548716: f4:09:d8:7b:23:32 (SN 483): AP 10.192.32.117-6c:f3:7f:57:39:f0-D3ST-1F-04
<142>May 11 10:09:49 2015 SJTU-Local5 authmgr[2245]: <522036> <INFO> <SJTU-Local5 10.190.5.1>  MAC=f4:09:d8:7b:23:32 Station DN: BSSID=6c:f3:7f:5a:cc:70 ESSID=SJTU VLAN=1005 AP-name=D3ST-1F-01
<142>May 11 10:09:49 2015 SJTU-Local5 mobileip[2376]: <500157> <INFO> <SJTU-Local5 10.190.5.1>  Visitor: f4:09:d8:7b:23:32,  Previous: MIP_FA_FIND_UPDATES Current State: MIP_FA_ACTIVE Proxy MN: 169.254.255.255 Home agent: 10.190.3.1 HomeVlan: 1003 Current Vlan: 1005 event: Visitor Go Stale at line 3100
<141>May 11 10:09:49 2015 SJTU-Local5 stm[2010]: <501080> <NOTI> <SJTU-Local5 10.190.5.1>  Deauth to sta: f4:09:d8:7b:23:32: Ageout AP 10.192.32.66-6c:f3:7f:5a:cc:70-D3ST-1F-01 STA has roamed to another AP
<141>May 11 10:09:49 2015 SJTU-Local5 stm[2010]: <501100> <NOTI> <SJTU-Local5 10.190.5.1>  Assoc success @ 10:09:49.552276: f4:09:d8:7b:23:32: AP 10.192.32.117-6c:f3:7f:57:39:f0-D3ST-1F-04
<142>May 11 10:09:49 2015 SJTU-Local5 authmgr[2245]: <522035> <INFO> <SJTU-Local5 10.190.5.1>  MAC=f4:09:d8:7b:23:32 Station UP: BSSID=6c:f3:7f:57:39:f0 ESSID=SJTU VLAN=1005 AP-name=D3ST-1F-04
<142>May 11 10:09:49 2015 SJTU-Local5 mobileip[2376]: <500992> <INFO> <SJTU-Local5 10.190.5.1>  Station f4:09:d8:7b:23:32: Assoc event triggered; Current State MIP_PROXY_ACTIVE, Previous State MIP_PROXY_FIND_HOME_AGENT, HA discovery triggered 0 event RECEIVE_ASSOCIATION at line 3596
<142>May 11 10:09:49 2015 SJTU-Local5 mobileip[2376]: <500157> <INFO> <SJTU-Local5 10.190.5.1>  Visitor: f4:09:d8:7b:23:32,  Previous: MIP_FA_FIND_UPDATES Current State: MIP_FA_ACTIVE Proxy MN: 169.254.255.255 Home agent: 10.190.3.1 HomeVlan: 1003 Current Vlan: 1005 event: Visitor Stop Stale at line 3121
<141>May 11 10:09:49 2015 10.192.32.66 stm[986]: <501105> <NOTI> |AP D3ST-1F-01@10.192.32.66 stm|  Deauth from sta: f4:09:d8:7b:23:32: AP 10.192.32.66-6c:f3:7f:5a:cc:70-D3ST-1F-01 Reason STA has roamed to another AP
<142>May 11 10:09:49 2015 SJTU-Local5 authmgr[2245]: <522044> <INFO> <SJTU-Local5 10.190.5.1>  MAC=f4:09:d8:7b:23:32 Station authenticate(start): method=802.1x, role=sys_mip_role_16bf80_3923/sjtu-user//sjtu-user, VLAN=1005/1005, Derivation=1/1, Value Pair=0, flags=0x8
<142>May 11 10:09:49 2015 SJTU-Local5 authmgr[2245]: <522049> <INFO> <SJTU-Local5 10.190.5.1>  MAC=f4:09:d8:7b:23:32,IP=N/A User role updated, existing Role=sjtu-user/sys_mip_role_16bf80_3923, new Role=sjtu-user/sys_mip_role_16bf80_3923, reason=Station Authenticated with auth type: 4
<142>May 11 10:09:49 2015 SJTU-Local5 authmgr[2245]: <522029> <INFO> <SJTU-Local5 10.190.5.1>  MAC=f4:09:d8:7b:23:32 Station authenticate: method=802.1x, role=sys_mip_role_16bf80_3923/sjtu-user//sjtu-user, VLAN=1005/1005, Derivation=1/1, Value Pair=0
<141>May 11 10:09:49 2015 SJTU-Local5 authmgr[2245]: <522008> <NOTI> <SJTU-Local5 10.190.5.1>  User Authentication Successful: username=chen_xm MAC=f4:09:d8:7b:23:32 IP=fe80::f609:d8ff:fe7b:2332 role=sys_mip_role_16bf80_3923 VLAN=1005 AP=D3ST-1F-04 SSID=SJTU AAA profile=sjtu-dot1x-aaa-profile auth method=802.1x auth server=sjtu-radius-new
<142>May 11 10:17:29 2015 SJTU-Local3 mobileip[2028]: <500253> <INFO> <SJTU-Local3 10.190.3.1>  Binding: f4:09:d8:7b:23:32, : Previous: MIP_HA_UPDATE_REPLY Current State: MIP_HA_ACTIVE Previous COA: 10.190.5.1 Current COA: 10.190.5.1 HomeVlan: 1003 Current FA Vlan: 1005 event: Binding Updated from RRQ at line 2928
<142>May 11 10:17:29 2015 SJTU-Local3 authmgr[2011]: <522106> <INFO> <SJTU-Local3 10.190.3.1>  MAC=f4:09:d8:7b:23:32 IP=169.254.255.255 MOBILITY AUTH UPDATE: no mac user found
<141>May 11 10:17:29 2015 SJTU-Local3 mobileip[2028]: <500010> <NOTI> <SJTU-Local3 10.190.3.1>  Station f4:09:d8:7b:23:32, : Mobility trail, on switch 10.190.3.1, VLAN 1005, AP D3ST-1F-04, SJTU/6c:f3:7f:57:39:f0/a
<142>May 11 10:17:29 2015 SJTU-Local3 mobileip[2028]: <500253> <INFO> <SJTU-Local3 10.190.3.1>  Binding: f4:09:d8:7b:23:32, : Previous: MIP_HA_UPDATE_REPLY Current State: MIP_HA_ACTIVE Previous COA: 10.190.5.1 Current COA: 10.190.5.1 HomeVlan: 1003 Current FA Vlan: 1005 event: Binding Update Failure at line 1546
<142>May 11 10:09:49 2015 SJTU-Local5 mobileip[2025]: <500157> <INFO> <SJTU-Local5 10.190.5.1>  Visitor: f4:09:d8:7b:23:32,  Previous: MIP_FA_DELETE_SIBYTE_BRIDGE Current State: MIP_FA_DELETE_AAA Proxy MN: 169.254.255.255 Home agent: 10.190.3.1 HomeVlan: 1003 Current Vlan: 1005 event: FA Post User Delete at line 3065
<142>May 11 10:09:49 2015 SJTU-Local5 authmgr[2009]: <522005> <INFO> <SJTU-Local5 10.190.5.1>  MAC=f4:09:d8:7b:23:32 IP=fe80::f609:d8ff:fe7b:2332 User entry deleted: reason=used moved
<142>May 11 10:09:49 2015 SJTU-Local5 authmgr[2009]: <522050> <INFO> <SJTU-Local5 10.190.5.1>  MAC=f4:09:d8:7b:23:32,IP=N/A User data downloaded to datapath, new Role=sys_mip_role_16bf80_3923/94, bw Contract=0/0, reason=Station resetting role, idle-timeout=300
<141>May 11 10:09:49 2015 SJTU-Local5 mobileip[2025]: <500518> <NOTI> <SJTU-Local5 10.190.5.1>  Station f4:09:d8:7b:23:32 : Update Mobility Mcast-Group table, bssid 6c:f3:7f:57:39:f0, home vlan:1003, Lkup Tunnel:0x10f53, Dest Tunnel:0x10506, action DEL (delete visitor)
<142>May 11 10:09:49 2015 SJTU-Local5 mobileip[2025]: <500157> <INFO> <SJTU-Local5 10.190.5.1>  Visitor: f4:09:d8:7b:23:32,  Previous: MIP_FA_VERIFY_STATE Current State: MIP_FA_INIT Proxy MN: 169.254.255.255 Home agent: 10.190.3.1 HomeVlan: 1003 Current Vlan: 1005 event: Visitor Deleted at line 2554
<141>May 11 10:09:49 2015 SJTU-Local5 stm[2010]: <501106> <NOTI> <SJTU-Local5 10.190.5.1>  Deauth to sta: f4:09:d8:7b:23:32: Ageout AP 10.192.32.117-6c:f3:7f:57:39:f0-D3ST-1F-04 wifi_ageout_sta
<141>May 11 10:09:49 2015 SJTU-Local5 stm[2010]: <501080> <NOTI> <SJTU-Local5 10.190.5.1>  Deauth to sta: f4:09:d8:7b:23:32: Ageout AP 10.192.32.117-6c:f3:7f:57:39:f0-D3ST-1F-04 Denied; Ageout / MFP-Try Later
<142>May 11 10:09:49 2015 SJTU-Local5 authmgr[2245]: <522036> <INFO> <SJTU-Local5 10.190.5.1>  MAC=f4:09:d8:7b:23:32 Station DN: BSSID=6c:f3:7f:57:39:f0 ESSID=SJTU VLAN=1005 AP-name=D3ST-1F-04
<141>May 11 10:09:49 2015 10.192.32.117 stm[989]: <501105> <NOTI> |AP D3ST-1F-04@10.192.32.117 stm|  Deauth from sta: f4:09:d8:7b:23:32: AP 10.192.32.117-6c:f3:7f:57:39:f0-D3ST-1F-04 Reason Denied; Ageout / MFP-Try Later
<141>May 11 10:09:52 2015 10.192.32.117 stm[989]: <501109> <NOTI> |AP D3ST-1F-04@10.192.32.117 stm|  Auth request: f4:09:d8:7b:23:32: AP 10.192.32.117-6c:f3:7f:57:39:e1-D3ST-1F-04 auth_alg 0
<141>May 11 10:09:52 2015 10.192.32.117 stm[989]: <501093> <NOTI> |AP D3ST-1F-04@10.192.32.117 stm|  Auth success: f4:09:d8:7b:23:32: AP 10.192.32.117-6c:f3:7f:57:39:e1-D3ST-1F-04
<141>May 11 10:09:52 2015 10.192.32.117 stm[989]: <501095> <NOTI> |AP D3ST-1F-04@10.192.32.117 stm|  Assoc request @ 10:09:52.013647: f4:09:d8:7b:23:32 (SN 579): AP 10.192.32.117-6c:f3:7f:57:39:e1-D3ST-1F-04
<141>May 11 10:09:52 2015 10.192.32.117 stm[989]: <501100> <NOTI> |AP D3ST-1F-04@10.192.32.117 stm|  Assoc success @ 10:09:52.014177: f4:09:d8:7b:23:32: AP 10.192.32.117-6c:f3:7f:57:39:e1-D3ST-1F-04
<142>May 11 10:09:52 2015 SJTU-Local5 wms[1937]: <316251> <INFO> <SJTU-Local5 10.190.5.1>  Sending New-STA Message for Client: MAC=f4:09:d8:7b:23:32 BSSID=6c:f3:7f:57:39:e1 Phy-type=2 Rsta-type=interfering
<141>May 11 10:09:52 2015 SJTU-Local5 stm[2010]: <501095> <NOTI> <SJTU-Local5 10.190.5.1>  Assoc request @ 10:09:52.147612: f4:09:d8:7b:23:32 (SN 579): AP 10.192.32.117-6c:f3:7f:57:39:e1-D3ST-1F-04
<141>May 11 10:09:52 2015 SJTU-Local5 stm[2010]: <501100> <NOTI> <SJTU-Local5 10.190.5.1>  Assoc success @ 10:09:52.148550: f4:09:d8:7b:23:32: AP 10.192.32.117-6c:f3:7f:57:39:e1-D3ST-1F-04
<142>May 11 10:09:52 2015 SJTU-Local5 mobileip[2376]: <500004> <INFO> <SJTU-Local5 10.190.5.1>  Station f4:09:d8:7b:23:32, : Created mobility state for new station
<142>May 11 10:09:52 2015 SJTU-Local5 authmgr[2245]: <522035> <INFO> <SJTU-Local5 10.190.5.1>  MAC=f4:09:d8:7b:23:32 Station UP: BSSID=6c:f3:7f:57:39:e1 ESSID=SJTU VLAN=1005 AP-name=D3ST-1F-04
<142>May 11 10:09:52 2015 SJTU-Local5 authmgr[2245]: <522044> <INFO> <SJTU-Local5 10.190.5.1>  MAC=f4:09:d8:7b:23:32 Station authenticate(start): method=802.1x, role=sjtu-user/sjtu-user//sjtu-user, VLAN=1005/1005, Derivation=1/0, Value Pair=0, flags=0x8
<142>May 11 10:09:52 2015 SJTU-Local5 authmgr[2245]: <522049> <INFO> <SJTU-Local5 10.190.5.1>  MAC=f4:09:d8:7b:23:32,IP=N/A User role updated, existing Role=sjtu-user/none, new Role=sjtu-user/none, reason=Station Authenticated with auth type: 4
<142>May 11 10:09:52 2015 SJTU-Local5 authmgr[2245]: <522050> <INFO> <SJTU-Local5 10.190.5.1>  MAC=f4:09:d8:7b:23:32,IP=N/A User data downloaded to datapath, new Role=sjtu-user/71, bw Contract=0/0, reason=Download driven by user role setting, idle-timeout=300
<142>May 11 10:09:52 2015 SJTU-Local5 authmgr[2245]: <522029> <INFO> <SJTU-Local5 10.190.5.1>  MAC=f4:09:d8:7b:23:32 Station authenticate: method=802.1x, role=sjtu-user/sjtu-user//sjtu-user, VLAN=1005/1005, Derivation=1/1, Value Pair=0
<142>May 11 10:09:52 2015 SJTU-Local5 mobileip[2025]: <500157> <INFO> <SJTU-Local5 10.190.5.1>  Visitor: f4:09:d8:7b:23:32,  Previous: MIP_FA_PENDING_WAIT_DISCOVERY Current State: MIP_FA_INIT Proxy MN: 169.254.255.255 Home agent: 0.0.0.0 HomeVlan: 0 Current Vlan: 1005 event: Visitor Deleted at line 2554
<142>May 11 10:09:52 2015 SJTU-Local5 mobileip[2025]: <500073> <INFO> <SJTU-Local5 10.190.5.1>  Station f4:09:d8:7b:23:32, : HA discovery did not find a remote session: THIS will be the home switch
<142>May 11 10:09:52 2015 SJTU-Local5 authmgr[2009]: <522050> <INFO> <SJTU-Local5 10.190.5.1>  MAC=f4:09:d8:7b:23:32,IP=N/A User data downloaded to datapath, new Role=(null)/0, bw Contract=0/0, reason=Intra MM move for user, idle-timeout=300
<141>May 11 10:09:52 2015 SJTU-Local5 mobileip[2025]: <500010> <NOTI> <SJTU-Local5 10.190.5.1>  Station f4:09:d8:7b:23:32, : Mobility trail, on switch 10.190.5.1, VLAN 1005, AP D3ST-1F-04, SJTU/6c:f3:7f:57:39:e1/g
<142>May 11 10:09:56 2015 SJTU-Local5 mdns[2089]: <527004> <INFO> <SJTU-Local5 10.190.5.1>  mdns_parse_auth_useridle_message 197 Auth User Idle Timeout: MAC:f4:09:d8:7b:23:32, WIRED:0, FW:0, VLAN:1005, IP:fe80::f609:d8ff:fe7b:2332, BSSID:6c:f3:7f:57:39:f0, AGE:54,
<141>May 11 10:09:57 2015 10.192.32.116 stm[989]: <501109> <NOTI> |AP D3ST-1F-03@10.192.32.116 stm|  Auth request: f4:09:d8:7b:23:32: AP 10.192.32.116-6c:f3:7f:57:3a:a1-D3ST-1F-03 auth_alg 0
<141>May 11 10:09:57 2015 10.192.32.116 stm[989]: <501093> <NOTI> |AP D3ST-1F-03@10.192.32.116 stm|  Auth success: f4:09:d8:7b:23:32: AP 10.192.32.116-6c:f3:7f:57:3a:a1-D3ST-1F-03
<141>May 11 10:09:57 2015 10.192.32.116 stm[989]: <501095> <NOTI> |AP D3ST-1F-03@10.192.32.116 stm|  Assoc request @ 10:09:57.239181: f4:09:d8:7b:23:32 (SN 703): AP 10.192.32.116-6c:f3:7f:57:3a:a1-D3ST-1F-03
<141>May 11 10:09:57 2015 10.192.32.116 stm[989]: <501100> <NOTI> |AP D3ST-1F-03@10.192.32.116 stm|  Assoc success @ 10:09:57.239705: f4:09:d8:7b:23:32: AP 10.192.32.116-6c:f3:7f:57:3a:a1-D3ST-1F-03
<141>May 11 10:09:57 2015 SJTU-Local5 stm[2010]: <501095> <NOTI> <SJTU-Local5 10.190.5.1>  Assoc request @ 10:09:57.251613: f4:09:d8:7b:23:32 (SN 703): AP 10.192.32.116-6c:f3:7f:57:3a:a1-D3ST-1F-03
<142>May 11 10:09:57 2015 SJTU-Local5 authmgr[2245]: <522036> <INFO> <SJTU-Local5 10.190.5.1>  MAC=f4:09:d8:7b:23:32 Station DN: BSSID=6c:f3:7f:57:39:e1 ESSID=SJTU VLAN=1005 AP-name=D3ST-1F-04
<141>May 11 10:09:57 2015 SJTU-Local5 stm[2010]: <501080> <NOTI> <SJTU-Local5 10.190.5.1>  Deauth to sta: f4:09:d8:7b:23:32: Ageout AP 10.192.32.117-6c:f3:7f:57:39:e1-D3ST-1F-04 STA has roamed to another AP
<141>May 11 10:09:57 2015 10.192.32.117 stm[989]: <501105> <NOTI> |AP D3ST-1F-04@10.192.32.117 stm|  Deauth from sta: f4:09:d8:7b:23:32: AP 10.192.32.117-6c:f3:7f:57:39:e1-D3ST-1F-04 Reason STA has roamed to another AP
<141>May 11 10:09:57 2015 SJTU-Local5 stm[2010]: <501100> <NOTI> <SJTU-Local5 10.190.5.1>  Assoc success @ 10:09:57.255920: f4:09:d8:7b:23:32: AP 10.192.32.116-6c:f3:7f:57:3a:a1-D3ST-1F-03
<142>May 11 10:09:57 2015 SJTU-Local5 mobileip[2376]: <500992> <INFO> <SJTU-Local5 10.190.5.1>  Station f4:09:d8:7b:23:32: Assoc event triggered; Current State MIP_PROXY_STALE, Previous State MIP_PROXY_ACTIVE, HA discovery triggered 0 event RECEIVE_REASSOCIATION at line 3625
<142>May 11 10:09:57 2015 SJTU-Local5 authmgr[2245]: <522035> <INFO> <SJTU-Local5 10.190.5.1>  MAC=f4:09:d8:7b:23:32 Station UP: BSSID=6c:f3:7f:57:3a:a1 ESSID=SJTU VLAN=1005 AP-name=D3ST-1F-03
<142>May 11 10:09:57 2015 SJTU-Local5 authmgr[2245]: <522044> <INFO> <SJTU-Local5 10.190.5.1>  MAC=f4:09:d8:7b:23:32 Station authenticate(start): method=802.1x, role=sjtu-user/sjtu-user//sjtu-user, VLAN=1005/1005, Derivation=1/0, Value Pair=0, flags=0x8
<142>May 11 10:09:57 2015 SJTU-Local5 authmgr[2245]: <522049> <INFO> <SJTU-Local5 10.190.5.1>  MAC=f4:09:d8:7b:23:32,IP=N/A User role updated, existing Role=sjtu-user/none, new Role=sjtu-user/none, reason=Station Authenticated with auth type: 4
<142>May 11 10:09:57 2015 SJTU-Local5 authmgr[2245]: <522050> <INFO> <SJTU-Local5 10.190.5.1>  MAC=f4:09:d8:7b:23:32,IP=N/A User data downloaded to datapath, new Role=sjtu-user/71, bw Contract=0/0, reason=Download driven by user role setting, idle-timeout=300
<142>May 11 10:09:57 2015 SJTU-Local5 authmgr[2245]: <522029> <INFO> <SJTU-Local5 10.190.5.1>  MAC=f4:09:d8:7b:23:32 Station authenticate: method=802.1x, role=sjtu-user/sjtu-user//sjtu-user, VLAN=1005/1005, Derivation=1/1, Value Pair=0
<142>May 11 10:09:57 2015 SJTU-Local5 authmgr[2009]: <522050> <INFO> <SJTU-Local5 10.190.5.1>  MAC=f4:09:d8:7b:23:32,IP=N/A User data downloaded to datapath, new Role=(null)/0, bw Contract=0/0, reason=Intra MM move for user, idle-timeout=300
<141>May 11 10:09:57 2015 SJTU-Local5 mobileip[2025]: <500010> <NOTI> <SJTU-Local5 10.190.5.1>  Station f4:09:d8:7b:23:32, : Mobility trail, on switch 10.190.5.1, VLAN 1005, AP D3ST-1F-03, SJTU/6c:f3:7f:57:3a:a1/g
<142>May 11 10:10:01 2015 SJTU-Local5 authmgr[2009]: <132086> <INFO> <SJTU-Local5 10.190.5.1>  WPA 2 Key exchange failed to complete, de-authenticating the station f4:09:d8:7b:23:32 associated with AP 6c:f3:7f:57:3a:a1 D3ST-1F-03
<141>May 11 10:10:01 2015 SJTU-Local5 stm[2299]: <501106> <NOTI> <SJTU-Local5 10.190.5.1>  Deauth to sta: f4:09:d8:7b:23:32: Ageout AP 10.192.32.116-6c:f3:7f:57:3a:a1-D3ST-1F-03 wifi_deauth_sta
<142>May 11 10:10:01 2015 SJTU-Local5 authmgr[2245]: <522036> <INFO> <SJTU-Local5 10.190.5.1>  MAC=f4:09:d8:7b:23:32 Station DN: BSSID=6c:f3:7f:57:3a:a1 ESSID=SJTU VLAN=1005 AP-name=D3ST-1F-03
<141>May 11 10:10:01 2015 SJTU-Local5 stm[2299]: <501080> <NOTI> <SJTU-Local5 10.190.5.1>  Deauth to sta: f4:09:d8:7b:23:32: Ageout AP 10.192.32.116-6c:f3:7f:57:3a:a1-D3ST-1F-03 Ptk Challenge Failed
<141>May 11 10:10:01 2015 10.192.32.116 stm[989]: <501105> <NOTI> |AP D3ST-1F-03@10.192.32.116 stm|  Deauth from sta: f4:09:d8:7b:23:32: AP 10.192.32.116-6c:f3:7f:57:3a:a1-D3ST-1F-03 Reason Ptk Challenge Failed
<141>May 11 10:10:02 2015 10.192.32.92 stm[989]: <501109> <NOTI> |AP D3ST-1F-02@10.192.32.92 stm|  Auth request: f4:09:d8:7b:23:32: AP 10.192.32.92-6c:f3:7f:5a:ca:30-D3ST-1F-02 auth_alg 0
<141>May 11 10:10:02 2015 10.192.32.92 stm[989]: <501093> <NOTI> |AP D3ST-1F-02@10.192.32.92 stm|  Auth success: f4:09:d8:7b:23:32: AP 10.192.32.92-6c:f3:7f:5a:ca:30-D3ST-1F-02
<141>May 11 10:10:03 2015 10.192.32.84 stm[989]: <501109> <NOTI> |AP D3ST-2F-02@10.192.32.84 stm|  Auth request: f4:09:d8:7b:23:32: AP 10.192.32.84-6c:f3:7f:57:31:f0-D3ST-2F-02 auth_alg 0
<141>May 11 10:10:03 2015 10.192.32.84 stm[989]: <501093> <NOTI> |AP D3ST-2F-02@10.192.32.84 stm|  Auth success: f4:09:d8:7b:23:32: AP 10.192.32.84-6c:f3:7f:57:31:f0-D3ST-2F-02
<141>May 11 10:10:03 2015 10.192.32.84 stm[989]: <501095> <NOTI> |AP D3ST-2F-02@10.192.32.84 stm|  Assoc request @ 10:10:03.349321: f4:09:d8:7b:23:32 (SN 782): AP 10.192.32.84-6c:f3:7f:57:31:f0-D3ST-2F-02
<141>May 11 10:10:03 2015 10.192.32.84 stm[989]: <501100> <NOTI> |AP D3ST-2F-02@10.192.32.84 stm|  Assoc success @ 10:10:03.349897: f4:09:d8:7b:23:32: AP 10.192.32.84-6c:f3:7f:57:31:f0-D3ST-2F-02
<141>May 11 10:10:03 2015 SJTU-Local5 stm[2010]: <501095> <NOTI> <SJTU-Local5 10.190.5.1>  Assoc request @ 10:10:03.357083: f4:09:d8:7b:23:32 (SN 782): AP 10.192.32.84-6c:f3:7f:57:31:f0-D3ST-2F-02
<141>May 11 10:10:03 2015 SJTU-Local5 stm[2010]: <501100> <NOTI> <SJTU-Local5 10.190.5.1>  Assoc success @ 10:10:03.358934: f4:09:d8:7b:23:32: AP 10.192.32.84-6c:f3:7f:57:31:f0-D3ST-2F-02
<142>May 11 10:10:03 2015 SJTU-Local5 authmgr[2245]: <522035> <INFO> <SJTU-Local5 10.190.5.1>  MAC=f4:09:d8:7b:23:32 Station UP: BSSID=6c:f3:7f:57:31:f0 ESSID=SJTU VLAN=1005 AP-name=D3ST-2F-02
<142>May 11 10:10:03 2015 SJTU-Local5 mobileip[2376]: <500992> <INFO> <SJTU-Local5 10.190.5.1>  Station f4:09:d8:7b:23:32: Assoc event triggered; Current State MIP_PROXY_STALE, Previous State MIP_PROXY_ACTIVE, HA discovery triggered 0 event RECEIVE_REASSOCIATION at line 3625
<142>May 11 10:10:03 2015 SJTU-Local5 authmgr[2245]: <522044> <INFO> <SJTU-Local5 10.190.5.1>  MAC=f4:09:d8:7b:23:32 Station authenticate(start): method=802.1x, role=sjtu-user/sjtu-user//sjtu-user, VLAN=1005/1005, Derivation=1/0, Value Pair=0, flags=0x8
<142>May 11 10:10:03 2015 SJTU-Local5 authmgr[2245]: <522049> <INFO> <SJTU-Local5 10.190.5.1>  MAC=f4:09:d8:7b:23:32,IP=N/A User role updated, existing Role=sjtu-user/none, new Role=sjtu-user/none, reason=Station Authenticated with auth type: 4
<142>May 11 10:10:03 2015 SJTU-Local5 authmgr[2245]: <522050> <INFO> <SJTU-Local5 10.190.5.1>  MAC=f4:09:d8:7b:23:32,IP=N/A User data downloaded to datapath, new Role=sjtu-user/71, bw Contract=0/0, reason=Download driven by user role setting, idle-timeout=300
<142>May 11 10:10:03 2015 SJTU-Local5 authmgr[2245]: <522029> <INFO> <SJTU-Local5 10.190.5.1>  MAC=f4:09:d8:7b:23:32 Station authenticate: method=802.1x, role=sjtu-user/sjtu-user//sjtu-user, VLAN=1005/1005, Derivation=1/1, Value Pair=0
<142>May 11 10:10:03 2015 SJTU-Local5 authmgr[2009]: <522050> <INFO> <SJTU-Local5 10.190.5.1>  MAC=f4:09:d8:7b:23:32,IP=N/A User data downloaded to datapath, new Role=(null)/0, bw Contract=0/0, reason=Intra MM move for user, idle-timeout=300
<141>May 11 10:10:03 2015 SJTU-Local5 mobileip[2025]: <500010> <NOTI> <SJTU-Local5 10.190.5.1>  Station f4:09:d8:7b:23:32, : Mobility trail, on switch 10.190.5.1, VLAN 1005, AP D3ST-2F-02, SJTU/6c:f3:7f:57:31:f0/a
<142>May 11 10:10:04 2015 SJTU-Local5 authmgr[2009]: <522026> <INFO> <SJTU-Local5 10.190.5.1>  MAC=f4:09:d8:7b:23:32 IP=fe80::f609:d8ff:fe7b:2332 User miss: ingress=0x10fdd, VLAN=1005 flags=0x40
<142>May 11 10:10:04 2015 SJTU-Local5 authmgr[2009]: <522049> <INFO> <SJTU-Local5 10.190.5.1>  MAC=f4:09:d8:7b:23:32,IP=0.0.0.0 User role updated, existing Role=sjtu-user/none, new Role=sjtu-user/sjtu-user, reason=First IP user created
<142>May 11 10:10:04 2015 SJTU-Local5 authmgr[2009]: <522006> <INFO> <SJTU-Local5 10.190.5.1>  MAC=f4:09:d8:7b:23:32 IP=fe80::f609:d8ff:fe7b:2332 User entry added: reason=Sibtye
<141>May 11 10:10:04 2015 SJTU-Local5 authmgr[2009]: <522008> <NOTI> <SJTU-Local5 10.190.5.1>  User Authentication Successful: username=chen_xm MAC=f4:09:d8:7b:23:32 IP=fe80::f609:d8ff:fe7b:2332 role=sjtu-user VLAN=1005 AP=D3ST-2F-02 SSID=SJTU AAA profile=sjtu-dot1x-aaa-profile auth method=802.1x auth server=sjtu-radius-new
<142>May 11 10:10:04 2015 SJTU-Local5 authmgr[2009]: <522050> <INFO> <SJTU-Local5 10.190.5.1>  MAC=f4:09:d8:7b:23:32,IP=fe80::f609:d8ff:fe7b:2332 User data downloaded to datapath, new Role=sjtu-user/71, bw Contract=0/0, reason=New IP user created, idle-timeout=300
<142>May 11 10:10:05 2015 SJTU-Local5 authmgr[2009]: <522026> <INFO> <SJTU-Local5 10.190.5.1>  MAC=f4:09:d8:7b:23:32 IP=0.0.0.0 User miss: ingress=0x10fdd, VLAN=1005 flags=0x48
<142>May 11 10:17:48 2015 SJTU-Local3 mobileip[2028]: <500253> <INFO> <SJTU-Local3 10.190.3.1>  Binding: f4:09:d8:7b:23:32, : Previous: MIP_HA_ACTIVE Current State: MIP_HA_DELETE_REVOKE Previous COA: 10.190.5.1 Current COA: 10.190.5.1 HomeVlan: 1003 Current FA Vlan: 1005 event: HA revoking registration at line 2051
<142>May 11 10:17:49 2015 SJTU-Local3 mobileip[2028]: <500253> <INFO> <SJTU-Local3 10.190.3.1>  Binding: f4:09:d8:7b:23:32, : Previous: MIP_HA_DELETE_REVOKE Current State: MIP_HA_DELETE_REVOKE Previous COA: 10.190.5.1 Current COA: 10.190.5.1 HomeVlan: 1003 Current FA Vlan: 1005 event: HA revoking registration at line 2051
<142>May 11 10:17:50 2015 SJTU-Local3 mobileip[2028]: <500253> <INFO> <SJTU-Local3 10.190.3.1>  Binding: f4:09:d8:7b:23:32, : Previous: MIP_HA_DELETE_REVOKE Current State: MIP_HA_DELETE_REVOKE Previous COA: 10.190.5.1 Current COA: 10.190.5.1 HomeVlan: 1003 Current FA Vlan: 1005 event: HA revoking registration at line 2051
<142>May 11 10:10:10 2015 SJTU-Local5 mdns[2089]: <527004> <INFO> <SJTU-Local5 10.190.5.1>  mdns_parse_auth_useradd_message 250 Auth User ADD: MAC:f4:09:d8:7b:23:32, IP:fe80::f609:d8ff:fe7b:2332, VLAN:1005, Role:sjtu-user Name:chen_xm APName:D3ST-2F-02 Type:1
<142>May 11 10:17:51 2015 SJTU-Local3 mobileip[2028]: <500253> <INFO> <SJTU-Local3 10.190.3.1>  Binding: f4:09:d8:7b:23:32, : Previous: MIP_HA_DELETE_REVOKE Current State: MIP_HA_DELETE_REVOKE Previous COA: 10.190.5.1 Current COA: 10.190.5.1 HomeVlan: 1003 Current FA Vlan: 1005 event: HA revoking registration at line 2051
<141>May 11 10:17:52 2015 SJTU-Local3 mobileip[2028]: <500518> <NOTI> <SJTU-Local3 10.190.3.1>  Station f4:09:d8:7b:23:32 : Update Mobility Mcast-Group table, bssid 6c:f3:7f:57:39:f0, home vlan:1003, Lkup Tunnel:0x0, Dest Tunnel:0x10652, action DEL
<142>May 11 10:17:52 2015 SJTU-Local3 mobileip[2028]: <500253> <INFO> <SJTU-Local3 10.190.3.1>  Binding: f4:09:d8:7b:23:32, : Previous: MIP_HA_DELETE_REPLY Current State: MIP_HA_INIT Previous COA: 10.190.5.1 Current COA: 10.190.5.1 HomeVlan: 1003 Current FA Vlan: 1005 event: Binding Deleted at line 1817
